D Language File
  DLanguageDeclDefsImpl(DECL_DEFS)
    DLanguageDeclDefImpl(DECL_DEF)
      DLanguageDeclarationImpl(DECLARATION)
        DLanguageVarDeclarationsImpl(VAR_DECLARATIONS)
          DLanguageBasicTypeImpl(BASIC_TYPE)
            DLanguageBasicTypeXImpl(BASIC_TYPE_X)
              PsiElement(DLanguageTokenType.int)('int')
          DLanguageDeclaratorsImpl(DECLARATORS)
            DECLARATOR_INITIALIZER
              DLanguageVarDeclaratorImpl(VAR_DECLARATOR)
                DLanguageBasicType2Impl(BASIC_TYPE_2)
                  DLanguageBasicType2XImpl(BASIC_TYPE_2_X)
                    PsiElement(DLanguageTokenType.[)('[')
                    PsiElement(DLanguageTokenType.])(']')
                IDENTIFIER
                  PsiElement(DLanguageTokenType.ID)('a')
          PsiElement(DLanguageTokenType.;)(';')
    PsiComment(DLanguageTokenType.LINE_COMMENT)('// dynamic array of ints')
    DLanguageDeclDefsImpl(DECL_DEFS)
      DLanguageDeclDefImpl(DECL_DEF)
        DLanguageDeclarationImpl(DECLARATION)
          DLanguageVarDeclarationsImpl(VAR_DECLARATIONS)
            DLanguageBasicTypeImpl(BASIC_TYPE)
              DLanguageBasicTypeXImpl(BASIC_TYPE_X)
                PsiElement(DLanguageTokenType.int)('int')
            DLanguageDeclaratorsImpl(DECLARATORS)
              DECLARATOR_INITIALIZER
                DLanguageVarDeclaratorImpl(VAR_DECLARATOR)
                  DLanguageBasicType2Impl(BASIC_TYPE_2)
                    DLanguageBasicType2XImpl(BASIC_TYPE_2_X)
                      PsiElement(DLanguageTokenType.[)('[')
                      DLanguageAssignExpressionImpl(ASSIGN_EXPRESSION)
                        DLanguageConditionalExpressionImpl(CONDITIONAL_EXPRESSION)
                          DLanguageOrOrExpressionImpl(OR_OR_EXPRESSION)
                            DLanguageAndAndExpressionImpl(AND_AND_EXPRESSION)
                              DLanguageOrExpressionImpl(OR_EXPRESSION)
                                DLanguageXorExpressionImpl(XOR_EXPRESSION)
                                  DLanguageAndExpressionImpl(AND_EXPRESSION)
                                    DLanguageShiftExpressionImpl(SHIFT_EXPRESSION)
                                      DLanguageAddExpressionImpl(ADD_EXPRESSION)
                                        DLanguageMulExpressionImpl(MUL_EXPRESSION)
                                          DLanguageUnaryExpressionImpl(UNARY_EXPRESSION)
                                            DLanguagePowExpressionImpl(POW_EXPRESSION)
                                              DLanguagePostfixExpressionImpl(POSTFIX_EXPRESSION)
                                                DLanguagePrimaryExpressionImpl(PRIMARY_EXPRESSION)
                                                  PsiElement(DLanguageTokenType.INTEGER_LITERAL)('4')
                      PsiElement(DLanguageTokenType.])(']')
                    DLanguageBasicType2Impl(BASIC_TYPE_2)
                      DLanguageBasicType2XImpl(BASIC_TYPE_2_X)
                        PsiElement(DLanguageTokenType.[)('[')
                        DLanguageAssignExpressionImpl(ASSIGN_EXPRESSION)
                          DLanguageConditionalExpressionImpl(CONDITIONAL_EXPRESSION)
                            DLanguageOrOrExpressionImpl(OR_OR_EXPRESSION)
                              DLanguageAndAndExpressionImpl(AND_AND_EXPRESSION)
                                DLanguageOrExpressionImpl(OR_EXPRESSION)
                                  DLanguageXorExpressionImpl(XOR_EXPRESSION)
                                    DLanguageAndExpressionImpl(AND_EXPRESSION)
                                      DLanguageShiftExpressionImpl(SHIFT_EXPRESSION)
                                        DLanguageAddExpressionImpl(ADD_EXPRESSION)
                                          DLanguageMulExpressionImpl(MUL_EXPRESSION)
                                            DLanguageUnaryExpressionImpl(UNARY_EXPRESSION)
                                              DLanguagePowExpressionImpl(POW_EXPRESSION)
                                                DLanguagePostfixExpressionImpl(POSTFIX_EXPRESSION)
                                                  DLanguagePrimaryExpressionImpl(PRIMARY_EXPRESSION)
                                                    PsiElement(DLanguageTokenType.INTEGER_LITERAL)('3')
                        PsiElement(DLanguageTokenType.])(']')
                  IDENTIFIER
                    PsiElement(DLanguageTokenType.ID)('b')
            PsiElement(DLanguageTokenType.;)(';')
      PsiComment(DLanguageTokenType.LINE_COMMENT)('// array of 3 arrays of 4 ints each')
      DLanguageDeclDefsImpl(DECL_DEFS)
        DLanguageDeclDefImpl(DECL_DEF)
          DLanguageDeclarationImpl(DECLARATION)
            DLanguageVarDeclarationsImpl(VAR_DECLARATIONS)
              DLanguageBasicTypeImpl(BASIC_TYPE)
                DLanguageBasicTypeXImpl(BASIC_TYPE_X)
                  PsiElement(DLanguageTokenType.int)('int')
              DLanguageDeclaratorsImpl(DECLARATORS)
                DECLARATOR_INITIALIZER
                  DLanguageVarDeclaratorImpl(VAR_DECLARATOR)
                    DLanguageBasicType2Impl(BASIC_TYPE_2)
                      DLanguageBasicType2XImpl(BASIC_TYPE_2_X)
                        PsiElement(DLanguageTokenType.[)('[')
                        PsiElement(DLanguageTokenType.])(']')
                      DLanguageBasicType2Impl(BASIC_TYPE_2)
                        DLanguageBasicType2XImpl(BASIC_TYPE_2_X)
                          PsiElement(DLanguageTokenType.[)('[')
                          DLanguageAssignExpressionImpl(ASSIGN_EXPRESSION)
                            DLanguageConditionalExpressionImpl(CONDITIONAL_EXPRESSION)
                              DLanguageOrOrExpressionImpl(OR_OR_EXPRESSION)
                                DLanguageAndAndExpressionImpl(AND_AND_EXPRESSION)
                                  DLanguageOrExpressionImpl(OR_EXPRESSION)
                                    DLanguageXorExpressionImpl(XOR_EXPRESSION)
                                      DLanguageAndExpressionImpl(AND_EXPRESSION)
                                        DLanguageShiftExpressionImpl(SHIFT_EXPRESSION)
                                          DLanguageAddExpressionImpl(ADD_EXPRESSION)
                                            DLanguageMulExpressionImpl(MUL_EXPRESSION)
                                              DLanguageUnaryExpressionImpl(UNARY_EXPRESSION)
                                                DLanguagePowExpressionImpl(POW_EXPRESSION)
                                                  DLanguagePostfixExpressionImpl(POSTFIX_EXPRESSION)
                                                    DLanguagePrimaryExpressionImpl(PRIMARY_EXPRESSION)
                                                      PsiElement(DLanguageTokenType.INTEGER_LITERAL)('5')
                          PsiElement(DLanguageTokenType.])(']')
                    IDENTIFIER
                      PsiElement(DLanguageTokenType.ID)('c')
              PsiElement(DLanguageTokenType.;)(';')
        PsiComment(DLanguageTokenType.LINE_COMMENT)('// array of 5 dynamic arrays of ints.')
        DLanguageDeclDefsImpl(DECL_DEFS)
          DLanguageDeclDefImpl(DECL_DEF)
            DLanguageDeclarationImpl(DECLARATION)
              DLanguageVarDeclarationsImpl(VAR_DECLARATIONS)
                DLanguageBasicTypeImpl(BASIC_TYPE)
                  DLanguageBasicTypeXImpl(BASIC_TYPE_X)
                    PsiElement(DLanguageTokenType.int)('int')
                DLanguageDeclaratorsImpl(DECLARATORS)
                  DECLARATOR_INITIALIZER
                    DLanguageVarDeclaratorImpl(VAR_DECLARATOR)
                      DLanguageBasicType2Impl(BASIC_TYPE_2)
                        DLanguageBasicType2XImpl(BASIC_TYPE_2_X)
                          PsiElement(DLanguageTokenType.*)('*')
                        DLanguageBasicType2Impl(BASIC_TYPE_2)
                          DLanguageBasicType2XImpl(BASIC_TYPE_2_X)
                            PsiElement(DLanguageTokenType.[)('[')
                            PsiElement(DLanguageTokenType.])(']')
                          DLanguageBasicType2Impl(BASIC_TYPE_2)
                            DLanguageBasicType2XImpl(BASIC_TYPE_2_X)
                              PsiElement(DLanguageTokenType.*)('*')
                            DLanguageBasicType2Impl(BASIC_TYPE_2)
                              DLanguageBasicType2XImpl(BASIC_TYPE_2_X)
                                PsiElement(DLanguageTokenType.[)('[')
                                DLanguageAssignExpressionImpl(ASSIGN_EXPRESSION)
                                  DLanguageConditionalExpressionImpl(CONDITIONAL_EXPRESSION)
                                    DLanguageOrOrExpressionImpl(OR_OR_EXPRESSION)
                                      DLanguageAndAndExpressionImpl(AND_AND_EXPRESSION)
                                        DLanguageOrExpressionImpl(OR_EXPRESSION)
                                          DLanguageXorExpressionImpl(XOR_EXPRESSION)
                                            DLanguageAndExpressionImpl(AND_EXPRESSION)
                                              DLanguageShiftExpressionImpl(SHIFT_EXPRESSION)
                                                DLanguageAddExpressionImpl(ADD_EXPRESSION)
                                                  DLanguageMulExpressionImpl(MUL_EXPRESSION)
                                                    DLanguageUnaryExpressionImpl(UNARY_EXPRESSION)
                                                      DLanguagePowExpressionImpl(POW_EXPRESSION)
                                                        DLanguagePostfixExpressionImpl(POSTFIX_EXPRESSION)
                                                          DLanguagePrimaryExpressionImpl(PRIMARY_EXPRESSION)
                                                            PsiElement(DLanguageTokenType.INTEGER_LITERAL)('3')
                                PsiElement(DLanguageTokenType.])(']')
                      IDENTIFIER
                        PsiElement(DLanguageTokenType.ID)('d')
                PsiElement(DLanguageTokenType.;)(';')
          PsiComment(DLanguageTokenType.LINE_COMMENT)('// array of 3 pointers to dynamic arrays of pointers to ints')
          DLanguageDeclDefsImpl(DECL_DEFS)
            DLanguageDeclDefImpl(DECL_DEF)
              DLanguageDeclarationImpl(DECLARATION)
                DLanguageVarDeclarationsImpl(VAR_DECLARATIONS)
                  DLanguageBasicTypeImpl(BASIC_TYPE)
                    DLanguageBasicTypeXImpl(BASIC_TYPE_X)
                      PsiElement(DLanguageTokenType.int)('int')
                  DLanguageDeclaratorsImpl(DECLARATORS)
                    DECLARATOR_INITIALIZER
                      DLanguageVarDeclaratorImpl(VAR_DECLARATOR)
                        DLanguageBasicType2Impl(BASIC_TYPE_2)
                          DLanguageBasicType2XImpl(BASIC_TYPE_2_X)
                            PsiElement(DLanguageTokenType.[)('[')
                            PsiElement(DLanguageTokenType.])(']')
                          DLanguageBasicType2Impl(BASIC_TYPE_2)
                            DLanguageBasicType2XImpl(BASIC_TYPE_2_X)
                              PsiElement(DLanguageTokenType.*)('*')
                        IDENTIFIER
                          PsiElement(DLanguageTokenType.ID)('e')
                  PsiElement(DLanguageTokenType.;)(';')
  PsiComment(DLanguageTokenType.LINE_COMMENT)('// pointer to dynamic array of ints')
