D Language File
  DLanguageDeclDefsImpl(DECL_DEFS)
    DLanguageDeclDefImpl(DECL_DEF)
      DLanguageDeclarationImpl(DECLARATION)
        DLanguageVarDeclarationsImpl(VAR_DECLARATIONS)
          DLanguageBasicTypeImpl(BASIC_TYPE)
            DLanguageBasicTypeXImpl(BASIC_TYPE_X)
              PsiElement(DLanguageTokenType.int)('int')
          DLanguageDeclaratorsImpl(DECLARATORS)
            DECLARATOR_INITIALIZER
              DLanguageVarDeclaratorImpl(VAR_DECLARATOR)
                DLanguageBasicType2Impl(BASIC_TYPE_2)
                  DLanguageBasicType2XImpl(BASIC_TYPE_2_X)
                    PsiElement(DLanguageTokenType.[)('[')
                    PsiElement(DLanguageTokenType.])(']')
                IDENTIFIER
                  PsiElement(DLanguageTokenType.ID)('array')
          PsiElement(DLanguageTokenType.;)(';')
    DLanguageDeclDefsImpl(DECL_DEFS)
      DLanguageDeclDefImpl(DECL_DEF)
        DLanguageDeclarationImpl(DECLARATION)
          FUNC_DECLARATION
            DLanguageBasicTypeImpl(BASIC_TYPE)
              DLanguageBasicTypeXImpl(BASIC_TYPE_X)
                PsiElement(DLanguageTokenType.void)('void')
            IDENTIFIER
              PsiElement(DLanguageTokenType.ID)('foo')
            DLanguageFuncDeclaratorSuffixImpl(FUNC_DECLARATOR_SUFFIX)
              DLanguageParametersImpl(PARAMETERS)
                PsiElement(DLanguageTokenType.()('(')
                DLanguageParameterListImpl(PARAMETER_LIST)
                  DLanguageParameterImpl(PARAMETER)
                    DLanguageBasicTypeImpl(BASIC_TYPE)
                      DLanguageBasicTypeXImpl(BASIC_TYPE_X)
                        PsiElement(DLanguageTokenType.int)('int')
                    DLanguageDeclaratorImpl(DECLARATOR)
                      DLanguageVarDeclaratorImpl(VAR_DECLARATOR)
                        DLanguageBasicType2Impl(BASIC_TYPE_2)
                          DLanguageBasicType2XImpl(BASIC_TYPE_2_X)
                            PsiElement(DLanguageTokenType.[)('[')
                            PsiElement(DLanguageTokenType.])(']')
                        IDENTIFIER
                          PsiElement(DLanguageTokenType.ID)('a')
                  PsiElement(DLanguageTokenType.,)(',')
                  DLanguageParameterListImpl(PARAMETER_LIST)
                    DLanguageParameterImpl(PARAMETER)
                      DLanguageBasicTypeImpl(BASIC_TYPE)
                        DLanguageBasicTypeXImpl(BASIC_TYPE_X)
                          PsiElement(DLanguageTokenType.int)('int')
                      DLanguageDeclaratorImpl(DECLARATOR)
                        DLanguageVarDeclaratorImpl(VAR_DECLARATOR)
                          IDENTIFIER
                            PsiElement(DLanguageTokenType.ID)('x')
                PsiElement(DLanguageTokenType.))(')')
            PsiElement(DLanguageTokenType.;)(';')
  DLanguageStatementImpl(STATEMENT)
    DLanguageNonEmptyStatementImpl(NON_EMPTY_STATEMENT)
      DLanguageNonEmptyStatementNoCaseNoDefaultImpl(NON_EMPTY_STATEMENT_NO_CASE_NO_DEFAULT)
        DLanguageExpressionStatementImpl(EXPRESSION_STATEMENT)
          DLanguageExpressionImpl(EXPRESSION)
            DLanguageCommaExpressionImpl(COMMA_EXPRESSION)
              DLanguageAssignExpressionImpl(ASSIGN_EXPRESSION)
                DLanguageConditionalExpressionImpl(CONDITIONAL_EXPRESSION)
                  DLanguageOrOrExpressionImpl(OR_OR_EXPRESSION)
                    DLanguageAndAndExpressionImpl(AND_AND_EXPRESSION)
                      DLanguageOrExpressionImpl(OR_EXPRESSION)
                        DLanguageXorExpressionImpl(XOR_EXPRESSION)
                          DLanguageAndExpressionImpl(AND_EXPRESSION)
                            DLanguageShiftExpressionImpl(SHIFT_EXPRESSION)
                              DLanguageAddExpressionImpl(ADD_EXPRESSION)
                                DLanguageMulExpressionImpl(MUL_EXPRESSION)
                                  DLanguageUnaryExpressionImpl(UNARY_EXPRESSION)
                                    DLanguagePowExpressionImpl(POW_EXPRESSION)
                                      DLanguagePostfixExpressionImpl(POSTFIX_EXPRESSION)
                                        DLanguagePrimaryExpressionImpl(PRIMARY_EXPRESSION)
                                          IDENTIFIER
                                            PsiElement(DLanguageTokenType.ID)('foo')
                        DLanguageOrExpressionImpl(OR_EXPRESSION)
                          DLanguageXorExpressionImpl(XOR_EXPRESSION)
                            DLanguageAndExpressionImpl(AND_EXPRESSION)
                              DLanguageShiftExpressionImpl(SHIFT_EXPRESSION)
                                DLanguageAddExpressionImpl(ADD_EXPRESSION)
                                  DLanguageMulExpressionImpl(MUL_EXPRESSION)
                                    DLanguageUnaryExpressionImpl(UNARY_EXPRESSION)
                                      DLanguagePowExpressionImpl(POW_EXPRESSION)
                                        DLanguagePostfixExpressionImpl(POSTFIX_EXPRESSION)
                                          DLanguagePrimaryExpressionImpl(PRIMARY_EXPRESSION)
                                            PsiElement(DLanguageTokenType.()('(')
                                            DLanguageExpressionImpl(EXPRESSION)
                                              DLanguageCommaExpressionImpl(COMMA_EXPRESSION)
                                                DLanguageAssignExpressionImpl(ASSIGN_EXPRESSION)
                                                  DLanguageConditionalExpressionImpl(CONDITIONAL_EXPRESSION)
                                                    DLanguageOrOrExpressionImpl(OR_OR_EXPRESSION)
                                                      DLanguageAndAndExpressionImpl(AND_AND_EXPRESSION)
                                                        DLanguageOrExpressionImpl(OR_EXPRESSION)
                                                          DLanguageXorExpressionImpl(XOR_EXPRESSION)
                                                            DLanguageAndExpressionImpl(AND_EXPRESSION)
                                                              DLanguageShiftExpressionImpl(SHIFT_EXPRESSION)
                                                                DLanguageAddExpressionImpl(ADD_EXPRESSION)
                                                                  DLanguageMulExpressionImpl(MUL_EXPRESSION)
                                                                    DLanguageUnaryExpressionImpl(UNARY_EXPRESSION)
                                                                      DLanguagePowExpressionImpl(POW_EXPRESSION)
                                                                        DLanguagePostfixExpressionImpl(POSTFIX_EXPRESSION)
                                                                          DLanguagePrimaryExpressionImpl(PRIMARY_EXPRESSION)
                                                                            IDENTIFIER
                                                                              PsiElement(DLanguageTokenType.ID)('array')
                                                PsiElement(DLanguageTokenType.,)(',')
                                                DLanguageCommaExpressionImpl(COMMA_EXPRESSION)
                                                  DLanguageAssignExpressionImpl(ASSIGN_EXPRESSION)
                                                    DLanguageConditionalExpressionImpl(CONDITIONAL_EXPRESSION)
                                                      DLanguageOrOrExpressionImpl(OR_OR_EXPRESSION)
                                                        DLanguageAndAndExpressionImpl(AND_AND_EXPRESSION)
                                                          DLanguageOrExpressionImpl(OR_EXPRESSION)
                                                            DLanguageXorExpressionImpl(XOR_EXPRESSION)
                                                              DLanguageAndExpressionImpl(AND_EXPRESSION)
                                                                DLanguageShiftExpressionImpl(SHIFT_EXPRESSION)
                                                                  DLanguageAddExpressionImpl(ADD_EXPRESSION)
                                                                    DLanguageMulExpressionImpl(MUL_EXPRESSION)
                                                                      DLanguageUnaryExpressionImpl(UNARY_EXPRESSION)
                                                                        DLanguagePowExpressionImpl(POW_EXPRESSION)
                                                                          DLanguagePostfixExpressionImpl(POSTFIX_EXPRESSION)
                                                                            DLanguagePrimaryExpressionImpl(PRIMARY_EXPRESSION)
                                                                              PsiElement(DLanguageTokenType.INTEGER_LITERAL)('3')
                                            PsiElement(DLanguageTokenType.))(')')
          PsiElement(DLanguageTokenType.;)(';')
  DLanguageStatementImpl(STATEMENT)
    DLanguageNonEmptyStatementImpl(NON_EMPTY_STATEMENT)
      DLanguageNonEmptyStatementNoCaseNoDefaultImpl(NON_EMPTY_STATEMENT_NO_CASE_NO_DEFAULT)
        DLanguageExpressionStatementImpl(EXPRESSION_STATEMENT)
          DLanguageExpressionImpl(EXPRESSION)
            DLanguageCommaExpressionImpl(COMMA_EXPRESSION)
              DLanguageAssignExpressionImpl(ASSIGN_EXPRESSION)
                DLanguageConditionalExpressionImpl(CONDITIONAL_EXPRESSION)
                  DLanguageOrOrExpressionImpl(OR_OR_EXPRESSION)
                    DLanguageAndAndExpressionImpl(AND_AND_EXPRESSION)
                      DLanguageOrExpressionImpl(OR_EXPRESSION)
                        DLanguageXorExpressionImpl(XOR_EXPRESSION)
                          DLanguageAndExpressionImpl(AND_EXPRESSION)
                            DLanguageShiftExpressionImpl(SHIFT_EXPRESSION)
                              DLanguageAddExpressionImpl(ADD_EXPRESSION)
                                DLanguageMulExpressionImpl(MUL_EXPRESSION)
                                  DLanguageUnaryExpressionImpl(UNARY_EXPRESSION)
                                    DLanguagePowExpressionImpl(POW_EXPRESSION)
                                      DLanguagePostfixExpressionImpl(POSTFIX_EXPRESSION)
                                        DLanguagePrimaryExpressionImpl(PRIMARY_EXPRESSION)
                                          IDENTIFIER
                                            PsiElement(DLanguageTokenType.ID)('array')
                        DLanguageOrExpressionImpl(OR_EXPRESSION)
                          DLanguageXorExpressionImpl(XOR_EXPRESSION)
                            DLanguageAndExpressionImpl(AND_EXPRESSION)
                              DLanguageShiftExpressionImpl(SHIFT_EXPRESSION)
                                DLanguageAddExpressionImpl(ADD_EXPRESSION)
                                  DLanguageMulExpressionImpl(MUL_EXPRESSION)
                                    DLanguageUnaryExpressionImpl(UNARY_EXPRESSION)
                                      DLanguagePowExpressionImpl(POW_EXPRESSION)
                                        DLanguagePostfixExpressionImpl(POSTFIX_EXPRESSION)
                                          DLanguagePrimaryExpressionImpl(PRIMARY_EXPRESSION)
                                            PsiElement(DLanguageTokenType..)('.')
                                            IDENTIFIER
                                              PsiElement(DLanguageTokenType.ID)('foo')
                          DLanguageOrExpressionImpl(OR_EXPRESSION)
                            DLanguageXorExpressionImpl(XOR_EXPRESSION)
                              DLanguageAndExpressionImpl(AND_EXPRESSION)
                                DLanguageShiftExpressionImpl(SHIFT_EXPRESSION)
                                  DLanguageAddExpressionImpl(ADD_EXPRESSION)
                                    DLanguageMulExpressionImpl(MUL_EXPRESSION)
                                      DLanguageUnaryExpressionImpl(UNARY_EXPRESSION)
                                        DLanguagePowExpressionImpl(POW_EXPRESSION)
                                          DLanguagePostfixExpressionImpl(POSTFIX_EXPRESSION)
                                            DLanguagePrimaryExpressionImpl(PRIMARY_EXPRESSION)
                                              PsiElement(DLanguageTokenType.()('(')
                                              DLanguageExpressionImpl(EXPRESSION)
                                                DLanguageCommaExpressionImpl(COMMA_EXPRESSION)
                                                  DLanguageAssignExpressionImpl(ASSIGN_EXPRESSION)
                                                    DLanguageConditionalExpressionImpl(CONDITIONAL_EXPRESSION)
                                                      DLanguageOrOrExpressionImpl(OR_OR_EXPRESSION)
                                                        DLanguageAndAndExpressionImpl(AND_AND_EXPRESSION)
                                                          DLanguageOrExpressionImpl(OR_EXPRESSION)
                                                            DLanguageXorExpressionImpl(XOR_EXPRESSION)
                                                              DLanguageAndExpressionImpl(AND_EXPRESSION)
                                                                DLanguageShiftExpressionImpl(SHIFT_EXPRESSION)
                                                                  DLanguageAddExpressionImpl(ADD_EXPRESSION)
                                                                    DLanguageMulExpressionImpl(MUL_EXPRESSION)
                                                                      DLanguageUnaryExpressionImpl(UNARY_EXPRESSION)
                                                                        DLanguagePowExpressionImpl(POW_EXPRESSION)
                                                                          DLanguagePostfixExpressionImpl(POSTFIX_EXPRESSION)
                                                                            DLanguagePrimaryExpressionImpl(PRIMARY_EXPRESSION)
                                                                              PsiElement(DLanguageTokenType.INTEGER_LITERAL)('3')
                                              PsiElement(DLanguageTokenType.))(')')
          PsiElement(DLanguageTokenType.;)(';')
  PsiComment(DLanguageTokenType.LINE_COMMENT)('// means the same thing')
