D Language File
  DLanguageSpecifiedVariableDeclarationImpl(VARIABLE_DECLARATION)
    DLanguageStorageClassImpl(STORAGE_CLASS)
      DLanguageAtAttributeImpl(AT_ATTRIBUTE)
        PsiElement(DlangTokenType.@)('@')
        PsiElement(DlangTokenType.()('(')
        DLanguageArgumentListImpl(ARGUMENT_LIST)
          DLanguageLiteralExpressionImpl(LITERAL_EXPRESSION)
            PsiElement(DlangTokenType.CHARACTER_LITERAL)(''c'')
        PsiElement(DlangTokenType.))(')')
    DLanguageBasicTypeImpl(BASIC_TYPE)
      DLanguageQualifiedIdentifierImpl(QUALIFIED_IDENTIFIER)
        IDENTIFIER
          PsiElement(DlangTokenType.ID)('string')
    IDENTIFIER_INITIALIZER
      IDENTIFIER
        PsiElement(DlangTokenType.ID)('s')
    PsiElement(DlangTokenType.;)(';')
  DLanguageEmptyDeclarationImpl(EMPTY_DECLARATION)
    DLanguageAttributeImpl(ATTRIBUTE)
      DLanguagePragmaExpressionImpl(PRAGMA_EXPRESSION)
        PsiElement(DlangTokenType.pragma)('pragma')
        PsiElement(DlangTokenType.()('(')
        IDENTIFIER
          PsiElement(DlangTokenType.ID)('msg')
        PsiElement(DlangTokenType.,)(',')
        DLanguageArgumentListImpl(ARGUMENT_LIST)
          DLanguageTraitsExpressionImpl(TRAITS_EXPRESSION)
            PsiElement(DlangTokenType.__traits)('__traits')
            PsiElement(DlangTokenType.()('(')
            IDENTIFIER
              PsiElement(DlangTokenType.ID)('getAttributes')
            PsiElement(DlangTokenType.,)(',')
            DLanguageTemplateArgumentListImpl(TEMPLATE_ARGUMENT_LIST)
              DLanguageTemplateArgumentImpl(TEMPLATE_ARGUMENT)
                DLanguageTypeImpl(TYPE)
                  DLanguageBasicTypeImpl(BASIC_TYPE)
                    DLanguageQualifiedIdentifierImpl(QUALIFIED_IDENTIFIER)
                      IDENTIFIER
                        PsiElement(DlangTokenType.ID)('s')
            PsiElement(DlangTokenType.))(')')
        PsiElement(DlangTokenType.))(')')
    PsiElement(DlangTokenType.;)(';')
    PsiComment(DlangTokenType.LINE_COMMENT)('// prints tuple('c')')
  TEMPLATE_DECLARATION
    PsiElement(DlangTokenType.template)('template')
    IDENTIFIER
      PsiElement(DlangTokenType.ID)('Tuple')
    DLanguageTemplateParametersImpl(TEMPLATE_PARAMETERS)
      PsiElement(DlangTokenType.()('(')
      DLanguageTemplateParameterListImpl(TEMPLATE_PARAMETER_LIST)
        TEMPLATE_PARAMETER
          DLanguageTemplateTupleParameterImpl(TEMPLATE_TUPLE_PARAMETER)
            IDENTIFIER
              PsiElement(DlangTokenType.ID)('T')
            PsiElement(DlangTokenType....)('...')
      PsiElement(DlangTokenType.))(')')
    PsiElement(DlangTokenType.{)('{')
    DLanguageAliasDeclarationImpl(ALIAS_DECLARATION)
      PsiElement(DlangTokenType.alias)('alias')
      ALIAS_INITIALIZER
        IDENTIFIER
          PsiElement(DlangTokenType.ID)('Tuple')
        PsiElement(DlangTokenType.=)('=')
        DLanguageTypeImpl(TYPE)
          DLanguageBasicTypeImpl(BASIC_TYPE)
            DLanguageQualifiedIdentifierImpl(QUALIFIED_IDENTIFIER)
              IDENTIFIER
                PsiElement(DlangTokenType.ID)('T')
      PsiElement(DlangTokenType.;)(';')
    PsiElement(DlangTokenType.})('}')
  DLanguageAutoDeclarationImpl(AUTO_DECLARATION)
    DLanguageStorageClassImpl(STORAGE_CLASS)
      PsiElement(DlangTokenType.enum)('enum')
    AUTO_ASSIGNMENT
      IDENTIFIER
        PsiElement(DlangTokenType.ID)('EEE')
      PsiElement(DlangTokenType.=)('=')
      DLanguageInitializerImpl(INITIALIZER)
        DLanguageLiteralExpressionImpl(LITERAL_EXPRESSION)
          PsiElement(DlangTokenType.INTEGER_LITERAL)('7')
    PsiElement(DlangTokenType.;)(';')
  STRUCT_DECLARATION
    DLanguageAttributeImpl(ATTRIBUTE)
      DLanguageAtAttributeImpl(AT_ATTRIBUTE)
        PsiElement(DlangTokenType.@)('@')
        PsiElement(DlangTokenType.()('(')
        DLanguageArgumentListImpl(ARGUMENT_LIST)
          DLanguageLiteralExpressionImpl(LITERAL_EXPRESSION)
            PsiElement(DlangTokenType.DOUBLE_QUOTED_STRING)('"hello"')
        PsiElement(DlangTokenType.))(')')
    PsiElement(DlangTokenType.struct)('struct')
    IDENTIFIER
      PsiElement(DlangTokenType.ID)('SSS')
    DLanguageStructBodyImpl(STRUCT_BODY)
      PsiElement(DlangTokenType.{)('{')
      PsiElement(DlangTokenType.})('}')
  DLanguageAttributeSpecifierImpl(ATTRIBUTE_SPECIFIER)
    DLanguageAttributeImpl(ATTRIBUTE)
      DLanguageAtAttributeImpl(AT_ATTRIBUTE)
        PsiElement(DlangTokenType.@)('@')
        PsiElement(DlangTokenType.()('(')
        DLanguageArgumentListImpl(ARGUMENT_LIST)
          DLanguageLiteralExpressionImpl(LITERAL_EXPRESSION)
            PsiElement(DlangTokenType.INTEGER_LITERAL)('3')
        PsiElement(DlangTokenType.))(')')
    DLanguageDeclarationBlockImpl(DECLARATION_BLOCK)
      PsiElement(DlangTokenType.{)('{')
      DLanguageSpecifiedVariableDeclarationImpl(VARIABLE_DECLARATION)
        DLanguageStorageClassImpl(STORAGE_CLASS)
          DLanguageAtAttributeImpl(AT_ATTRIBUTE)
            PsiElement(DlangTokenType.@)('@')
            PsiElement(DlangTokenType.()('(')
            DLanguageArgumentListImpl(ARGUMENT_LIST)
              DLanguageLiteralExpressionImpl(LITERAL_EXPRESSION)
                PsiElement(DlangTokenType.INTEGER_LITERAL)('4')
            PsiElement(DlangTokenType.))(')')
        DLanguageStorageClassImpl(STORAGE_CLASS)
          DLanguageAtAttributeImpl(AT_ATTRIBUTE)
            PsiElement(DlangTokenType.@)('@')
            IDENTIFIER
              PsiElement(DlangTokenType.ID)('EEE')
        DLanguageStorageClassImpl(STORAGE_CLASS)
          DLanguageAtAttributeImpl(AT_ATTRIBUTE)
            PsiElement(DlangTokenType.@)('@')
            IDENTIFIER
              PsiElement(DlangTokenType.ID)('SSS')
        DLanguageBasicTypeImpl(BASIC_TYPE)
          DLanguageBuiltinTypeImpl(BUILTIN_TYPE)
            PsiElement(DlangTokenType.int)('int')
        IDENTIFIER_INITIALIZER
          IDENTIFIER
            PsiElement(DlangTokenType.ID)('foo')
        PsiElement(DlangTokenType.;)(';')
      PsiElement(DlangTokenType.})('}')
  DLanguageAliasDeclarationImpl(ALIAS_DECLARATION)
    PsiElement(DlangTokenType.alias)('alias')
    ALIAS_INITIALIZER
      IDENTIFIER
        PsiElement(DlangTokenType.ID)('TP')
      PsiElement(DlangTokenType.=)('=')
      DLanguageTypeImpl(TYPE)
        DLanguageBasicTypeImpl(BASIC_TYPE)
          DLanguageQualifiedIdentifierImpl(QUALIFIED_IDENTIFIER)
            DLanguageTemplateInstanceImpl(TEMPLATE_INSTANCE)
              IDENTIFIER
                PsiElement(DlangTokenType.ID)('Tuple')
              DLanguageTemplateArgumentsImpl(TEMPLATE_ARGUMENTS)
                PsiElement(DlangTokenType.!)('!')
                PsiElement(DlangTokenType.()('(')
                DLanguageTemplateArgumentListImpl(TEMPLATE_ARGUMENT_LIST)
                  DLanguageTemplateArgumentImpl(TEMPLATE_ARGUMENT)
                    DLanguageTraitsExpressionImpl(TRAITS_EXPRESSION)
                      PsiElement(DlangTokenType.__traits)('__traits')
                      PsiElement(DlangTokenType.()('(')
                      IDENTIFIER
                        PsiElement(DlangTokenType.ID)('getAttributes')
                      PsiElement(DlangTokenType.,)(',')
                      DLanguageTemplateArgumentListImpl(TEMPLATE_ARGUMENT_LIST)
                        DLanguageTemplateArgumentImpl(TEMPLATE_ARGUMENT)
                          DLanguageTypeImpl(TYPE)
                            DLanguageBasicTypeImpl(BASIC_TYPE)
                              DLanguageQualifiedIdentifierImpl(QUALIFIED_IDENTIFIER)
                                IDENTIFIER
                                  PsiElement(DlangTokenType.ID)('foo')
                      PsiElement(DlangTokenType.))(')')
                PsiElement(DlangTokenType.))(')')
    PsiElement(DlangTokenType.;)(';')
  DLanguageEmptyDeclarationImpl(EMPTY_DECLARATION)
    DLanguageAttributeImpl(ATTRIBUTE)
      DLanguagePragmaExpressionImpl(PRAGMA_EXPRESSION)
        PsiElement(DlangTokenType.pragma)('pragma')
        PsiElement(DlangTokenType.()('(')
        IDENTIFIER
          PsiElement(DlangTokenType.ID)('msg')
        PsiElement(DlangTokenType.,)(',')
        DLanguageArgumentListImpl(ARGUMENT_LIST)
          DLanguageReferenceExpressionImpl(REFERENCE_EXPRESSION)
            IDENTIFIER
              PsiElement(DlangTokenType.ID)('TP')
        PsiElement(DlangTokenType.))(')')
    PsiElement(DlangTokenType.;)(';')
    PsiComment(DlangTokenType.LINE_COMMENT)('// prints tuple(3, 4, 7, (SSS))')
  DLanguageEmptyDeclarationImpl(EMPTY_DECLARATION)
    DLanguageAttributeImpl(ATTRIBUTE)
      DLanguagePragmaExpressionImpl(PRAGMA_EXPRESSION)
        PsiElement(DlangTokenType.pragma)('pragma')
        PsiElement(DlangTokenType.()('(')
        IDENTIFIER
          PsiElement(DlangTokenType.ID)('msg')
        PsiElement(DlangTokenType.,)(',')
        DLanguageArgumentListImpl(ARGUMENT_LIST)
          DLanguageArrayAccessExpressionImpl(ARRAY_ACCESS_EXPRESSION)
            DLanguageReferenceExpressionImpl(REFERENCE_EXPRESSION)
              IDENTIFIER
                PsiElement(DlangTokenType.ID)('TP')
            DLanguageIndexExpressionImpl(INDEX_EXPRESSION)
              PsiElement(DlangTokenType.[)('[')
              DLanguageLiteralExpressionImpl(LITERAL_EXPRESSION)
                PsiElement(DlangTokenType.INTEGER_LITERAL)('2')
              PsiElement(DlangTokenType.])(']')
        PsiElement(DlangTokenType.))(')')
    PsiElement(DlangTokenType.;)(';')
    PsiComment(DlangTokenType.LINE_COMMENT)('// prints 7')
  DLanguageSpecifiedVariableDeclarationImpl(VARIABLE_DECLARATION)
    DLanguageBasicTypeImpl(BASIC_TYPE)
      DLanguageQualifiedIdentifierImpl(QUALIFIED_IDENTIFIER)
        IDENTIFIER
          PsiElement(DlangTokenType.ID)('TP')
        PsiElement(DlangTokenType.[)('[')
        DLanguageLiteralExpressionImpl(LITERAL_EXPRESSION)
          PsiElement(DlangTokenType.INTEGER_LITERAL)('3')
        PsiElement(DlangTokenType.])(']')
    IDENTIFIER_INITIALIZER
      IDENTIFIER
        PsiElement(DlangTokenType.ID)('a')
    PsiElement(DlangTokenType.;)(';')
    PsiComment(DlangTokenType.LINE_COMMENT)('// a is declared as an SSS')
  DLanguageEmptyDeclarationImpl(EMPTY_DECLARATION)
    DLanguageAttributeImpl(ATTRIBUTE)
      DLanguagePragmaExpressionImpl(PRAGMA_EXPRESSION)
        PsiElement(DlangTokenType.pragma)('pragma')
        PsiElement(DlangTokenType.()('(')
        IDENTIFIER
          PsiElement(DlangTokenType.ID)('msg')
        PsiElement(DlangTokenType.,)(',')
        DLanguageArgumentListImpl(ARGUMENT_LIST)
          DLanguageTraitsExpressionImpl(TRAITS_EXPRESSION)
            PsiElement(DlangTokenType.__traits)('__traits')
            PsiElement(DlangTokenType.()('(')
            IDENTIFIER
              PsiElement(DlangTokenType.ID)('getAttributes')
            PsiElement(DlangTokenType.,)(',')
            DLanguageTemplateArgumentListImpl(TEMPLATE_ARGUMENT_LIST)
              DLanguageTemplateArgumentImpl(TEMPLATE_ARGUMENT)
                DLanguageTypeImpl(TYPE)
                  DLanguageBasicTypeImpl(BASIC_TYPE)
                    DLanguageTypeofExpressionImpl(TYPEOF_EXPRESSION)
                      PsiElement(DlangTokenType.typeof)('typeof')
                      PsiElement(DlangTokenType.()('(')
                      DLanguageReferenceExpressionImpl(REFERENCE_EXPRESSION)
                        IDENTIFIER
                          PsiElement(DlangTokenType.ID)('a')
                      PsiElement(DlangTokenType.))(')')
            PsiElement(DlangTokenType.))(')')
        PsiElement(DlangTokenType.))(')')
    PsiElement(DlangTokenType.;)(';')
    PsiComment(DlangTokenType.LINE_COMMENT)('// prints tuple("hello")')