D Language File
  DLanguageDeclDefsImpl(DECL_DEFS)
    DLanguageDeclDefImpl(DECL_DEF)
      DLanguageDeclarationImpl(DECLARATION)
        DLanguageAggregateDeclarationImpl(AGGREGATE_DECLARATION)
          CLASS_DECLARATION
            PsiElement(DLanguageTokenType.class)('class')
            IDENTIFIER
              PsiElement(DLanguageTokenType.ID)('Foo')
            DLanguageAggregateBodyImpl(AGGREGATE_BODY)
              PsiElement(DLanguageTokenType.{)('{')
              DLanguageDeclDefsImpl(DECL_DEFS)
                DLanguageDeclDefImpl(DECL_DEF)
                  DLanguageAttributeSpecifierImpl(ATTRIBUTE_SPECIFIER)
                    DLanguageAttributeImpl(ATTRIBUTE)
                      PsiElement(DLanguageTokenType.static)('static')
                    DLanguageDeclarationBlockImpl(DECLARATION_BLOCK)
                      DLanguageDeclDefImpl(DECL_DEF)
                        DLanguageDeclarationImpl(DECLARATION)
                          FUNC_DECLARATION
                            DLanguageBasicTypeImpl(BASIC_TYPE)
                              DLanguageBasicTypeXImpl(BASIC_TYPE_X)
                                PsiElement(DLanguageTokenType.int)('int')
                            IDENTIFIER
                              PsiElement(DLanguageTokenType.ID)('bar')
                            DLanguageFuncDeclaratorSuffixImpl(FUNC_DECLARATOR_SUFFIX)
                              DLanguageParametersImpl(PARAMETERS)
                                PsiElement(DLanguageTokenType.()('(')
                                PsiElement(DLanguageTokenType.))(')')
                            DLanguageFunctionBodyImpl(FUNCTION_BODY)
                              DLanguageBlockStatementImpl(BLOCK_STATEMENT)
                                PsiElement(DLanguageTokenType.{)('{')
                                DLanguageStatementListImpl(STATEMENT_LIST)
                                  DLanguageStatementImpl(STATEMENT)
                                    DLanguageNonEmptyStatementImpl(NON_EMPTY_STATEMENT)
                                      DLanguageNonEmptyStatementNoCaseNoDefaultImpl(NON_EMPTY_STATEMENT_NO_CASE_NO_DEFAULT)
                                        DLanguageReturnStatementImpl(RETURN_STATEMENT)
                                          PsiElement(DLanguageTokenType.return)('return')
                                          DLanguageExpressionImpl(EXPRESSION)
                                            DLanguageCommaExpressionImpl(COMMA_EXPRESSION)
                                              DLanguageAssignExpressionImpl(ASSIGN_EXPRESSION)
                                                DLanguageConditionalExpressionImpl(CONDITIONAL_EXPRESSION)
                                                  DLanguageOrOrExpressionImpl(OR_OR_EXPRESSION)
                                                    DLanguageAndAndExpressionImpl(AND_AND_EXPRESSION)
                                                      DLanguageOrExpressionImpl(OR_EXPRESSION)
                                                        DLanguageXorExpressionImpl(XOR_EXPRESSION)
                                                          DLanguageAndExpressionImpl(AND_EXPRESSION)
                                                            DLanguageShiftExpressionImpl(SHIFT_EXPRESSION)
                                                              DLanguageAddExpressionImpl(ADD_EXPRESSION)
                                                                DLanguageMulExpressionImpl(MUL_EXPRESSION)
                                                                  DLanguageUnaryExpressionImpl(UNARY_EXPRESSION)
                                                                    DLanguagePowExpressionImpl(POW_EXPRESSION)
                                                                      DLanguagePostfixExpressionImpl(POSTFIX_EXPRESSION)
                                                                        DLanguagePrimaryExpressionImpl(PRIMARY_EXPRESSION)
                                                                          PsiElement(DLanguageTokenType.INTEGER_LITERAL)('6')
                                          PsiElement(DLanguageTokenType.;)(';')
                                PsiElement(DLanguageTokenType.})('}')
                DLanguageDeclDefsImpl(DECL_DEFS)
                  DLanguageDeclDefImpl(DECL_DEF)
                    DLanguageDeclarationImpl(DECLARATION)
                      FUNC_DECLARATION
                        DLanguageBasicTypeImpl(BASIC_TYPE)
                          DLanguageBasicTypeXImpl(BASIC_TYPE_X)
                            PsiElement(DLanguageTokenType.int)('int')
                        IDENTIFIER
                          PsiElement(DLanguageTokenType.ID)('foobar')
                        DLanguageFuncDeclaratorSuffixImpl(FUNC_DECLARATOR_SUFFIX)
                          DLanguageParametersImpl(PARAMETERS)
                            PsiElement(DLanguageTokenType.()('(')
                            PsiElement(DLanguageTokenType.))(')')
                        DLanguageFunctionBodyImpl(FUNCTION_BODY)
                          DLanguageBlockStatementImpl(BLOCK_STATEMENT)
                            PsiElement(DLanguageTokenType.{)('{')
                            DLanguageStatementListImpl(STATEMENT_LIST)
                              DLanguageStatementImpl(STATEMENT)
                                DLanguageNonEmptyStatementImpl(NON_EMPTY_STATEMENT)
                                  DLanguageNonEmptyStatementNoCaseNoDefaultImpl(NON_EMPTY_STATEMENT_NO_CASE_NO_DEFAULT)
                                    DLanguageReturnStatementImpl(RETURN_STATEMENT)
                                      PsiElement(DLanguageTokenType.return)('return')
                                      DLanguageExpressionImpl(EXPRESSION)
                                        DLanguageCommaExpressionImpl(COMMA_EXPRESSION)
                                          DLanguageAssignExpressionImpl(ASSIGN_EXPRESSION)
                                            DLanguageConditionalExpressionImpl(CONDITIONAL_EXPRESSION)
                                              DLanguageOrOrExpressionImpl(OR_OR_EXPRESSION)
                                                DLanguageAndAndExpressionImpl(AND_AND_EXPRESSION)
                                                  DLanguageOrExpressionImpl(OR_EXPRESSION)
                                                    DLanguageXorExpressionImpl(XOR_EXPRESSION)
                                                      DLanguageAndExpressionImpl(AND_EXPRESSION)
                                                        DLanguageShiftExpressionImpl(SHIFT_EXPRESSION)
                                                          DLanguageAddExpressionImpl(ADD_EXPRESSION)
                                                            DLanguageMulExpressionImpl(MUL_EXPRESSION)
                                                              DLanguageUnaryExpressionImpl(UNARY_EXPRESSION)
                                                                DLanguagePowExpressionImpl(POW_EXPRESSION)
                                                                  DLanguagePostfixExpressionImpl(POSTFIX_EXPRESSION)
                                                                    DLanguagePrimaryExpressionImpl(PRIMARY_EXPRESSION)
                                                                      PsiElement(DLanguageTokenType.INTEGER_LITERAL)('7')
                                      PsiElement(DLanguageTokenType.;)(';')
                            PsiElement(DLanguageTokenType.})('}')
              PsiElement(DLanguageTokenType.})('}')
    DLanguageDeclDefsImpl(DECL_DEFS)
      DLanguageDeclDefImpl(DECL_DEF)
        DLanguageDeclarationImpl(DECLARATION)
          DLanguageVarDeclarationsImpl(VAR_DECLARATIONS)
            DLanguageBasicTypeImpl(BASIC_TYPE)
              DLanguageIdentifierListImpl(IDENTIFIER_LIST)
                IDENTIFIER
                  PsiElement(DLanguageTokenType.ID)('Foo')
            DLanguageDeclaratorsImpl(DECLARATORS)
              DECLARATOR_INITIALIZER
                DLanguageVarDeclaratorImpl(VAR_DECLARATOR)
                  IDENTIFIER
                    PsiElement(DLanguageTokenType.ID)('f')
                PsiElement(DLanguageTokenType.=)('=')
                DLanguageInitializerImpl(INITIALIZER)
                  DLanguageNonVoidInitializerImpl(NON_VOID_INITIALIZER)
                    DLanguageAssignExpressionImpl(ASSIGN_EXPRESSION)
                      DLanguageConditionalExpressionImpl(CONDITIONAL_EXPRESSION)
                        DLanguageOrOrExpressionImpl(OR_OR_EXPRESSION)
                          DLanguageAndAndExpressionImpl(AND_AND_EXPRESSION)
                            DLanguageOrExpressionImpl(OR_EXPRESSION)
                              DLanguageXorExpressionImpl(XOR_EXPRESSION)
                                DLanguageAndExpressionImpl(AND_EXPRESSION)
                                  DLanguageShiftExpressionImpl(SHIFT_EXPRESSION)
                                    DLanguageAddExpressionImpl(ADD_EXPRESSION)
                                      DLanguageMulExpressionImpl(MUL_EXPRESSION)
                                        DLanguageUnaryExpressionImpl(UNARY_EXPRESSION)
                                          DLanguagePowExpressionImpl(POW_EXPRESSION)
                                            DLanguagePostfixExpressionImpl(POSTFIX_EXPRESSION)
                                              DLanguagePrimaryExpressionImpl(PRIMARY_EXPRESSION)
                                                DLanguageNewExpressionWithArgsImpl(NEW_EXPRESSION_WITH_ARGS)
                                                  PsiElement(DLanguageTokenType.new)('new')
                                                  DLanguageTypeImpl(TYPE)
                                                    DLanguageBasicTypeImpl(BASIC_TYPE)
                                                      DLanguageIdentifierListImpl(IDENTIFIER_LIST)
                                                        IDENTIFIER
                                                          PsiElement(DLanguageTokenType.ID)('Foo')
            PsiElement(DLanguageTokenType.;)(';')
  DLanguageStatementImpl(STATEMENT)
    DLanguageNonEmptyStatementImpl(NON_EMPTY_STATEMENT)
      DLanguageNonEmptyStatementNoCaseNoDefaultImpl(NON_EMPTY_STATEMENT_NO_CASE_NO_DEFAULT)
        DLanguageExpressionStatementImpl(EXPRESSION_STATEMENT)
          DLanguageExpressionImpl(EXPRESSION)
            DLanguageCommaExpressionImpl(COMMA_EXPRESSION)
              DLanguageAssignExpressionImpl(ASSIGN_EXPRESSION)
                DLanguageConditionalExpressionImpl(CONDITIONAL_EXPRESSION)
                  DLanguageOrOrExpressionImpl(OR_OR_EXPRESSION)
                    DLanguageAndAndExpressionImpl(AND_AND_EXPRESSION)
                      DLanguageOrExpressionImpl(OR_EXPRESSION)
                        DLanguageXorExpressionImpl(XOR_EXPRESSION)
                          DLanguageAndExpressionImpl(AND_EXPRESSION)
                            DLanguageShiftExpressionImpl(SHIFT_EXPRESSION)
                              DLanguageAddExpressionImpl(ADD_EXPRESSION)
                                DLanguageMulExpressionImpl(MUL_EXPRESSION)
                                  DLanguageUnaryExpressionImpl(UNARY_EXPRESSION)
                                    DLanguagePowExpressionImpl(POW_EXPRESSION)
                                      DLanguagePostfixExpressionImpl(POSTFIX_EXPRESSION)
                                        DLanguagePrimaryExpressionImpl(PRIMARY_EXPRESSION)
                                          IDENTIFIER
                                            PsiElement(DLanguageTokenType.ID)('Foo')
                        DLanguageOrExpressionImpl(OR_EXPRESSION)
                          DLanguageXorExpressionImpl(XOR_EXPRESSION)
                            DLanguageAndExpressionImpl(AND_EXPRESSION)
                              DLanguageShiftExpressionImpl(SHIFT_EXPRESSION)
                                DLanguageAddExpressionImpl(ADD_EXPRESSION)
                                  DLanguageMulExpressionImpl(MUL_EXPRESSION)
                                    DLanguageUnaryExpressionImpl(UNARY_EXPRESSION)
                                      DLanguagePowExpressionImpl(POW_EXPRESSION)
                                        DLanguagePostfixExpressionImpl(POSTFIX_EXPRESSION)
                                          DLanguagePrimaryExpressionImpl(PRIMARY_EXPRESSION)
                                            PsiElement(DLanguageTokenType..)('.')
                                            IDENTIFIER
                                              PsiElement(DLanguageTokenType.ID)('bar')
                          DLanguageOrExpressionImpl(OR_EXPRESSION)
                            DLanguageXorExpressionImpl(XOR_EXPRESSION)
                              DLanguageAndExpressionImpl(AND_EXPRESSION)
                                DLanguageShiftExpressionImpl(SHIFT_EXPRESSION)
                                  DLanguageAddExpressionImpl(ADD_EXPRESSION)
                                    DLanguageMulExpressionImpl(MUL_EXPRESSION)
                                      DLanguageUnaryExpressionImpl(UNARY_EXPRESSION)
                                        DLanguagePowExpressionImpl(POW_EXPRESSION)
                                          DLanguagePostfixExpressionImpl(POSTFIX_EXPRESSION)
                                            DLanguagePrimaryExpressionImpl(PRIMARY_EXPRESSION)
                                              DLanguageFunctionLiteralImpl(FUNCTION_LITERAL)
                                                DLanguageParameterMemberAttributesImpl(PARAMETER_MEMBER_ATTRIBUTES)
                                                  DLanguageParametersImpl(PARAMETERS)
                                                    PsiElement(DLanguageTokenType.()('(')
                                                    PsiElement(DLanguageTokenType.))(')')
          PsiElement(DLanguageTokenType.;)(';')
  PsiComment(DLanguageTokenType.LINE_COMMENT)('// produces 6')
  DLanguageStatementImpl(STATEMENT)
    DLanguageNonEmptyStatementImpl(NON_EMPTY_STATEMENT)
      DLanguageNonEmptyStatementNoCaseNoDefaultImpl(NON_EMPTY_STATEMENT_NO_CASE_NO_DEFAULT)
        DLanguageExpressionStatementImpl(EXPRESSION_STATEMENT)
          DLanguageExpressionImpl(EXPRESSION)
            DLanguageCommaExpressionImpl(COMMA_EXPRESSION)
              DLanguageAssignExpressionImpl(ASSIGN_EXPRESSION)
                DLanguageConditionalExpressionImpl(CONDITIONAL_EXPRESSION)
                  DLanguageOrOrExpressionImpl(OR_OR_EXPRESSION)
                    DLanguageAndAndExpressionImpl(AND_AND_EXPRESSION)
                      DLanguageOrExpressionImpl(OR_EXPRESSION)
                        DLanguageXorExpressionImpl(XOR_EXPRESSION)
                          DLanguageAndExpressionImpl(AND_EXPRESSION)
                            DLanguageShiftExpressionImpl(SHIFT_EXPRESSION)
                              DLanguageAddExpressionImpl(ADD_EXPRESSION)
                                DLanguageMulExpressionImpl(MUL_EXPRESSION)
                                  DLanguageUnaryExpressionImpl(UNARY_EXPRESSION)
                                    DLanguagePowExpressionImpl(POW_EXPRESSION)
                                      DLanguagePostfixExpressionImpl(POSTFIX_EXPRESSION)
                                        DLanguagePrimaryExpressionImpl(PRIMARY_EXPRESSION)
                                          IDENTIFIER
                                            PsiElement(DLanguageTokenType.ID)('Foo')
                        DLanguageOrExpressionImpl(OR_EXPRESSION)
                          DLanguageXorExpressionImpl(XOR_EXPRESSION)
                            DLanguageAndExpressionImpl(AND_EXPRESSION)
                              DLanguageShiftExpressionImpl(SHIFT_EXPRESSION)
                                DLanguageAddExpressionImpl(ADD_EXPRESSION)
                                  DLanguageMulExpressionImpl(MUL_EXPRESSION)
                                    DLanguageUnaryExpressionImpl(UNARY_EXPRESSION)
                                      DLanguagePowExpressionImpl(POW_EXPRESSION)
                                        DLanguagePostfixExpressionImpl(POSTFIX_EXPRESSION)
                                          DLanguagePrimaryExpressionImpl(PRIMARY_EXPRESSION)
                                            PsiElement(DLanguageTokenType..)('.')
                                            IDENTIFIER
                                              PsiElement(DLanguageTokenType.ID)('foobar')
                          DLanguageOrExpressionImpl(OR_EXPRESSION)
                            DLanguageXorExpressionImpl(XOR_EXPRESSION)
                              DLanguageAndExpressionImpl(AND_EXPRESSION)
                                DLanguageShiftExpressionImpl(SHIFT_EXPRESSION)
                                  DLanguageAddExpressionImpl(ADD_EXPRESSION)
                                    DLanguageMulExpressionImpl(MUL_EXPRESSION)
                                      DLanguageUnaryExpressionImpl(UNARY_EXPRESSION)
                                        DLanguagePowExpressionImpl(POW_EXPRESSION)
                                          DLanguagePostfixExpressionImpl(POSTFIX_EXPRESSION)
                                            DLanguagePrimaryExpressionImpl(PRIMARY_EXPRESSION)
                                              DLanguageFunctionLiteralImpl(FUNCTION_LITERAL)
                                                DLanguageParameterMemberAttributesImpl(PARAMETER_MEMBER_ATTRIBUTES)
                                                  DLanguageParametersImpl(PARAMETERS)
                                                    PsiElement(DLanguageTokenType.()('(')
                                                    PsiElement(DLanguageTokenType.))(')')
          PsiElement(DLanguageTokenType.;)(';')
  PsiComment(DLanguageTokenType.LINE_COMMENT)('// error, no instance of Foo')
  DLanguageStatementImpl(STATEMENT)
    DLanguageNonEmptyStatementImpl(NON_EMPTY_STATEMENT)
      DLanguageNonEmptyStatementNoCaseNoDefaultImpl(NON_EMPTY_STATEMENT_NO_CASE_NO_DEFAULT)
        DLanguageExpressionStatementImpl(EXPRESSION_STATEMENT)
          DLanguageExpressionImpl(EXPRESSION)
            DLanguageCommaExpressionImpl(COMMA_EXPRESSION)
              DLanguageAssignExpressionImpl(ASSIGN_EXPRESSION)
                DLanguageConditionalExpressionImpl(CONDITIONAL_EXPRESSION)
                  DLanguageOrOrExpressionImpl(OR_OR_EXPRESSION)
                    DLanguageAndAndExpressionImpl(AND_AND_EXPRESSION)
                      DLanguageOrExpressionImpl(OR_EXPRESSION)
                        DLanguageXorExpressionImpl(XOR_EXPRESSION)
                          DLanguageAndExpressionImpl(AND_EXPRESSION)
                            DLanguageShiftExpressionImpl(SHIFT_EXPRESSION)
                              DLanguageAddExpressionImpl(ADD_EXPRESSION)
                                DLanguageMulExpressionImpl(MUL_EXPRESSION)
                                  DLanguageUnaryExpressionImpl(UNARY_EXPRESSION)
                                    DLanguagePowExpressionImpl(POW_EXPRESSION)
                                      DLanguagePostfixExpressionImpl(POSTFIX_EXPRESSION)
                                        DLanguagePrimaryExpressionImpl(PRIMARY_EXPRESSION)
                                          IDENTIFIER
                                            PsiElement(DLanguageTokenType.ID)('f')
                        DLanguageOrExpressionImpl(OR_EXPRESSION)
                          DLanguageXorExpressionImpl(XOR_EXPRESSION)
                            DLanguageAndExpressionImpl(AND_EXPRESSION)
                              DLanguageShiftExpressionImpl(SHIFT_EXPRESSION)
                                DLanguageAddExpressionImpl(ADD_EXPRESSION)
                                  DLanguageMulExpressionImpl(MUL_EXPRESSION)
                                    DLanguageUnaryExpressionImpl(UNARY_EXPRESSION)
                                      DLanguagePowExpressionImpl(POW_EXPRESSION)
                                        DLanguagePostfixExpressionImpl(POSTFIX_EXPRESSION)
                                          DLanguagePrimaryExpressionImpl(PRIMARY_EXPRESSION)
                                            PsiElement(DLanguageTokenType..)('.')
                                            IDENTIFIER
                                              PsiElement(DLanguageTokenType.ID)('bar')
                          DLanguageOrExpressionImpl(OR_EXPRESSION)
                            DLanguageXorExpressionImpl(XOR_EXPRESSION)
                              DLanguageAndExpressionImpl(AND_EXPRESSION)
                                DLanguageShiftExpressionImpl(SHIFT_EXPRESSION)
                                  DLanguageAddExpressionImpl(ADD_EXPRESSION)
                                    DLanguageMulExpressionImpl(MUL_EXPRESSION)
                                      DLanguageUnaryExpressionImpl(UNARY_EXPRESSION)
                                        DLanguagePowExpressionImpl(POW_EXPRESSION)
                                          DLanguagePostfixExpressionImpl(POSTFIX_EXPRESSION)
                                            DLanguagePrimaryExpressionImpl(PRIMARY_EXPRESSION)
                                              DLanguageFunctionLiteralImpl(FUNCTION_LITERAL)
                                                DLanguageParameterMemberAttributesImpl(PARAMETER_MEMBER_ATTRIBUTES)
                                                  DLanguageParametersImpl(PARAMETERS)
                                                    PsiElement(DLanguageTokenType.()('(')
                                                    PsiElement(DLanguageTokenType.))(')')
          PsiElement(DLanguageTokenType.;)(';')
  PsiComment(DLanguageTokenType.LINE_COMMENT)('// produces 6;')
  DLanguageStatementImpl(STATEMENT)
    DLanguageNonEmptyStatementImpl(NON_EMPTY_STATEMENT)
      DLanguageNonEmptyStatementNoCaseNoDefaultImpl(NON_EMPTY_STATEMENT_NO_CASE_NO_DEFAULT)
        DLanguageExpressionStatementImpl(EXPRESSION_STATEMENT)
          DLanguageExpressionImpl(EXPRESSION)
            DLanguageCommaExpressionImpl(COMMA_EXPRESSION)
              DLanguageAssignExpressionImpl(ASSIGN_EXPRESSION)
                DLanguageConditionalExpressionImpl(CONDITIONAL_EXPRESSION)
                  DLanguageOrOrExpressionImpl(OR_OR_EXPRESSION)
                    DLanguageAndAndExpressionImpl(AND_AND_EXPRESSION)
                      DLanguageOrExpressionImpl(OR_EXPRESSION)
                        DLanguageXorExpressionImpl(XOR_EXPRESSION)
                          DLanguageAndExpressionImpl(AND_EXPRESSION)
                            DLanguageShiftExpressionImpl(SHIFT_EXPRESSION)
                              DLanguageAddExpressionImpl(ADD_EXPRESSION)
                                DLanguageMulExpressionImpl(MUL_EXPRESSION)
                                  DLanguageUnaryExpressionImpl(UNARY_EXPRESSION)
                                    DLanguagePowExpressionImpl(POW_EXPRESSION)
                                      DLanguagePostfixExpressionImpl(POSTFIX_EXPRESSION)
                                        DLanguagePrimaryExpressionImpl(PRIMARY_EXPRESSION)
                                          IDENTIFIER
                                            PsiElement(DLanguageTokenType.ID)('f')
                        DLanguageOrExpressionImpl(OR_EXPRESSION)
                          DLanguageXorExpressionImpl(XOR_EXPRESSION)
                            DLanguageAndExpressionImpl(AND_EXPRESSION)
                              DLanguageShiftExpressionImpl(SHIFT_EXPRESSION)
                                DLanguageAddExpressionImpl(ADD_EXPRESSION)
                                  DLanguageMulExpressionImpl(MUL_EXPRESSION)
                                    DLanguageUnaryExpressionImpl(UNARY_EXPRESSION)
                                      DLanguagePowExpressionImpl(POW_EXPRESSION)
                                        DLanguagePostfixExpressionImpl(POSTFIX_EXPRESSION)
                                          DLanguagePrimaryExpressionImpl(PRIMARY_EXPRESSION)
                                            PsiElement(DLanguageTokenType..)('.')
                                            IDENTIFIER
                                              PsiElement(DLanguageTokenType.ID)('foobar')
                          DLanguageOrExpressionImpl(OR_EXPRESSION)
                            DLanguageXorExpressionImpl(XOR_EXPRESSION)
                              DLanguageAndExpressionImpl(AND_EXPRESSION)
                                DLanguageShiftExpressionImpl(SHIFT_EXPRESSION)
                                  DLanguageAddExpressionImpl(ADD_EXPRESSION)
                                    DLanguageMulExpressionImpl(MUL_EXPRESSION)
                                      DLanguageUnaryExpressionImpl(UNARY_EXPRESSION)
                                        DLanguagePowExpressionImpl(POW_EXPRESSION)
                                          DLanguagePostfixExpressionImpl(POSTFIX_EXPRESSION)
                                            DLanguagePrimaryExpressionImpl(PRIMARY_EXPRESSION)
                                              DLanguageFunctionLiteralImpl(FUNCTION_LITERAL)
                                                DLanguageParameterMemberAttributesImpl(PARAMETER_MEMBER_ATTRIBUTES)
                                                  DLanguageParametersImpl(PARAMETERS)
                                                    PsiElement(DLanguageTokenType.()('(')
                                                    PsiElement(DLanguageTokenType.))(')')
          PsiElement(DLanguageTokenType.;)(';')
  PsiComment(DLanguageTokenType.LINE_COMMENT)('// produces 7;')
