D Language File
  MODULE_DECLARATION
    PsiElement(DLanguageTokenType.module)('module')
    DLanguageModuleFullyQualifiedNameImpl(MODULE_FULLY_QUALIFIED_NAME)
      IDENTIFIER
        PsiElement(DLanguageTokenType.ID)('foo')
    PsiElement(DLanguageTokenType.;)(';')
  DLanguageDeclDefsImpl(DECL_DEFS)
    DLanguageDeclDefImpl(DECL_DEF)
      DLanguageDeclarationImpl(DECLARATION)
        DLanguageVarDeclarationsImpl(VAR_DECLARATIONS)
          DLanguageBasicTypeImpl(BASIC_TYPE)
            DLanguageBasicTypeXImpl(BASIC_TYPE_X)
              PsiElement(DLanguageTokenType.int)('int')
          DLanguageDeclaratorsImpl(DECLARATORS)
            DECLARATOR_INITIALIZER
              DLanguageVarDeclaratorImpl(VAR_DECLARATOR)
                IDENTIFIER
                  PsiElement(DLanguageTokenType.ID)('x')
              PsiElement(DLanguageTokenType.=)('=')
              DLanguageInitializerImpl(INITIALIZER)
                DLanguageNonVoidInitializerImpl(NON_VOID_INITIALIZER)
                  DLanguageAssignExpressionImpl(ASSIGN_EXPRESSION)
                    DLanguageConditionalExpressionImpl(CONDITIONAL_EXPRESSION)
                      DLanguageOrOrExpressionImpl(OR_OR_EXPRESSION)
                        DLanguageAndAndExpressionImpl(AND_AND_EXPRESSION)
                          DLanguageOrExpressionImpl(OR_EXPRESSION)
                            DLanguageXorExpressionImpl(XOR_EXPRESSION)
                              DLanguageAndExpressionImpl(AND_EXPRESSION)
                                DLanguageShiftExpressionImpl(SHIFT_EXPRESSION)
                                  DLanguageAddExpressionImpl(ADD_EXPRESSION)
                                    DLanguageMulExpressionImpl(MUL_EXPRESSION)
                                      DLanguageUnaryExpressionImpl(UNARY_EXPRESSION)
                                        DLanguagePowExpressionImpl(POW_EXPRESSION)
                                          DLanguagePostfixExpressionImpl(POSTFIX_EXPRESSION)
                                            DLanguagePrimaryExpressionImpl(PRIMARY_EXPRESSION)
                                              PsiElement(DLanguageTokenType.INTEGER_LITERAL)('3')
          PsiElement(DLanguageTokenType.;)(';')
    PsiComment(DLanguageTokenType.LINE_COMMENT)('// x is global')
    DLanguageDeclDefsImpl(DECL_DEFS)
      DLanguageDeclDefImpl(DECL_DEF)
        DLanguageAttributeSpecifierImpl(ATTRIBUTE_SPECIFIER)
          DLanguageAttributeImpl(ATTRIBUTE)
            DLanguageProtectionAttributeImpl(PROTECTION_ATTRIBUTE)
              PsiElement(DLanguageTokenType.private)('private')
          DLanguageDeclarationBlockImpl(DECLARATION_BLOCK)
            DLanguageDeclDefImpl(DECL_DEF)
              DLanguageDeclarationImpl(DECLARATION)
                DLanguageVarDeclarationsImpl(VAR_DECLARATIONS)
                  DLanguageBasicTypeImpl(BASIC_TYPE)
                    DLanguageBasicTypeXImpl(BASIC_TYPE_X)
                      PsiElement(DLanguageTokenType.int)('int')
                  DLanguageDeclaratorsImpl(DECLARATORS)
                    DECLARATOR_INITIALIZER
                      DLanguageVarDeclaratorImpl(VAR_DECLARATOR)
                        IDENTIFIER
                          PsiElement(DLanguageTokenType.ID)('y')
                      PsiElement(DLanguageTokenType.=)('=')
                      DLanguageInitializerImpl(INITIALIZER)
                        DLanguageNonVoidInitializerImpl(NON_VOID_INITIALIZER)
                          DLanguageAssignExpressionImpl(ASSIGN_EXPRESSION)
                            DLanguageConditionalExpressionImpl(CONDITIONAL_EXPRESSION)
                              DLanguageOrOrExpressionImpl(OR_OR_EXPRESSION)
                                DLanguageAndAndExpressionImpl(AND_AND_EXPRESSION)
                                  DLanguageOrExpressionImpl(OR_EXPRESSION)
                                    DLanguageXorExpressionImpl(XOR_EXPRESSION)
                                      DLanguageAndExpressionImpl(AND_EXPRESSION)
                                        DLanguageShiftExpressionImpl(SHIFT_EXPRESSION)
                                          DLanguageAddExpressionImpl(ADD_EXPRESSION)
                                            DLanguageMulExpressionImpl(MUL_EXPRESSION)
                                              DLanguageUnaryExpressionImpl(UNARY_EXPRESSION)
                                                DLanguagePowExpressionImpl(POW_EXPRESSION)
                                                  DLanguagePostfixExpressionImpl(POSTFIX_EXPRESSION)
                                                    DLanguagePrimaryExpressionImpl(PRIMARY_EXPRESSION)
                                                      PsiElement(DLanguageTokenType.INTEGER_LITERAL)('4')
                  PsiElement(DLanguageTokenType.;)(';')
  PsiComment(DLanguageTokenType.LINE_COMMENT)('// y is local to module foo')
