D Language File
  DLanguageDeclDefsImpl(DECL_DEFS)
    DLanguageDeclDefImpl(DECL_DEF)
      DLanguageDeclarationImpl(DECLARATION)
        DLanguageVarDeclarationsImpl(VAR_DECLARATIONS)
          DLanguageBasicTypeImpl(BASIC_TYPE)
            DLanguageBasicTypeXImpl(BASIC_TYPE_X)
              PsiElement(DLanguageTokenType.int)('int')
          DLanguageDeclaratorsImpl(DECLARATORS)
            DECLARATOR_INITIALIZER
              DLanguageVarDeclaratorImpl(VAR_DECLARATOR)
                IDENTIFIER
                  PsiElement(DLanguageTokenType.ID)('foo')
          PsiElement(DLanguageTokenType.;)(';')
    PsiComment(DLanguageTokenType.LINE_COMMENT)('// Each thread has its own exclusive copy of foo.')
    DLanguageDeclDefsImpl(DECL_DEFS)
      DLanguageDeclDefImpl(DECL_DEF)
        DLanguageAttributeSpecifierImpl(ATTRIBUTE_SPECIFIER)
          DLanguageAttributeImpl(ATTRIBUTE)
            PsiElement(DLanguageTokenType.__gshared)('__gshared')
          DLanguageDeclarationBlockImpl(DECLARATION_BLOCK)
            DLanguageDeclDefImpl(DECL_DEF)
              DLanguageDeclarationImpl(DECLARATION)
                DLanguageVarDeclarationsImpl(VAR_DECLARATIONS)
                  DLanguageBasicTypeImpl(BASIC_TYPE)
                    DLanguageBasicTypeXImpl(BASIC_TYPE_X)
                      PsiElement(DLanguageTokenType.int)('int')
                  DLanguageDeclaratorsImpl(DECLARATORS)
                    DECLARATOR_INITIALIZER
                      DLanguageVarDeclaratorImpl(VAR_DECLARATOR)
                        IDENTIFIER
                          PsiElement(DLanguageTokenType.ID)('bar')
                  PsiElement(DLanguageTokenType.;)(';')
      PsiComment(DLanguageTokenType.LINE_COMMENT)('// bar is shared by all threads.')
      DLanguageDeclDefsImpl(DECL_DEFS)
        DLanguageDeclDefImpl(DECL_DEF)
          DLanguageDeclarationImpl(DECLARATION)
            DLanguageAggregateDeclarationImpl(AGGREGATE_DECLARATION)
              CLASS_DECLARATION
                PsiElement(DLanguageTokenType.class)('class')
                IDENTIFIER
                  PsiElement(DLanguageTokenType.ID)('Foo')
                DLanguageAggregateBodyImpl(AGGREGATE_BODY)
                  PsiElement(DLanguageTokenType.{)('{')
                  DLanguageDeclDefsImpl(DECL_DEFS)
                    DLanguageDeclDefImpl(DECL_DEF)
                      DLanguageAttributeSpecifierImpl(ATTRIBUTE_SPECIFIER)
                        DLanguageAttributeImpl(ATTRIBUTE)
                          PsiElement(DLanguageTokenType.__gshared)('__gshared')
                        DLanguageDeclarationBlockImpl(DECLARATION_BLOCK)
                          DLanguageDeclDefImpl(DECL_DEF)
                            DLanguageDeclarationImpl(DECLARATION)
                              DLanguageVarDeclarationsImpl(VAR_DECLARATIONS)
                                DLanguageBasicTypeImpl(BASIC_TYPE)
                                  DLanguageBasicTypeXImpl(BASIC_TYPE_X)
                                    PsiElement(DLanguageTokenType.int)('int')
                                DLanguageDeclaratorsImpl(DECLARATORS)
                                  DECLARATOR_INITIALIZER
                                    DLanguageVarDeclaratorImpl(VAR_DECLARATOR)
                                      IDENTIFIER
                                        PsiElement(DLanguageTokenType.ID)('bar')
                                PsiElement(DLanguageTokenType.;)(';')
                  PsiElement(DLanguageTokenType.})('}')
        DLanguageDeclDefsImpl(DECL_DEFS)
          DLanguageDeclDefImpl(DECL_DEF)
            DLanguageDeclarationImpl(DECLARATION)
              FUNC_DECLARATION
                DLanguageBasicTypeImpl(BASIC_TYPE)
                  DLanguageBasicTypeXImpl(BASIC_TYPE_X)
                    PsiElement(DLanguageTokenType.int)('int')
                IDENTIFIER
                  PsiElement(DLanguageTokenType.ID)('foo')
                DLanguageFuncDeclaratorSuffixImpl(FUNC_DECLARATOR_SUFFIX)
                  DLanguageParametersImpl(PARAMETERS)
                    PsiElement(DLanguageTokenType.()('(')
                    PsiElement(DLanguageTokenType.))(')')
                DLanguageFunctionBodyImpl(FUNCTION_BODY)
                  DLanguageBlockStatementImpl(BLOCK_STATEMENT)
                    PsiElement(DLanguageTokenType.{)('{')
                    DLanguageStatementListImpl(STATEMENT_LIST)
                      DLanguageStatementImpl(STATEMENT)
                        DLanguageNonEmptyStatementImpl(NON_EMPTY_STATEMENT)
                          DLanguageNonEmptyStatementNoCaseNoDefaultImpl(NON_EMPTY_STATEMENT_NO_CASE_NO_DEFAULT)
                            DLanguageDeclarationStatementImpl(DECLARATION_STATEMENT)
                              DLanguageStorageClassesImpl(STORAGE_CLASSES)
                                DLanguageStorageClassImpl(STORAGE_CLASS)
                                  PsiElement(DLanguageTokenType.__gshared)('__gshared')
                              DLanguageDeclarationImpl(DECLARATION)
                                DLanguageVarDeclarationsImpl(VAR_DECLARATIONS)
                                  DLanguageBasicTypeImpl(BASIC_TYPE)
                                    DLanguageBasicTypeXImpl(BASIC_TYPE_X)
                                      PsiElement(DLanguageTokenType.int)('int')
                                  DLanguageDeclaratorsImpl(DECLARATORS)
                                    DECLARATOR_INITIALIZER
                                      DLanguageVarDeclaratorImpl(VAR_DECLARATOR)
                                        IDENTIFIER
                                          PsiElement(DLanguageTokenType.ID)('bar')
                                      PsiElement(DLanguageTokenType.=)('=')
                                      DLanguageInitializerImpl(INITIALIZER)
                                        DLanguageNonVoidInitializerImpl(NON_VOID_INITIALIZER)
                                          DLanguageAssignExpressionImpl(ASSIGN_EXPRESSION)
                                            DLanguageConditionalExpressionImpl(CONDITIONAL_EXPRESSION)
                                              DLanguageOrOrExpressionImpl(OR_OR_EXPRESSION)
                                                DLanguageAndAndExpressionImpl(AND_AND_EXPRESSION)
                                                  DLanguageOrExpressionImpl(OR_EXPRESSION)
                                                    DLanguageXorExpressionImpl(XOR_EXPRESSION)
                                                      DLanguageAndExpressionImpl(AND_EXPRESSION)
                                                        DLanguageShiftExpressionImpl(SHIFT_EXPRESSION)
                                                          DLanguageAddExpressionImpl(ADD_EXPRESSION)
                                                            DLanguageMulExpressionImpl(MUL_EXPRESSION)
                                                              DLanguageUnaryExpressionImpl(UNARY_EXPRESSION)
                                                                DLanguagePowExpressionImpl(POW_EXPRESSION)
                                                                  DLanguagePostfixExpressionImpl(POSTFIX_EXPRESSION)
                                                                    DLanguagePrimaryExpressionImpl(PRIMARY_EXPRESSION)
                                                                      PsiElement(DLanguageTokenType.INTEGER_LITERAL)('0')
                                  PsiElement(DLanguageTokenType.;)(';')
                      DLanguageStatementListImpl(STATEMENT_LIST)
                        DLanguageStatementImpl(STATEMENT)
                          DLanguageNonEmptyStatementImpl(NON_EMPTY_STATEMENT)
                            DLanguageNonEmptyStatementNoCaseNoDefaultImpl(NON_EMPTY_STATEMENT_NO_CASE_NO_DEFAULT)
                              DLanguageReturnStatementImpl(RETURN_STATEMENT)
                                PsiElement(DLanguageTokenType.return)('return')
                                DLanguageExpressionImpl(EXPRESSION)
                                  DLanguageCommaExpressionImpl(COMMA_EXPRESSION)
                                    DLanguageAssignExpressionImpl(ASSIGN_EXPRESSION)
                                      DLanguageConditionalExpressionImpl(CONDITIONAL_EXPRESSION)
                                        DLanguageOrOrExpressionImpl(OR_OR_EXPRESSION)
                                          DLanguageAndAndExpressionImpl(AND_AND_EXPRESSION)
                                            DLanguageOrExpressionImpl(OR_EXPRESSION)
                                              DLanguageXorExpressionImpl(XOR_EXPRESSION)
                                                DLanguageAndExpressionImpl(AND_EXPRESSION)
                                                  DLanguageShiftExpressionImpl(SHIFT_EXPRESSION)
                                                    DLanguageAddExpressionImpl(ADD_EXPRESSION)
                                                      DLanguageMulExpressionImpl(MUL_EXPRESSION)
                                                        DLanguageUnaryExpressionImpl(UNARY_EXPRESSION)
                                                          DLanguagePowExpressionImpl(POW_EXPRESSION)
                                                            DLanguagePostfixExpressionImpl(POSTFIX_EXPRESSION)
                                                              DLanguagePrimaryExpressionImpl(PRIMARY_EXPRESSION)
                                                                IDENTIFIER
                                                                  PsiElement(DLanguageTokenType.ID)('bar')
                                              DLanguageOrExpressionImpl(OR_EXPRESSION)
                                                DLanguageXorExpressionImpl(XOR_EXPRESSION)
                                                  DLanguageAndExpressionImpl(AND_EXPRESSION)
                                                    DLanguageShiftExpressionImpl(SHIFT_EXPRESSION)
                                                      DLanguageAddExpressionImpl(ADD_EXPRESSION)
                                                        DLanguageMulExpressionImpl(MUL_EXPRESSION)
                                                          DLanguageUnaryExpressionImpl(UNARY_EXPRESSION)
                                                            PsiElement(DLanguageTokenType.++)('++')
                                PsiElement(DLanguageTokenType.;)(';')
                    PsiComment(DLanguageTokenType.LINE_COMMENT)('// Not thread safe.')
                    PsiElement(DLanguageTokenType.})('}')
