D Language File
  PsiComment(DLanguageTokenType.LINE_COMMENT)('// Test used for fixing the bitwise or bug (the pipe symbol)')
  DLanguageStatementImpl(STATEMENT)
    DLanguageNonEmptyStatementImpl(NON_EMPTY_STATEMENT)
      DLanguageNonEmptyStatementNoCaseNoDefaultImpl(NON_EMPTY_STATEMENT_NO_CASE_NO_DEFAULT)
        DLanguageExpressionStatementImpl(EXPRESSION_STATEMENT)
          DLanguageExpressionImpl(EXPRESSION)
            DLanguageCommaExpressionImpl(COMMA_EXPRESSION)
              DLanguageAssignExpressionImpl(ASSIGN_EXPRESSION)
                DLanguageConditionalExpressionImpl(CONDITIONAL_EXPRESSION)
                  DLanguageOrOrExpressionImpl(OR_OR_EXPRESSION)
                    DLanguageAndAndExpressionImpl(AND_AND_EXPRESSION)
                      DLanguageOrExpressionImpl(OR_EXPRESSION)
                        DLanguageXorExpressionImpl(XOR_EXPRESSION)
                          DLanguageAndExpressionImpl(AND_EXPRESSION)
                            DLanguageShiftExpressionImpl(SHIFT_EXPRESSION)
                              DLanguageAddExpressionImpl(ADD_EXPRESSION)
                                DLanguageMulExpressionImpl(MUL_EXPRESSION)
                                  DLanguageUnaryExpressionImpl(UNARY_EXPRESSION)
                                    DLanguagePowExpressionImpl(POW_EXPRESSION)
                                      DLanguagePostfixExpressionImpl(POSTFIX_EXPRESSION)
                                        DLanguagePrimaryExpressionImpl(PRIMARY_EXPRESSION)
                                          IDENTIFIER
                                            PsiElement(DLanguageTokenType.ID)('assertEquals')
                        DLanguageOrExpressionImpl(OR_EXPRESSION)
                          DLanguageXorExpressionImpl(XOR_EXPRESSION)
                            DLanguageAndExpressionImpl(AND_EXPRESSION)
                              DLanguageShiftExpressionImpl(SHIFT_EXPRESSION)
                                DLanguageAddExpressionImpl(ADD_EXPRESSION)
                                  DLanguageMulExpressionImpl(MUL_EXPRESSION)
                                    DLanguageUnaryExpressionImpl(UNARY_EXPRESSION)
                                      DLanguagePowExpressionImpl(POW_EXPRESSION)
                                        DLanguagePostfixExpressionImpl(POSTFIX_EXPRESSION)
                                          DLanguagePrimaryExpressionImpl(PRIMARY_EXPRESSION)
                                            PsiElement(DLanguageTokenType.()('(')
                                            DLanguageExpressionImpl(EXPRESSION)
                                              DLanguageCommaExpressionImpl(COMMA_EXPRESSION)
                                                DLanguageAssignExpressionImpl(ASSIGN_EXPRESSION)
                                                  DLanguageConditionalExpressionImpl(CONDITIONAL_EXPRESSION)
                                                    DLanguageOrOrExpressionImpl(OR_OR_EXPRESSION)
                                                      DLanguageAndAndExpressionImpl(AND_AND_EXPRESSION)
                                                        DLanguageOrExpressionImpl(OR_EXPRESSION)
                                                          DLanguageXorExpressionImpl(XOR_EXPRESSION)
                                                            DLanguageAndExpressionImpl(AND_EXPRESSION)
                                                              DLanguageShiftExpressionImpl(SHIFT_EXPRESSION)
                                                                DLanguageAddExpressionImpl(ADD_EXPRESSION)
                                                                  DLanguageMulExpressionImpl(MUL_EXPRESSION)
                                                                    DLanguageUnaryExpressionImpl(UNARY_EXPRESSION)
                                                                      DLanguagePowExpressionImpl(POW_EXPRESSION)
                                                                        DLanguagePostfixExpressionImpl(POSTFIX_EXPRESSION)
                                                                          DLanguagePrimaryExpressionImpl(PRIMARY_EXPRESSION)
                                                                            PsiElement(DLanguageTokenType.INTEGER_LITERAL)('2')
                                                          DLanguageOrExpressionImpl(OR_EXPRESSION)
                                                            DLanguageXorExpressionImpl(XOR_EXPRESSION)
                                                              DLanguageAndExpressionImpl(AND_EXPRESSION)
                                                                DLanguageShiftExpressionImpl(SHIFT_EXPRESSION)
                                                                  DLanguageAddExpressionImpl(ADD_EXPRESSION)
                                                                    DLanguageMulExpressionImpl(MUL_EXPRESSION)
                                                                      DLanguageUnaryExpressionImpl(UNARY_EXPRESSION)
                                                                        PsiElement(DLanguageTokenType.|)('|')
                                                                        DLanguageUnaryExpressionImpl(UNARY_EXPRESSION)
                                                                          DLanguagePowExpressionImpl(POW_EXPRESSION)
                                                                            DLanguagePostfixExpressionImpl(POSTFIX_EXPRESSION)
                                                                              DLanguagePrimaryExpressionImpl(PRIMARY_EXPRESSION)
                                                                                PsiElement(DLanguageTokenType.INTEGER_LITERAL)('4')
                                                PsiElement(DLanguageTokenType.,)(',')
                                                DLanguageCommaExpressionImpl(COMMA_EXPRESSION)
                                                  DLanguageAssignExpressionImpl(ASSIGN_EXPRESSION)
                                                    DLanguageConditionalExpressionImpl(CONDITIONAL_EXPRESSION)
                                                      DLanguageOrOrExpressionImpl(OR_OR_EXPRESSION)
                                                        DLanguageAndAndExpressionImpl(AND_AND_EXPRESSION)
                                                          DLanguageOrExpressionImpl(OR_EXPRESSION)
                                                            DLanguageXorExpressionImpl(XOR_EXPRESSION)
                                                              DLanguageAndExpressionImpl(AND_EXPRESSION)
                                                                DLanguageShiftExpressionImpl(SHIFT_EXPRESSION)
                                                                  DLanguageAddExpressionImpl(ADD_EXPRESSION)
                                                                    DLanguageMulExpressionImpl(MUL_EXPRESSION)
                                                                      DLanguageUnaryExpressionImpl(UNARY_EXPRESSION)
                                                                        DLanguagePowExpressionImpl(POW_EXPRESSION)
                                                                          DLanguagePostfixExpressionImpl(POSTFIX_EXPRESSION)
                                                                            DLanguagePrimaryExpressionImpl(PRIMARY_EXPRESSION)
                                                                              PsiElement(DLanguageTokenType.INTEGER_LITERAL)('2')
                                            PsiElement(DLanguageTokenType.))(')')
          PsiElement(DLanguageTokenType.;)(';')
  DLanguageDeclDefsImpl(DECL_DEFS)
    DLanguageDeclDefImpl(DECL_DEF)
      DLanguageAttributeSpecifierImpl(ATTRIBUTE_SPECIFIER)
        DLanguageAttributeImpl(ATTRIBUTE)
          PsiElement(DLanguageTokenType.auto)('auto')
        DLanguageDeclarationBlockImpl(DECLARATION_BLOCK)
          DLanguageDeclDefImpl(DECL_DEF)
            DLanguageDeclarationImpl(DECLARATION)
              DLanguageVarDeclarationsImpl(VAR_DECLARATIONS)
                DLanguageAutoDeclarationImpl(AUTO_DECLARATION)
                  DLanguageAutoDeclarationXImpl(AUTO_DECLARATION_X)
                    AUTO_DECLARATION_Y
                      IDENTIFIER
                        PsiElement(DLanguageTokenType.ID)('x')
                      PsiElement(DLanguageTokenType.=)('=')
                      DLanguageInitializerImpl(INITIALIZER)
                        DLanguageNonVoidInitializerImpl(NON_VOID_INITIALIZER)
                          DLanguageAssignExpressionImpl(ASSIGN_EXPRESSION)
                            DLanguageConditionalExpressionImpl(CONDITIONAL_EXPRESSION)
                              DLanguageOrOrExpressionImpl(OR_OR_EXPRESSION)
                                DLanguageAndAndExpressionImpl(AND_AND_EXPRESSION)
                                  DLanguageOrExpressionImpl(OR_EXPRESSION)
                                    DLanguageXorExpressionImpl(XOR_EXPRESSION)
                                      DLanguageAndExpressionImpl(AND_EXPRESSION)
                                        DLanguageShiftExpressionImpl(SHIFT_EXPRESSION)
                                          DLanguageAddExpressionImpl(ADD_EXPRESSION)
                                            DLanguageMulExpressionImpl(MUL_EXPRESSION)
                                              DLanguageUnaryExpressionImpl(UNARY_EXPRESSION)
                                                DLanguagePowExpressionImpl(POW_EXPRESSION)
                                                  DLanguagePostfixExpressionImpl(POSTFIX_EXPRESSION)
                                                    DLanguagePrimaryExpressionImpl(PRIMARY_EXPRESSION)
                                                      PsiElement(DLanguageTokenType.true)('true')
                                    DLanguageOrExpressionImpl(OR_EXPRESSION)
                                      DLanguageXorExpressionImpl(XOR_EXPRESSION)
                                        DLanguageAndExpressionImpl(AND_EXPRESSION)
                                          DLanguageShiftExpressionImpl(SHIFT_EXPRESSION)
                                            DLanguageAddExpressionImpl(ADD_EXPRESSION)
                                              DLanguageMulExpressionImpl(MUL_EXPRESSION)
                                                DLanguageUnaryExpressionImpl(UNARY_EXPRESSION)
                                                  PsiElement(DLanguageTokenType.|)('|')
                                                  DLanguageUnaryExpressionImpl(UNARY_EXPRESSION)
                                                    DLanguagePowExpressionImpl(POW_EXPRESSION)
                                                      DLanguagePostfixExpressionImpl(POSTFIX_EXPRESSION)
                                                        DLanguagePrimaryExpressionImpl(PRIMARY_EXPRESSION)
                                                          PsiElement(DLanguageTokenType.false)('false')
                  PsiElement(DLanguageTokenType.;)(';')
