D Language File
  DLanguageSpecifiedVariableDeclarationImpl(VARIABLE_DECLARATION)
    DLanguageBasicTypeImpl(BASIC_TYPE)
      DLanguageVectorImpl(VECTOR)
        PsiElement(DlangTokenType.__vector)('__vector')
        PsiElement(DlangTokenType.()('(')
        DLanguageTypeImpl(TYPE)
          DLanguageBasicTypeImpl(BASIC_TYPE)
            DLanguageBuiltinTypeImpl(BUILTIN_TYPE)
              PsiElement(DlangTokenType.int)('int')
        PsiElement(DlangTokenType.))(')')
    IDENTIFIER_INITIALIZER
      PsiElement(DlangTokenType.ID)('i')
    PsiElement(DlangTokenType.;)(';')
  DLanguageSpecifiedVariableDeclarationImpl(VARIABLE_DECLARATION)
    DLanguageBasicTypeImpl(BASIC_TYPE)
      DLanguageVectorImpl(VECTOR)
        PsiElement(DlangTokenType.__vector)('__vector')
        PsiElement(DlangTokenType.()('(')
        DLanguageTypeImpl(TYPE)
          DLanguageBasicTypeImpl(BASIC_TYPE)
            DLanguageQualifiedIdentifierImpl(QUALIFIED_IDENTIFIER)
              PsiElement(DlangTokenType.ID)('V')
              PsiElement(DlangTokenType.[)('[')
              DLanguageReferenceExpressionImpl(REFERENCE_EXPRESSION)
                PsiElement(DlangTokenType.ID)('N')
              PsiElement(DlangTokenType.])(']')
        PsiElement(DlangTokenType.))(')')
    IDENTIFIER_INITIALIZER
      PsiElement(DlangTokenType.ID)('j')
    PsiElement(DlangTokenType.;)(';')