D Language File
  DLanguageDeclDefsImpl(DECL_DEFS)
    DLanguageDeclDefImpl(DECL_DEF)
      DLanguageAttributeSpecifierImpl(ATTRIBUTE_SPECIFIER)
        DLanguageAttributeImpl(ATTRIBUTE)
          PsiElement(DLanguageTokenType.immutable)('immutable')
        DLanguageDeclarationBlockImpl(DECLARATION_BLOCK)
          DLanguageDeclDefImpl(DECL_DEF)
            DLanguageDeclarationImpl(DECLARATION)
              DLanguageVarDeclarationsImpl(VAR_DECLARATIONS)
                DLanguageBasicTypeImpl(BASIC_TYPE)
                  PsiElement(DLanguageTokenType.()('(')
                  DLanguageTypeImpl(TYPE)
                    DLanguageBasicTypeImpl(BASIC_TYPE)
                      DLanguageBasicTypeXImpl(BASIC_TYPE_X)
                        PsiElement(DLanguageTokenType.int)('int')
                  PsiElement(DLanguageTokenType.))(')')
                DLanguageDeclaratorsImpl(DECLARATORS)
                  DECLARATOR_INITIALIZER
                    DLanguageVarDeclaratorImpl(VAR_DECLARATOR)
                      IDENTIFIER
                        PsiElement(DLanguageTokenType.ID)('x')
                PsiElement(DLanguageTokenType.;)(';')
    PsiComment(DLanguageTokenType.LINE_COMMENT)('// typeof(x) == immutable(int)')
    DLanguageDeclDefsImpl(DECL_DEFS)
      DLanguageDeclDefImpl(DECL_DEF)
        DLanguageAttributeSpecifierImpl(ATTRIBUTE_SPECIFIER)
          DLanguageAttributeImpl(ATTRIBUTE)
            PsiElement(DLanguageTokenType.immutable)('immutable')
          DLanguageDeclarationBlockImpl(DECLARATION_BLOCK)
            DLanguageDeclDefImpl(DECL_DEF)
              DLanguageDeclarationImpl(DECLARATION)
                DLanguageVarDeclarationsImpl(VAR_DECLARATIONS)
                  DLanguageBasicTypeImpl(BASIC_TYPE)
                    PsiElement(DLanguageTokenType.()('(')
                    DLanguageTypeImpl(TYPE)
                      DLanguageBasicTypeImpl(BASIC_TYPE)
                        DLanguageBasicTypeXImpl(BASIC_TYPE_X)
                          PsiElement(DLanguageTokenType.int)('int')
                    PsiElement(DLanguageTokenType.))(')')
                  DLanguageDeclaratorsImpl(DECLARATORS)
                    DECLARATOR_INITIALIZER
                      DLanguageVarDeclaratorImpl(VAR_DECLARATOR)
                        DLanguageBasicType2Impl(BASIC_TYPE_2)
                          DLanguageBasicType2XImpl(BASIC_TYPE_2_X)
                            PsiElement(DLanguageTokenType.[)('[')
                            PsiElement(DLanguageTokenType.])(']')
                        IDENTIFIER
                          PsiElement(DLanguageTokenType.ID)('y')
                  PsiElement(DLanguageTokenType.;)(';')
      PsiComment(DLanguageTokenType.LINE_COMMENT)('// typeof(y) == immutable(int)[]')
      PsiComment(DLanguageTokenType.LINE_COMMENT)('// typeof(y[0]) == immutable(int)')
      PsiComment(DLanguageTokenType.LINE_COMMENT)('// Type constructors create new types that can be aliased:')
      DLanguageDeclDefsImpl(DECL_DEFS)
        DLanguageDeclDefImpl(DECL_DEF)
          DLanguageDeclarationImpl(DECLARATION)
            ALIAS_DECLARATION
              PsiElement(DLanguageTokenType.alias)('alias')
              IDENTIFIER
                PsiElement(DLanguageTokenType.ID)('ImmutableInt')
              PsiElement(DLanguageTokenType.=)('=')
              DLanguageTypeImpl(TYPE)
                DLanguageTypeCtorsImpl(TYPE_CTORS)
                  DLanguageTypeCtorImpl(TYPE_CTOR)
                    PsiElement(DLanguageTokenType.immutable)('immutable')
                DLanguageBasicTypeImpl(BASIC_TYPE)
                  PsiElement(DLanguageTokenType.()('(')
                  DLanguageTypeImpl(TYPE)
                    DLanguageBasicTypeImpl(BASIC_TYPE)
                      DLanguageBasicTypeXImpl(BASIC_TYPE_X)
                        PsiElement(DLanguageTokenType.int)('int')
                  PsiElement(DLanguageTokenType.))(')')
              PsiElement(DLanguageTokenType.;)(';')
        DLanguageDeclDefsImpl(DECL_DEFS)
          DLanguageDeclDefImpl(DECL_DEF)
            DLanguageDeclarationImpl(DECLARATION)
              DLanguageVarDeclarationsImpl(VAR_DECLARATIONS)
                DLanguageBasicTypeImpl(BASIC_TYPE)
                  DLanguageIdentifierListImpl(IDENTIFIER_LIST)
                    IDENTIFIER
                      PsiElement(DLanguageTokenType.ID)('ImmutableInt')
                DLanguageDeclaratorsImpl(DECLARATORS)
                  DECLARATOR_INITIALIZER
                    DLanguageVarDeclaratorImpl(VAR_DECLARATOR)
                      IDENTIFIER
                        PsiElement(DLanguageTokenType.ID)('z')
                PsiElement(DLanguageTokenType.;)(';')
  PsiComment(DLanguageTokenType.LINE_COMMENT)('// typeof(z) == immutable(int)')
