D Language File
  DLanguageImportDeclarationImpl(IMPORT_DECLARATION)
    PsiElement(DlangTokenType.import)('import')
    SINGLE_IMPORT
      DLanguageIdentifierChainImpl(IDENTIFIER_CHAIN)
        IDENTIFIER
          PsiElement(DlangTokenType.ID)('std')
        PsiElement(DlangTokenType..)('.')
        IDENTIFIER
          PsiElement(DlangTokenType.ID)('stdio')
    PsiElement(DlangTokenType.;)(';')
  FUNCTION_DECLARATION
    DLanguageBasicTypeImpl(BASIC_TYPE)
      DLanguageBuiltinTypeImpl(BUILTIN_TYPE)
        PsiElement(DlangTokenType.void)('void')
    IDENTIFIER
      PsiElement(DlangTokenType.ID)('main')
    DLanguageParametersImpl(PARAMETERS)
      PsiElement(DlangTokenType.()('(')
      PsiElement(DlangTokenType.))(')')
    DLanguageSpecifiedFunctionBodyImpl(SPECIFIED_FUNCTION_BODY)
      DLanguageBlockStatementImpl(BLOCK_STATEMENT)
        PsiElement(DlangTokenType.{)('{')
        DLanguageDeclarationStatementImpl(DECLARATION_STATEMENT)
          DLanguageAutoDeclarationImpl(AUTO_DECLARATION)
            DLanguageStorageClassImpl(STORAGE_CLASS)
              PsiElement(DlangTokenType.auto)('auto')
            AUTO_ASSIGNMENT
              IDENTIFIER
                PsiElement(DlangTokenType.ID)('i')
              PsiElement(DlangTokenType.=)('=')
              DLanguageInitializerImpl(INITIALIZER)
                DLanguageLiteralExpressionImpl(LITERAL_EXPRESSION)
                  PsiElement(DlangTokenType.INTEGER_LITERAL)('3')
            PsiElement(DlangTokenType.;)(';')
        DLanguageDeclarationStatementImpl(DECLARATION_STATEMENT)
          DLanguageAutoDeclarationImpl(AUTO_DECLARATION)
            DLanguageStorageClassImpl(STORAGE_CLASS)
              PsiElement(DlangTokenType.auto)('auto')
            AUTO_ASSIGNMENT
              IDENTIFIER
                PsiElement(DlangTokenType.ID)('twice')
              PsiElement(DlangTokenType.=)('=')
              DLanguageInitializerImpl(INITIALIZER)
                DLanguageFunctionLiteralExpressionImpl(FUNCTION_LITERAL_EXPRESSION)
                  PsiElement(DlangTokenType.function)('function')
                  DLanguageParametersImpl(PARAMETERS)
                    PsiElement(DlangTokenType.()('(')
                    PARAMETER
                      DLanguageTypeImpl(TYPE)
                        DLanguageBasicTypeImpl(BASIC_TYPE)
                          DLanguageBuiltinTypeImpl(BUILTIN_TYPE)
                            PsiElement(DlangTokenType.int)('int')
                      IDENTIFIER
                        PsiElement(DlangTokenType.ID)('x')
                    PsiElement(DlangTokenType.))(')')
                  PsiElement(DlangTokenType.=>)('=>')
                  DLanguageMulExpressionImpl(MUL_EXPRESSION)
                    DLanguageReferenceExpressionImpl(REFERENCE_EXPRESSION)
                      IDENTIFIER
                        PsiElement(DlangTokenType.ID)('x')
                    PsiElement(DlangTokenType.*)('*')
                    DLanguageLiteralExpressionImpl(LITERAL_EXPRESSION)
                      PsiElement(DlangTokenType.INTEGER_LITERAL)('2')
            PsiElement(DlangTokenType.;)(';')
        DLanguageDeclarationStatementImpl(DECLARATION_STATEMENT)
          DLanguageAutoDeclarationImpl(AUTO_DECLARATION)
            DLanguageStorageClassImpl(STORAGE_CLASS)
              PsiElement(DlangTokenType.auto)('auto')
            AUTO_ASSIGNMENT
              IDENTIFIER
                PsiElement(DlangTokenType.ID)('square')
              PsiElement(DlangTokenType.=)('=')
              DLanguageInitializerImpl(INITIALIZER)
                DLanguageFunctionLiteralExpressionImpl(FUNCTION_LITERAL_EXPRESSION)
                  PsiElement(DlangTokenType.delegate)('delegate')
                  DLanguageParametersImpl(PARAMETERS)
                    PsiElement(DlangTokenType.()('(')
                    PARAMETER
                      DLanguageTypeImpl(TYPE)
                        DLanguageBasicTypeImpl(BASIC_TYPE)
                          DLanguageBuiltinTypeImpl(BUILTIN_TYPE)
                            PsiElement(DlangTokenType.int)('int')
                      IDENTIFIER
                        PsiElement(DlangTokenType.ID)('x')
                    PsiElement(DlangTokenType.))(')')
                  PsiElement(DlangTokenType.=>)('=>')
                  DLanguageMulExpressionImpl(MUL_EXPRESSION)
                    DLanguageReferenceExpressionImpl(REFERENCE_EXPRESSION)
                      IDENTIFIER
                        PsiElement(DlangTokenType.ID)('x')
                    PsiElement(DlangTokenType.*)('*')
                    DLanguageReferenceExpressionImpl(REFERENCE_EXPRESSION)
                      IDENTIFIER
                        PsiElement(DlangTokenType.ID)('x')
            PsiElement(DlangTokenType.;)(';')
        DLanguageDeclarationStatementImpl(DECLARATION_STATEMENT)
          DLanguageAutoDeclarationImpl(AUTO_DECLARATION)
            DLanguageStorageClassImpl(STORAGE_CLASS)
              PsiElement(DlangTokenType.auto)('auto')
            AUTO_ASSIGNMENT
              IDENTIFIER
                PsiElement(DlangTokenType.ID)('n')
              PsiElement(DlangTokenType.=)('=')
              DLanguageInitializerImpl(INITIALIZER)
                DLanguageLiteralExpressionImpl(LITERAL_EXPRESSION)
                  PsiElement(DlangTokenType.INTEGER_LITERAL)('5')
            PsiElement(DlangTokenType.;)(';')
        DLanguageDeclarationStatementImpl(DECLARATION_STATEMENT)
          DLanguageAutoDeclarationImpl(AUTO_DECLARATION)
            DLanguageStorageClassImpl(STORAGE_CLASS)
              PsiElement(DlangTokenType.auto)('auto')
            AUTO_ASSIGNMENT
              IDENTIFIER
                PsiElement(DlangTokenType.ID)('mul_n')
              PsiElement(DlangTokenType.=)('=')
              DLanguageInitializerImpl(INITIALIZER)
                DLanguageFunctionLiteralExpressionImpl(FUNCTION_LITERAL_EXPRESSION)
                  DLanguageParametersImpl(PARAMETERS)
                    PsiElement(DlangTokenType.()('(')
                    PARAMETER
                      DLanguageTypeImpl(TYPE)
                        DLanguageBasicTypeImpl(BASIC_TYPE)
                          DLanguageBuiltinTypeImpl(BUILTIN_TYPE)
                            PsiElement(DlangTokenType.int)('int')
                      IDENTIFIER
                        PsiElement(DlangTokenType.ID)('x')
                    PsiElement(DlangTokenType.))(')')
                  PsiElement(DlangTokenType.=>)('=>')
                  DLanguageMulExpressionImpl(MUL_EXPRESSION)
                    DLanguageReferenceExpressionImpl(REFERENCE_EXPRESSION)
                      IDENTIFIER
                        PsiElement(DlangTokenType.ID)('x')
                    PsiElement(DlangTokenType.*)('*')
                    DLanguageReferenceExpressionImpl(REFERENCE_EXPRESSION)
                      IDENTIFIER
                        PsiElement(DlangTokenType.ID)('n')
            PsiElement(DlangTokenType.;)(';')
        DLanguageExpressionStatementImpl(EXPRESSION_STATEMENT)
          DLanguageFunctionCallExpressionImpl(FUNCTION_CALL_EXPRESSION)
            DLanguageReferenceExpressionImpl(REFERENCE_EXPRESSION)
              IDENTIFIER
                PsiElement(DlangTokenType.ID)('writeln')
            PsiElement(DlangTokenType.()('(')
            DLanguageArgumentListImpl(ARGUMENT_LIST)
              DLanguageFunctionCallExpressionImpl(FUNCTION_CALL_EXPRESSION)
                DLanguageReferenceExpressionImpl(REFERENCE_EXPRESSION)
                  IDENTIFIER
                    PsiElement(DlangTokenType.ID)('twice')
                PsiElement(DlangTokenType.()('(')
                DLanguageArgumentListImpl(ARGUMENT_LIST)
                  DLanguageReferenceExpressionImpl(REFERENCE_EXPRESSION)
                    IDENTIFIER
                      PsiElement(DlangTokenType.ID)('i')
                PsiElement(DlangTokenType.))(')')
            PsiElement(DlangTokenType.))(')')
          PsiElement(DlangTokenType.;)(';')
        PsiComment(DlangTokenType.LINE_COMMENT)('// prints 6')
        DLanguageExpressionStatementImpl(EXPRESSION_STATEMENT)
          DLanguageFunctionCallExpressionImpl(FUNCTION_CALL_EXPRESSION)
            DLanguageReferenceExpressionImpl(REFERENCE_EXPRESSION)
              IDENTIFIER
                PsiElement(DlangTokenType.ID)('writeln')
            PsiElement(DlangTokenType.()('(')
            DLanguageArgumentListImpl(ARGUMENT_LIST)
              DLanguageFunctionCallExpressionImpl(FUNCTION_CALL_EXPRESSION)
                DLanguageReferenceExpressionImpl(REFERENCE_EXPRESSION)
                  IDENTIFIER
                    PsiElement(DlangTokenType.ID)('square')
                PsiElement(DlangTokenType.()('(')
                DLanguageArgumentListImpl(ARGUMENT_LIST)
                  DLanguageReferenceExpressionImpl(REFERENCE_EXPRESSION)
                    IDENTIFIER
                      PsiElement(DlangTokenType.ID)('i')
                PsiElement(DlangTokenType.))(')')
            PsiElement(DlangTokenType.))(')')
          PsiElement(DlangTokenType.;)(';')
        PsiComment(DlangTokenType.LINE_COMMENT)('// prints 9')
        DLanguageExpressionStatementImpl(EXPRESSION_STATEMENT)
          DLanguageFunctionCallExpressionImpl(FUNCTION_CALL_EXPRESSION)
            DLanguageReferenceExpressionImpl(REFERENCE_EXPRESSION)
              IDENTIFIER
                PsiElement(DlangTokenType.ID)('writeln')
            PsiElement(DlangTokenType.()('(')
            DLanguageArgumentListImpl(ARGUMENT_LIST)
              DLanguageFunctionCallExpressionImpl(FUNCTION_CALL_EXPRESSION)
                DLanguageReferenceExpressionImpl(REFERENCE_EXPRESSION)
                  IDENTIFIER
                    PsiElement(DlangTokenType.ID)('mul_n')
                PsiElement(DlangTokenType.()('(')
                DLanguageArgumentListImpl(ARGUMENT_LIST)
                  DLanguageReferenceExpressionImpl(REFERENCE_EXPRESSION)
                    IDENTIFIER
                      PsiElement(DlangTokenType.ID)('i')
                PsiElement(DlangTokenType.))(')')
            PsiElement(DlangTokenType.))(')')
          PsiElement(DlangTokenType.;)(';')
        PsiComment(DlangTokenType.LINE_COMMENT)('// prints 15')
        PsiElement(DlangTokenType.})('}')