D Language File
  UNITTEST
    PsiElement(DlangTokenType.unittest)('unittest')
    DLanguageBlockStatementImpl(BLOCK_STATEMENT)
      PsiElement(DlangTokenType.{)('{')
      DLanguageDeclarationStatementImpl(DECLARATION_STATEMENT)
        DLanguageSpecifiedVariableDeclarationImpl(VARIABLE_DECLARATION)
          DLanguageBasicTypeImpl(BASIC_TYPE)
            DLanguageBuiltinTypeImpl(BUILTIN_TYPE)
              PsiElement(DlangTokenType.char)('char')
          DLanguageTypeSuffixImpl(TYPE_SUFFIX)
            PsiElement(DlangTokenType.[)('[')
            PsiElement(DlangTokenType.])(']')
          DLanguageTypeSuffixImpl(TYPE_SUFFIX)
            PsiElement(DlangTokenType.[)('[')
            PsiElement(DlangTokenType.])(']')
          IDENTIFIER_INITIALIZER
            PsiElement(DlangTokenType.ID)('foo')
          PsiElement(DlangTokenType.;)(';')
      DLanguageExpressionStatementImpl(EXPRESSION_STATEMENT)
        DLanguageAssignExpressionImpl(ASSIGN_EXPRESSION)
          DLanguageReferenceExpressionImpl(REFERENCE_EXPRESSION)
            PsiElement(DlangTokenType.ID)('foo')
          PsiElement(DlangTokenType.=)('=')
          DLanguageNewExpressionImpl(NEW_EXPRESSION)
            PsiElement(DlangTokenType.new)('new')
            DLanguageTypeImpl(TYPE)
              DLanguageBasicTypeImpl(BASIC_TYPE)
                DLanguageBuiltinTypeImpl(BUILTIN_TYPE)
                  PsiElement(DlangTokenType.char)('char')
              DLanguageTypeSuffixImpl(TYPE_SUFFIX)
                PsiElement(DlangTokenType.[)('[')
                PsiElement(DlangTokenType.])(']')
              DLanguageTypeSuffixImpl(TYPE_SUFFIX)
                PsiElement(DlangTokenType.[)('[')
                DLanguageLiteralExpressionImpl(LITERAL_EXPRESSION)
                  PsiElement(DlangTokenType.INTEGER_LITERAL)('30')
                PsiElement(DlangTokenType.])(']')
        PsiElement(DlangTokenType.;)(';')
      DLanguageExpressionStatementImpl(EXPRESSION_STATEMENT)
        DLanguageAssignExpressionImpl(ASSIGN_EXPRESSION)
          DLanguageReferenceExpressionImpl(REFERENCE_EXPRESSION)
            PsiElement(DlangTokenType.ID)('foo')
          PsiElement(DlangTokenType.=)('=')
          DLanguageNewExpressionImpl(NEW_EXPRESSION)
            PsiElement(DlangTokenType.new)('new')
            DLanguageTypeImpl(TYPE)
              DLanguageBasicTypeImpl(BASIC_TYPE)
                DLanguageBuiltinTypeImpl(BUILTIN_TYPE)
                  PsiElement(DlangTokenType.char)('char')
              DLanguageTypeSuffixImpl(TYPE_SUFFIX)
                PsiElement(DlangTokenType.[)('[')
                PsiElement(DlangTokenType.])(']')
              DLanguageTypeSuffixImpl(TYPE_SUFFIX)
                PsiElement(DlangTokenType.[)('[')
                PsiElement(DlangTokenType.])(']')
            DLanguageArgumentsImpl(ARGUMENTS)
              PsiElement(DlangTokenType.()('(')
              DLanguageArgumentListImpl(ARGUMENT_LIST)
                DLanguageLiteralExpressionImpl(LITERAL_EXPRESSION)
                  PsiElement(DlangTokenType.INTEGER_LITERAL)('30')
              PsiElement(DlangTokenType.))(')')
        PsiElement(DlangTokenType.;)(';')
      DLanguageDeclarationStatementImpl(DECLARATION_STATEMENT)
        DLanguageSpecifiedVariableDeclarationImpl(VARIABLE_DECLARATION)
          DLanguageBasicTypeImpl(BASIC_TYPE)
            DLanguageBuiltinTypeImpl(BUILTIN_TYPE)
              PsiElement(DlangTokenType.int)('int')
          DLanguageTypeSuffixImpl(TYPE_SUFFIX)
            PsiElement(DlangTokenType.[)('[')
            PsiElement(DlangTokenType.])(']')
          DLanguageTypeSuffixImpl(TYPE_SUFFIX)
            PsiElement(DlangTokenType.[)('[')
            PsiElement(DlangTokenType.])(']')
          DLanguageTypeSuffixImpl(TYPE_SUFFIX)
            PsiElement(DlangTokenType.[)('[')
            PsiElement(DlangTokenType.])(']')
          IDENTIFIER_INITIALIZER
            PsiElement(DlangTokenType.ID)('bar')
          PsiElement(DlangTokenType.;)(';')
      DLanguageExpressionStatementImpl(EXPRESSION_STATEMENT)
        DLanguageAssignExpressionImpl(ASSIGN_EXPRESSION)
          DLanguageReferenceExpressionImpl(REFERENCE_EXPRESSION)
            PsiElement(DlangTokenType.ID)('bar')
          PsiElement(DlangTokenType.=)('=')
          DLanguageNewExpressionImpl(NEW_EXPRESSION)
            PsiElement(DlangTokenType.new)('new')
            DLanguageTypeImpl(TYPE)
              DLanguageBasicTypeImpl(BASIC_TYPE)
                DLanguageBuiltinTypeImpl(BUILTIN_TYPE)
                  PsiElement(DlangTokenType.int)('int')
              DLanguageTypeSuffixImpl(TYPE_SUFFIX)
                PsiElement(DlangTokenType.[)('[')
                PsiElement(DlangTokenType.])(']')
              DLanguageTypeSuffixImpl(TYPE_SUFFIX)
                PsiElement(DlangTokenType.[)('[')
                PsiElement(DlangTokenType.])(']')
              DLanguageTypeSuffixImpl(TYPE_SUFFIX)
                PsiElement(DlangTokenType.[)('[')
                PsiElement(DlangTokenType.])(']')
            DLanguageArgumentsImpl(ARGUMENTS)
              PsiElement(DlangTokenType.()('(')
              DLanguageArgumentListImpl(ARGUMENT_LIST)
                DLanguageLiteralExpressionImpl(LITERAL_EXPRESSION)
                  PsiElement(DlangTokenType.INTEGER_LITERAL)('5')
                PsiElement(DlangTokenType.,)(',')
                DLanguageLiteralExpressionImpl(LITERAL_EXPRESSION)
                  PsiElement(DlangTokenType.INTEGER_LITERAL)('20')
                PsiElement(DlangTokenType.,)(',')
                DLanguageLiteralExpressionImpl(LITERAL_EXPRESSION)
                  PsiElement(DlangTokenType.INTEGER_LITERAL)('30')
              PsiElement(DlangTokenType.))(')')
        PsiElement(DlangTokenType.;)(';')
      DLanguageExpressionStatementImpl(EXPRESSION_STATEMENT)
        DLanguageAssignExpressionImpl(ASSIGN_EXPRESSION)
          DLanguageReferenceExpressionImpl(REFERENCE_EXPRESSION)
            PsiElement(DlangTokenType.ID)('bar')
          PsiElement(DlangTokenType.=)('=')
          DLanguageNewExpressionImpl(NEW_EXPRESSION)
            PsiElement(DlangTokenType.new)('new')
            DLanguageTypeImpl(TYPE)
              DLanguageBasicTypeImpl(BASIC_TYPE)
                DLanguageBuiltinTypeImpl(BUILTIN_TYPE)
                  PsiElement(DlangTokenType.int)('int')
              DLanguageTypeSuffixImpl(TYPE_SUFFIX)
                PsiElement(DlangTokenType.[)('[')
                PsiElement(DlangTokenType.])(']')
              DLanguageTypeSuffixImpl(TYPE_SUFFIX)
                PsiElement(DlangTokenType.[)('[')
                PsiElement(DlangTokenType.])(']')
              DLanguageTypeSuffixImpl(TYPE_SUFFIX)
                PsiElement(DlangTokenType.[)('[')
                DLanguageLiteralExpressionImpl(LITERAL_EXPRESSION)
                  PsiElement(DlangTokenType.INTEGER_LITERAL)('5')
                PsiElement(DlangTokenType.])(']')
        PsiElement(DlangTokenType.;)(';')
      DLanguageForeachStatementImpl(FOREACH_STATEMENT)
        PsiElement(DlangTokenType.foreach)('foreach')
        PsiElement(DlangTokenType.()('(')
        DLanguageForeachTypeListImpl(FOREACH_TYPE_LIST)
          FOREACH_TYPE
            PsiElement(DlangTokenType.ref)('ref')
            PsiElement(DlangTokenType.ID)('a')
        PsiElement(DlangTokenType.;)(';')
        DLanguageReferenceExpressionImpl(REFERENCE_EXPRESSION)
          PsiElement(DlangTokenType.ID)('bar')
        PsiElement(DlangTokenType.))(')')
        DLanguageBlockStatementImpl(BLOCK_STATEMENT)
          PsiElement(DlangTokenType.{)('{')
          DLanguageExpressionStatementImpl(EXPRESSION_STATEMENT)
            DLanguageAssignExpressionImpl(ASSIGN_EXPRESSION)
              DLanguageReferenceExpressionImpl(REFERENCE_EXPRESSION)
                PsiElement(DlangTokenType.ID)('a')
              PsiElement(DlangTokenType.=)('=')
              DLanguageNewExpressionImpl(NEW_EXPRESSION)
                PsiElement(DlangTokenType.new)('new')
                DLanguageTypeImpl(TYPE)
                  DLanguageBasicTypeImpl(BASIC_TYPE)
                    DLanguageBuiltinTypeImpl(BUILTIN_TYPE)
                      PsiElement(DlangTokenType.int)('int')
                  DLanguageTypeSuffixImpl(TYPE_SUFFIX)
                    PsiElement(DlangTokenType.[)('[')
                    PsiElement(DlangTokenType.])(']')
                  DLanguageTypeSuffixImpl(TYPE_SUFFIX)
                    PsiElement(DlangTokenType.[)('[')
                    DLanguageLiteralExpressionImpl(LITERAL_EXPRESSION)
                      PsiElement(DlangTokenType.INTEGER_LITERAL)('20')
                    PsiElement(DlangTokenType.])(']')
            PsiElement(DlangTokenType.;)(';')
          DLanguageForeachStatementImpl(FOREACH_STATEMENT)
            PsiElement(DlangTokenType.foreach)('foreach')
            PsiElement(DlangTokenType.()('(')
            DLanguageForeachTypeListImpl(FOREACH_TYPE_LIST)
              FOREACH_TYPE
                PsiElement(DlangTokenType.ref)('ref')
                PsiElement(DlangTokenType.ID)('b')
            PsiElement(DlangTokenType.;)(';')
            DLanguageReferenceExpressionImpl(REFERENCE_EXPRESSION)
              PsiElement(DlangTokenType.ID)('a')
            PsiElement(DlangTokenType.))(')')
            DLanguageBlockStatementImpl(BLOCK_STATEMENT)
              PsiElement(DlangTokenType.{)('{')
              DLanguageExpressionStatementImpl(EXPRESSION_STATEMENT)
                DLanguageAssignExpressionImpl(ASSIGN_EXPRESSION)
                  DLanguageReferenceExpressionImpl(REFERENCE_EXPRESSION)
                    PsiElement(DlangTokenType.ID)('b')
                  PsiElement(DlangTokenType.=)('=')
                  DLanguageNewExpressionImpl(NEW_EXPRESSION)
                    PsiElement(DlangTokenType.new)('new')
                    DLanguageTypeImpl(TYPE)
                      DLanguageBasicTypeImpl(BASIC_TYPE)
                        DLanguageBuiltinTypeImpl(BUILTIN_TYPE)
                          PsiElement(DlangTokenType.int)('int')
                      DLanguageTypeSuffixImpl(TYPE_SUFFIX)
                        PsiElement(DlangTokenType.[)('[')
                        DLanguageLiteralExpressionImpl(LITERAL_EXPRESSION)
                          PsiElement(DlangTokenType.INTEGER_LITERAL)('30')
                        PsiElement(DlangTokenType.])(']')
                PsiElement(DlangTokenType.;)(';')
              PsiElement(DlangTokenType.})('}')
          PsiElement(DlangTokenType.})('}')
      PsiElement(DlangTokenType.})('}')