D Language File
  DLanguageDeclDefsImpl(DECL_DEFS)
    DLanguageDeclDefImpl(DECL_DEF)
      DLanguageDeclarationImpl(DECLARATION)
        DLanguageImportDeclarationImpl(IMPORT_DECLARATION)
          PsiElement(DLanguageTokenType.import)('import')
          DLanguageImportListImpl(IMPORT_LIST)
            IMPORT
              DLanguageModuleFullyQualifiedNameImpl(MODULE_FULLY_QUALIFIED_NAME)
                IDENTIFIER
                  PsiElement(DLanguageTokenType.ID)('std')
                PsiElement(DLanguageTokenType..)('.')
                DLanguageModuleFullyQualifiedNameImpl(MODULE_FULLY_QUALIFIED_NAME)
                  IDENTIFIER
                    PsiElement(DLanguageTokenType.ID)('conv')
          PsiElement(DLanguageTokenType.;)(';')
    DLanguageDeclDefsImpl(DECL_DEFS)
      DLanguageDeclDefImpl(DECL_DEF)
        DLanguageDeclarationImpl(DECLARATION)
          DLanguageVarDeclarationsImpl(VAR_DECLARATIONS)
            DLanguageBasicTypeImpl(BASIC_TYPE)
              DLanguageBasicTypeXImpl(BASIC_TYPE_X)
                PsiElement(DLanguageTokenType.int)('int')
            DLanguageDeclaratorsImpl(DECLARATORS)
              DECLARATOR_INITIALIZER
                DLanguageVarDeclaratorImpl(VAR_DECLARATOR)
                  IDENTIFIER
                    PsiElement(DLanguageTokenType.ID)('i')
                PsiElement(DLanguageTokenType.=)('=')
                DLanguageInitializerImpl(INITIALIZER)
                  DLanguageNonVoidInitializerImpl(NON_VOID_INITIALIZER)
                    DLanguageAssignExpressionImpl(ASSIGN_EXPRESSION)
                      DLanguageConditionalExpressionImpl(CONDITIONAL_EXPRESSION)
                        DLanguageOrOrExpressionImpl(OR_OR_EXPRESSION)
                          DLanguageAndAndExpressionImpl(AND_AND_EXPRESSION)
                            DLanguageOrExpressionImpl(OR_EXPRESSION)
                              DLanguageXorExpressionImpl(XOR_EXPRESSION)
                                DLanguageAndExpressionImpl(AND_EXPRESSION)
                                  DLanguageShiftExpressionImpl(SHIFT_EXPRESSION)
                                    DLanguageAddExpressionImpl(ADD_EXPRESSION)
                                      DLanguageMulExpressionImpl(MUL_EXPRESSION)
                                        DLanguageUnaryExpressionImpl(UNARY_EXPRESSION)
                                          DLanguagePowExpressionImpl(POW_EXPRESSION)
                                            DLanguagePostfixExpressionImpl(POSTFIX_EXPRESSION)
                                              DLanguagePrimaryExpressionImpl(PRIMARY_EXPRESSION)
                                                PsiElement(DLanguageTokenType.INTEGER_LITERAL)('0')
            PsiElement(DLanguageTokenType.;)(';')
  DLanguageStatementImpl(STATEMENT)
    DLanguageNonEmptyStatementImpl(NON_EMPTY_STATEMENT)
      DLanguageNonEmptyStatementNoCaseNoDefaultImpl(NON_EMPTY_STATEMENT_NO_CASE_NO_DEFAULT)
        DLanguageExpressionStatementImpl(EXPRESSION_STATEMENT)
          DLanguageExpressionImpl(EXPRESSION)
            DLanguageCommaExpressionImpl(COMMA_EXPRESSION)
              DLanguageAssignExpressionImpl(ASSIGN_EXPRESSION)
                DLanguageConditionalExpressionImpl(CONDITIONAL_EXPRESSION)
                  DLanguageOrOrExpressionImpl(OR_OR_EXPRESSION)
                    DLanguageAndAndExpressionImpl(AND_AND_EXPRESSION)
                      DLanguageOrExpressionImpl(OR_EXPRESSION)
                        DLanguageXorExpressionImpl(XOR_EXPRESSION)
                          DLanguageAndExpressionImpl(AND_EXPRESSION)
                            DLanguageShiftExpressionImpl(SHIFT_EXPRESSION)
                              DLanguageAddExpressionImpl(ADD_EXPRESSION)
                                DLanguageMulExpressionImpl(MUL_EXPRESSION)
                                  DLanguageUnaryExpressionImpl(UNARY_EXPRESSION)
                                    DLanguagePowExpressionImpl(POW_EXPRESSION)
                                      DLanguagePostfixExpressionImpl(POSTFIX_EXPRESSION)
                                        DLanguagePrimaryExpressionImpl(PRIMARY_EXPRESSION)
                                          PsiElement(DLanguageTokenType.()('(')
                                          DLanguageExpressionImpl(EXPRESSION)
                                            DLanguageCommaExpressionImpl(COMMA_EXPRESSION)
                                              DLanguageAssignExpressionImpl(ASSIGN_EXPRESSION)
                                                DLanguageConditionalExpressionImpl(CONDITIONAL_EXPRESSION)
                                                  DLanguageOrOrExpressionImpl(OR_OR_EXPRESSION)
                                                    DLanguageAndAndExpressionImpl(AND_AND_EXPRESSION)
                                                      DLanguageOrExpressionImpl(OR_EXPRESSION)
                                                        DLanguageXorExpressionImpl(XOR_EXPRESSION)
                                                          DLanguageAndExpressionImpl(AND_EXPRESSION)
                                                            DLanguageShiftExpressionImpl(SHIFT_EXPRESSION)
                                                              DLanguageAddExpressionImpl(ADD_EXPRESSION)
                                                                DLanguageMulExpressionImpl(MUL_EXPRESSION)
                                                                  DLanguageUnaryExpressionImpl(UNARY_EXPRESSION)
                                                                    DLanguagePowExpressionImpl(POW_EXPRESSION)
                                                                      DLanguagePostfixExpressionImpl(POSTFIX_EXPRESSION)
                                                                        DLanguagePrimaryExpressionImpl(PRIMARY_EXPRESSION)
                                                                          IDENTIFIER
                                                                            PsiElement(DLanguageTokenType.ID)('i')
                                                PsiElement(DLanguageTokenType.=)('=')
                                                DLanguageAssignExpressionImpl(ASSIGN_EXPRESSION)
                                                  DLanguageConditionalExpressionImpl(CONDITIONAL_EXPRESSION)
                                                    DLanguageOrOrExpressionImpl(OR_OR_EXPRESSION)
                                                      DLanguageAndAndExpressionImpl(AND_AND_EXPRESSION)
                                                        DLanguageOrExpressionImpl(OR_EXPRESSION)
                                                          DLanguageXorExpressionImpl(XOR_EXPRESSION)
                                                            DLanguageAndExpressionImpl(AND_EXPRESSION)
                                                              DLanguageShiftExpressionImpl(SHIFT_EXPRESSION)
                                                                DLanguageAddExpressionImpl(ADD_EXPRESSION)
                                                                  DLanguageMulExpressionImpl(MUL_EXPRESSION)
                                                                    DLanguageUnaryExpressionImpl(UNARY_EXPRESSION)
                                                                      DLanguagePowExpressionImpl(POW_EXPRESSION)
                                                                        DLanguagePostfixExpressionImpl(POSTFIX_EXPRESSION)
                                                                          DLanguagePrimaryExpressionImpl(PRIMARY_EXPRESSION)
                                                                            PsiElement(DLanguageTokenType.INTEGER_LITERAL)('2')
                                          PsiElement(DLanguageTokenType.))(')')
                PsiElement(DLanguageTokenType.=)('=')
                DLanguageAssignExpressionImpl(ASSIGN_EXPRESSION)
                  DLanguageConditionalExpressionImpl(CONDITIONAL_EXPRESSION)
                    DLanguageOrOrExpressionImpl(OR_OR_EXPRESSION)
                      DLanguageAndAndExpressionImpl(AND_AND_EXPRESSION)
                        DLanguageOrExpressionImpl(OR_EXPRESSION)
                          DLanguageXorExpressionImpl(XOR_EXPRESSION)
                            DLanguageAndExpressionImpl(AND_EXPRESSION)
                              DLanguageShiftExpressionImpl(SHIFT_EXPRESSION)
                                DLanguageAddExpressionImpl(ADD_EXPRESSION)
                                  DLanguageMulExpressionImpl(MUL_EXPRESSION)
                                    DLanguageUnaryExpressionImpl(UNARY_EXPRESSION)
                                      PsiElement(DLanguageTokenType.++)('++')
                                      DLanguageUnaryExpressionImpl(UNARY_EXPRESSION)
                                        DLanguagePowExpressionImpl(POW_EXPRESSION)
                                          DLanguagePostfixExpressionImpl(POSTFIX_EXPRESSION)
                                            DLanguagePrimaryExpressionImpl(PRIMARY_EXPRESSION)
                                              IDENTIFIER
                                                PsiElement(DLanguageTokenType.ID)('i')
                                    PsiElement(DLanguageTokenType.*)('*')
                                    DLanguageMulExpressionImpl(MUL_EXPRESSION)
                                      DLanguageUnaryExpressionImpl(UNARY_EXPRESSION)
                                        DLanguagePowExpressionImpl(POW_EXPRESSION)
                                          DLanguagePostfixExpressionImpl(POSTFIX_EXPRESSION)
                                            DLanguagePrimaryExpressionImpl(PRIMARY_EXPRESSION)
                                              IDENTIFIER
                                                PsiElement(DLanguageTokenType.ID)('i')
                          DLanguageOrExpressionImpl(OR_EXPRESSION)
                            DLanguageXorExpressionImpl(XOR_EXPRESSION)
                              DLanguageAndExpressionImpl(AND_EXPRESSION)
                                DLanguageShiftExpressionImpl(SHIFT_EXPRESSION)
                                  DLanguageAddExpressionImpl(ADD_EXPRESSION)
                                    DLanguageMulExpressionImpl(MUL_EXPRESSION)
                                      DLanguageUnaryExpressionImpl(UNARY_EXPRESSION)
                                        PsiElement(DLanguageTokenType.++)('++')
                                        DLanguageUnaryExpressionImpl(UNARY_EXPRESSION)
                                          PsiElement(DLanguageTokenType.+)('+')
                                          DLanguageUnaryExpressionImpl(UNARY_EXPRESSION)
                                            DLanguagePowExpressionImpl(POW_EXPRESSION)
                                              DLanguagePostfixExpressionImpl(POSTFIX_EXPRESSION)
                                                DLanguagePrimaryExpressionImpl(PRIMARY_EXPRESSION)
                                                  IDENTIFIER
                                                    PsiElement(DLanguageTokenType.ID)('i')
          PsiElement(DLanguageTokenType.;)(';')
  DLanguageStatementImpl(STATEMENT)
    DLanguageNonEmptyStatementImpl(NON_EMPTY_STATEMENT)
      DLanguageNonEmptyStatementNoCaseNoDefaultImpl(NON_EMPTY_STATEMENT_NO_CASE_NO_DEFAULT)
        DLanguageExpressionStatementImpl(EXPRESSION_STATEMENT)
          DLanguageExpressionImpl(EXPRESSION)
            DLanguageCommaExpressionImpl(COMMA_EXPRESSION)
              DLanguageAssignExpressionImpl(ASSIGN_EXPRESSION)
                DLanguageConditionalExpressionImpl(CONDITIONAL_EXPRESSION)
                  DLanguageOrOrExpressionImpl(OR_OR_EXPRESSION)
                    DLanguageAndAndExpressionImpl(AND_AND_EXPRESSION)
                      DLanguageOrExpressionImpl(OR_EXPRESSION)
                        DLanguageXorExpressionImpl(XOR_EXPRESSION)
                          DLanguageAndExpressionImpl(AND_EXPRESSION)
                            DLanguageShiftExpressionImpl(SHIFT_EXPRESSION)
                              DLanguageAddExpressionImpl(ADD_EXPRESSION)
                                DLanguageMulExpressionImpl(MUL_EXPRESSION)
                                  DLanguageUnaryExpressionImpl(UNARY_EXPRESSION)
                                    DLanguagePowExpressionImpl(POW_EXPRESSION)
                                      DLanguagePostfixExpressionImpl(POSTFIX_EXPRESSION)
                                        DLanguagePrimaryExpressionImpl(PRIMARY_EXPRESSION)
                                          DLanguageAssertExpressionImpl(ASSERT_EXPRESSION)
                                            PsiElement(DLanguageTokenType.assert)('assert')
                                            PsiElement(DLanguageTokenType.()('(')
                                            DLanguageAssignExpressionImpl(ASSIGN_EXPRESSION)
                                              DLanguageConditionalExpressionImpl(CONDITIONAL_EXPRESSION)
                                                DLanguageOrOrExpressionImpl(OR_OR_EXPRESSION)
                                                  DLanguageAndAndExpressionImpl(AND_AND_EXPRESSION)
                                                    DLanguageOrExpressionImpl(OR_EXPRESSION)
                                                      DLanguageXorExpressionImpl(XOR_EXPRESSION)
                                                        DLanguageAndExpressionImpl(AND_EXPRESSION)
                                                          DLanguageShiftExpressionImpl(SHIFT_EXPRESSION)
                                                            DLanguageAddExpressionImpl(ADD_EXPRESSION)
                                                              DLanguageMulExpressionImpl(MUL_EXPRESSION)
                                                                DLanguageUnaryExpressionImpl(UNARY_EXPRESSION)
                                                                  DLanguagePowExpressionImpl(POW_EXPRESSION)
                                                                    DLanguagePostfixExpressionImpl(POSTFIX_EXPRESSION)
                                                                      DLanguagePrimaryExpressionImpl(PRIMARY_EXPRESSION)
                                                                        IDENTIFIER
                                                                          PsiElement(DLanguageTokenType.ID)('i')
                                                    DLanguageAndAndExpressionImpl(AND_AND_EXPRESSION)
                                                      DLanguageCmpExpressionImpl(CMP_EXPRESSION)
                                                        DLanguageEqualExpressionImpl(EQUAL_EXPRESSION)
                                                          PsiElement(DLanguageTokenType.==)('==')
                                                          DLanguageShiftExpressionImpl(SHIFT_EXPRESSION)
                                                            DLanguageAddExpressionImpl(ADD_EXPRESSION)
                                                              DLanguageMulExpressionImpl(MUL_EXPRESSION)
                                                                DLanguageUnaryExpressionImpl(UNARY_EXPRESSION)
                                                                  DLanguagePowExpressionImpl(POW_EXPRESSION)
                                                                    DLanguagePostfixExpressionImpl(POSTFIX_EXPRESSION)
                                                                      DLanguagePrimaryExpressionImpl(PRIMARY_EXPRESSION)
                                                                        PsiElement(DLanguageTokenType.INTEGER_LITERAL)('13')
                                            PsiElement(DLanguageTokenType.))(')')
          PsiElement(DLanguageTokenType.;)(';')
  PsiComment(DLanguageTokenType.LINE_COMMENT)('// left to right evaluation of side effects')
  DLanguageStatementImpl(STATEMENT)
    DLanguageNonEmptyStatementImpl(NON_EMPTY_STATEMENT)
      DLanguageNonEmptyStatementNoCaseNoDefaultImpl(NON_EMPTY_STATEMENT_NO_CASE_NO_DEFAULT)
        DLanguageExpressionStatementImpl(EXPRESSION_STATEMENT)
          DLanguageExpressionImpl(EXPRESSION)
            DLanguageCommaExpressionImpl(COMMA_EXPRESSION)
              DLanguageAssignExpressionImpl(ASSIGN_EXPRESSION)
                DLanguageConditionalExpressionImpl(CONDITIONAL_EXPRESSION)
                  DLanguageOrOrExpressionImpl(OR_OR_EXPRESSION)
                    DLanguageAndAndExpressionImpl(AND_AND_EXPRESSION)
                      DLanguageOrExpressionImpl(OR_EXPRESSION)
                        DLanguageXorExpressionImpl(XOR_EXPRESSION)
                          DLanguageAndExpressionImpl(AND_EXPRESSION)
                            DLanguageShiftExpressionImpl(SHIFT_EXPRESSION)
                              DLanguageAddExpressionImpl(ADD_EXPRESSION)
                                DLanguageMulExpressionImpl(MUL_EXPRESSION)
                                  DLanguageUnaryExpressionImpl(UNARY_EXPRESSION)
                                    DLanguagePowExpressionImpl(POW_EXPRESSION)
                                      DLanguagePostfixExpressionImpl(POSTFIX_EXPRESSION)
                                        DLanguagePrimaryExpressionImpl(PRIMARY_EXPRESSION)
                                          DLanguageAssertExpressionImpl(ASSERT_EXPRESSION)
                                            PsiElement(DLanguageTokenType.assert)('assert')
                                            PsiElement(DLanguageTokenType.()('(')
                                            DLanguageAssignExpressionImpl(ASSIGN_EXPRESSION)
                                              DLanguageConditionalExpressionImpl(CONDITIONAL_EXPRESSION)
                                                DLanguageOrOrExpressionImpl(OR_OR_EXPRESSION)
                                                  DLanguageAndAndExpressionImpl(AND_AND_EXPRESSION)
                                                    DLanguageOrExpressionImpl(OR_EXPRESSION)
                                                      DLanguageXorExpressionImpl(XOR_EXPRESSION)
                                                        DLanguageAndExpressionImpl(AND_EXPRESSION)
                                                          DLanguageShiftExpressionImpl(SHIFT_EXPRESSION)
                                                            DLanguageAddExpressionImpl(ADD_EXPRESSION)
                                                              DLanguageMulExpressionImpl(MUL_EXPRESSION)
                                                                DLanguageUnaryExpressionImpl(UNARY_EXPRESSION)
                                                                  DLanguagePowExpressionImpl(POW_EXPRESSION)
                                                                    DLanguagePostfixExpressionImpl(POSTFIX_EXPRESSION)
                                                                      DLanguagePrimaryExpressionImpl(PRIMARY_EXPRESSION)
                                                                        IDENTIFIER
                                                                          PsiElement(DLanguageTokenType.ID)('text')
                                                      DLanguageOrExpressionImpl(OR_EXPRESSION)
                                                        DLanguageXorExpressionImpl(XOR_EXPRESSION)
                                                          DLanguageAndExpressionImpl(AND_EXPRESSION)
                                                            DLanguageShiftExpressionImpl(SHIFT_EXPRESSION)
                                                              DLanguageAddExpressionImpl(ADD_EXPRESSION)
                                                                DLanguageMulExpressionImpl(MUL_EXPRESSION)
                                                                  DLanguageUnaryExpressionImpl(UNARY_EXPRESSION)
                                                                    DLanguagePowExpressionImpl(POW_EXPRESSION)
                                                                      DLanguagePostfixExpressionImpl(POSTFIX_EXPRESSION)
                                                                        DLanguagePrimaryExpressionImpl(PRIMARY_EXPRESSION)
                                                                          PsiElement(DLanguageTokenType.()('(')
                                                                          DLanguageExpressionImpl(EXPRESSION)
                                                                            DLanguageCommaExpressionImpl(COMMA_EXPRESSION)
                                                                              DLanguageAssignExpressionImpl(ASSIGN_EXPRESSION)
                                                                                DLanguageConditionalExpressionImpl(CONDITIONAL_EXPRESSION)
                                                                                  DLanguageOrOrExpressionImpl(OR_OR_EXPRESSION)
                                                                                    DLanguageAndAndExpressionImpl(AND_AND_EXPRESSION)
                                                                                      DLanguageOrExpressionImpl(OR_EXPRESSION)
                                                                                        DLanguageXorExpressionImpl(XOR_EXPRESSION)
                                                                                          DLanguageAndExpressionImpl(AND_EXPRESSION)
                                                                                            DLanguageShiftExpressionImpl(SHIFT_EXPRESSION)
                                                                                              DLanguageAddExpressionImpl(ADD_EXPRESSION)
                                                                                                DLanguageMulExpressionImpl(MUL_EXPRESSION)
                                                                                                  DLanguageUnaryExpressionImpl(UNARY_EXPRESSION)
                                                                                                    PsiElement(DLanguageTokenType.++)('++')
                                                                                                    DLanguageUnaryExpressionImpl(UNARY_EXPRESSION)
                                                                                                      DLanguagePowExpressionImpl(POW_EXPRESSION)
                                                                                                        DLanguagePostfixExpressionImpl(POSTFIX_EXPRESSION)
                                                                                                          DLanguagePrimaryExpressionImpl(PRIMARY_EXPRESSION)
                                                                                                            IDENTIFIER
                                                                                                              PsiElement(DLanguageTokenType.ID)('i')
                                                                              PsiElement(DLanguageTokenType.,)(',')
                                                                              DLanguageCommaExpressionImpl(COMMA_EXPRESSION)
                                                                                DLanguageAssignExpressionImpl(ASSIGN_EXPRESSION)
                                                                                  DLanguageConditionalExpressionImpl(CONDITIONAL_EXPRESSION)
                                                                                    DLanguageOrOrExpressionImpl(OR_OR_EXPRESSION)
                                                                                      DLanguageAndAndExpressionImpl(AND_AND_EXPRESSION)
                                                                                        DLanguageOrExpressionImpl(OR_EXPRESSION)
                                                                                          DLanguageXorExpressionImpl(XOR_EXPRESSION)
                                                                                            DLanguageAndExpressionImpl(AND_EXPRESSION)
                                                                                              DLanguageShiftExpressionImpl(SHIFT_EXPRESSION)
                                                                                                DLanguageAddExpressionImpl(ADD_EXPRESSION)
                                                                                                  DLanguageMulExpressionImpl(MUL_EXPRESSION)
                                                                                                    DLanguageUnaryExpressionImpl(UNARY_EXPRESSION)
                                                                                                      PsiElement(DLanguageTokenType.++)('++')
                                                                                                      DLanguageUnaryExpressionImpl(UNARY_EXPRESSION)
                                                                                                        DLanguagePowExpressionImpl(POW_EXPRESSION)
                                                                                                          DLanguagePostfixExpressionImpl(POSTFIX_EXPRESSION)
                                                                                                            DLanguagePrimaryExpressionImpl(PRIMARY_EXPRESSION)
                                                                                                              IDENTIFIER
                                                                                                                PsiElement(DLanguageTokenType.ID)('i')
                                                                          PsiElement(DLanguageTokenType.))(')')
                                                    DLanguageAndAndExpressionImpl(AND_AND_EXPRESSION)
                                                      DLanguageCmpExpressionImpl(CMP_EXPRESSION)
                                                        DLanguageEqualExpressionImpl(EQUAL_EXPRESSION)
                                                          PsiElement(DLanguageTokenType.==)('==')
                                                          DLanguageShiftExpressionImpl(SHIFT_EXPRESSION)
                                                            DLanguageAddExpressionImpl(ADD_EXPRESSION)
                                                              DLanguageMulExpressionImpl(MUL_EXPRESSION)
                                                                DLanguageUnaryExpressionImpl(UNARY_EXPRESSION)
                                                                  DLanguagePowExpressionImpl(POW_EXPRESSION)
                                                                    DLanguagePostfixExpressionImpl(POSTFIX_EXPRESSION)
                                                                      DLanguagePrimaryExpressionImpl(PRIMARY_EXPRESSION)
                                                                        DLanguageStringLiteralsImpl(STRING_LITERALS)
                                                                          DLanguageStringLiteralImpl(STRING_LITERAL)
                                                                            PsiElement(DLanguageTokenType.DOUBLE_QUOTED_STRING)('"1415"')
                                            PsiElement(DLanguageTokenType.))(')')
          PsiElement(DLanguageTokenType.;)(';')
  PsiComment(DLanguageTokenType.LINE_COMMENT)('// left to right evaluation of arguments')
