D Language File
  DLanguageDeclDefsImpl(DECL_DEFS)
    DLanguageDeclDefImpl(DECL_DEF)
      DLanguageDeclarationImpl(DECLARATION)
        DLanguageImportDeclarationImpl(IMPORT_DECLARATION)
          PsiElement(DLanguageTokenType.import)('import')
          DLanguageImportListImpl(IMPORT_LIST)
            IMPORT
              DLanguageModuleFullyQualifiedNameImpl(MODULE_FULLY_QUALIFIED_NAME)
                IDENTIFIER
                  PsiElement(DLanguageTokenType.ID)('std')
                PsiElement(DLanguageTokenType..)('.')
                DLanguageModuleFullyQualifiedNameImpl(MODULE_FULLY_QUALIFIED_NAME)
                  IDENTIFIER
                    PsiElement(DLanguageTokenType.ID)('stdio')
          PsiElement(DLanguageTokenType.;)(';')
    DLanguageDeclDefsImpl(DECL_DEFS)
      DLanguageDeclDefImpl(DECL_DEF)
        DLanguageDeclarationImpl(DECLARATION)
          FUNC_DECLARATION
            DLanguageBasicTypeImpl(BASIC_TYPE)
              DLanguageBasicTypeXImpl(BASIC_TYPE_X)
                PsiElement(DLanguageTokenType.int)('int')
            IDENTIFIER
              PsiElement(DLanguageTokenType.ID)('main')
            DLanguageFuncDeclaratorSuffixImpl(FUNC_DECLARATOR_SUFFIX)
              DLanguageParametersImpl(PARAMETERS)
                PsiElement(DLanguageTokenType.()('(')
                PsiElement(DLanguageTokenType.))(')')
            DLanguageFunctionBodyImpl(FUNCTION_BODY)
              DLanguageBlockStatementImpl(BLOCK_STATEMENT)
                PsiElement(DLanguageTokenType.{)('{')
                DLanguageStatementListImpl(STATEMENT_LIST)
                  DLanguageStatementImpl(STATEMENT)
                    DLanguageNonEmptyStatementImpl(NON_EMPTY_STATEMENT)
                      DLanguageNonEmptyStatementNoCaseNoDefaultImpl(NON_EMPTY_STATEMENT_NO_CASE_NO_DEFAULT)
                        DLanguageDeclarationStatementImpl(DECLARATION_STATEMENT)
                          DLanguageDeclarationImpl(DECLARATION)
                            DLanguageVarDeclarationsImpl(VAR_DECLARATIONS)
                              DLanguageBasicTypeImpl(BASIC_TYPE)
                                DLanguageBasicTypeXImpl(BASIC_TYPE_X)
                                  PsiElement(DLanguageTokenType.byte)('byte')
                              DLanguageDeclaratorsImpl(DECLARATORS)
                                DECLARATOR_INITIALIZER
                                  DLanguageVarDeclaratorImpl(VAR_DECLARATOR)
                                    DLanguageBasicType2Impl(BASIC_TYPE_2)
                                      DLanguageBasicType2XImpl(BASIC_TYPE_2_X)
                                        PsiElement(DLanguageTokenType.[)('[')
                                        PsiElement(DLanguageTokenType.])(']')
                                    IDENTIFIER
                                      PsiElement(DLanguageTokenType.ID)('a')
                                  PsiElement(DLanguageTokenType.=)('=')
                                  DLanguageInitializerImpl(INITIALIZER)
                                    DLanguageNonVoidInitializerImpl(NON_VOID_INITIALIZER)
                                      DLanguageAssignExpressionImpl(ASSIGN_EXPRESSION)
                                        DLanguageConditionalExpressionImpl(CONDITIONAL_EXPRESSION)
                                          DLanguageOrOrExpressionImpl(OR_OR_EXPRESSION)
                                            DLanguageAndAndExpressionImpl(AND_AND_EXPRESSION)
                                              DLanguageOrExpressionImpl(OR_EXPRESSION)
                                                DLanguageXorExpressionImpl(XOR_EXPRESSION)
                                                  DLanguageAndExpressionImpl(AND_EXPRESSION)
                                                    DLanguageShiftExpressionImpl(SHIFT_EXPRESSION)
                                                      DLanguageAddExpressionImpl(ADD_EXPRESSION)
                                                        DLanguageMulExpressionImpl(MUL_EXPRESSION)
                                                          DLanguageUnaryExpressionImpl(UNARY_EXPRESSION)
                                                            DLanguagePowExpressionImpl(POW_EXPRESSION)
                                                              DLanguagePostfixExpressionImpl(POSTFIX_EXPRESSION)
                                                                DLanguagePrimaryExpressionImpl(PRIMARY_EXPRESSION)
                                                                  DLanguageArrayLiteralImpl(ARRAY_LITERAL)
                                                                    PsiElement(DLanguageTokenType.[)('[')
                                                                    DLanguageArgumentListImpl(ARGUMENT_LIST)
                                                                      DLanguageAssignExpressionImpl(ASSIGN_EXPRESSION)
                                                                        DLanguageConditionalExpressionImpl(CONDITIONAL_EXPRESSION)
                                                                          DLanguageOrOrExpressionImpl(OR_OR_EXPRESSION)
                                                                            DLanguageAndAndExpressionImpl(AND_AND_EXPRESSION)
                                                                              DLanguageOrExpressionImpl(OR_EXPRESSION)
                                                                                DLanguageXorExpressionImpl(XOR_EXPRESSION)
                                                                                  DLanguageAndExpressionImpl(AND_EXPRESSION)
                                                                                    DLanguageShiftExpressionImpl(SHIFT_EXPRESSION)
                                                                                      DLanguageAddExpressionImpl(ADD_EXPRESSION)
                                                                                        DLanguageMulExpressionImpl(MUL_EXPRESSION)
                                                                                          DLanguageUnaryExpressionImpl(UNARY_EXPRESSION)
                                                                                            DLanguagePowExpressionImpl(POW_EXPRESSION)
                                                                                              DLanguagePostfixExpressionImpl(POSTFIX_EXPRESSION)
                                                                                                DLanguagePrimaryExpressionImpl(PRIMARY_EXPRESSION)
                                                                                                  PsiElement(DLanguageTokenType.INTEGER_LITERAL)('1')
                                                                      PsiElement(DLanguageTokenType.,)(',')
                                                                      DLanguageArgumentListImpl(ARGUMENT_LIST)
                                                                        DLanguageAssignExpressionImpl(ASSIGN_EXPRESSION)
                                                                          DLanguageConditionalExpressionImpl(CONDITIONAL_EXPRESSION)
                                                                            DLanguageOrOrExpressionImpl(OR_OR_EXPRESSION)
                                                                              DLanguageAndAndExpressionImpl(AND_AND_EXPRESSION)
                                                                                DLanguageOrExpressionImpl(OR_EXPRESSION)
                                                                                  DLanguageXorExpressionImpl(XOR_EXPRESSION)
                                                                                    DLanguageAndExpressionImpl(AND_EXPRESSION)
                                                                                      DLanguageShiftExpressionImpl(SHIFT_EXPRESSION)
                                                                                        DLanguageAddExpressionImpl(ADD_EXPRESSION)
                                                                                          DLanguageMulExpressionImpl(MUL_EXPRESSION)
                                                                                            DLanguageUnaryExpressionImpl(UNARY_EXPRESSION)
                                                                                              DLanguagePowExpressionImpl(POW_EXPRESSION)
                                                                                                DLanguagePostfixExpressionImpl(POSTFIX_EXPRESSION)
                                                                                                  DLanguagePrimaryExpressionImpl(PRIMARY_EXPRESSION)
                                                                                                    PsiElement(DLanguageTokenType.INTEGER_LITERAL)('2')
                                                                        PsiElement(DLanguageTokenType.,)(',')
                                                                        DLanguageArgumentListImpl(ARGUMENT_LIST)
                                                                          DLanguageAssignExpressionImpl(ASSIGN_EXPRESSION)
                                                                            DLanguageConditionalExpressionImpl(CONDITIONAL_EXPRESSION)
                                                                              DLanguageOrOrExpressionImpl(OR_OR_EXPRESSION)
                                                                                DLanguageAndAndExpressionImpl(AND_AND_EXPRESSION)
                                                                                  DLanguageOrExpressionImpl(OR_EXPRESSION)
                                                                                    DLanguageXorExpressionImpl(XOR_EXPRESSION)
                                                                                      DLanguageAndExpressionImpl(AND_EXPRESSION)
                                                                                        DLanguageShiftExpressionImpl(SHIFT_EXPRESSION)
                                                                                          DLanguageAddExpressionImpl(ADD_EXPRESSION)
                                                                                            DLanguageMulExpressionImpl(MUL_EXPRESSION)
                                                                                              DLanguageUnaryExpressionImpl(UNARY_EXPRESSION)
                                                                                                DLanguagePowExpressionImpl(POW_EXPRESSION)
                                                                                                  DLanguagePostfixExpressionImpl(POSTFIX_EXPRESSION)
                                                                                                    DLanguagePrimaryExpressionImpl(PRIMARY_EXPRESSION)
                                                                                                      PsiElement(DLanguageTokenType.INTEGER_LITERAL)('3')
                                                                    PsiElement(DLanguageTokenType.])(']')
                              PsiElement(DLanguageTokenType.;)(';')
                  DLanguageStatementListImpl(STATEMENT_LIST)
                    DLanguageStatementImpl(STATEMENT)
                      DLanguageNonEmptyStatementImpl(NON_EMPTY_STATEMENT)
                        DLanguageNonEmptyStatementNoCaseNoDefaultImpl(NON_EMPTY_STATEMENT_NO_CASE_NO_DEFAULT)
                          DLanguageDeclarationStatementImpl(DECLARATION_STATEMENT)
                            DLanguageStorageClassesImpl(STORAGE_CLASSES)
                              DLanguageStorageClassImpl(STORAGE_CLASS)
                                PsiElement(DLanguageTokenType.auto)('auto')
                            DLanguageDeclarationImpl(DECLARATION)
                              DLanguageVarDeclarationsImpl(VAR_DECLARATIONS)
                                DLanguageAutoDeclarationImpl(AUTO_DECLARATION)
                                  DLanguageAutoDeclarationXImpl(AUTO_DECLARATION_X)
                                    AUTO_DECLARATION_Y
                                      IDENTIFIER
                                        PsiElement(DLanguageTokenType.ID)('b')
                                      PsiElement(DLanguageTokenType.=)('=')
                                      DLanguageInitializerImpl(INITIALIZER)
                                        DLanguageNonVoidInitializerImpl(NON_VOID_INITIALIZER)
                                          DLanguageAssignExpressionImpl(ASSIGN_EXPRESSION)
                                            DLanguageConditionalExpressionImpl(CONDITIONAL_EXPRESSION)
                                              DLanguageOrOrExpressionImpl(OR_OR_EXPRESSION)
                                                DLanguageAndAndExpressionImpl(AND_AND_EXPRESSION)
                                                  DLanguageOrExpressionImpl(OR_EXPRESSION)
                                                    DLanguageXorExpressionImpl(XOR_EXPRESSION)
                                                      DLanguageAndExpressionImpl(AND_EXPRESSION)
                                                        DLanguageShiftExpressionImpl(SHIFT_EXPRESSION)
                                                          DLanguageAddExpressionImpl(ADD_EXPRESSION)
                                                            DLanguageMulExpressionImpl(MUL_EXPRESSION)
                                                              DLanguageUnaryExpressionImpl(UNARY_EXPRESSION)
                                                                DLanguageCastExpressionImpl(CAST_EXPRESSION)
                                                                  PsiElement(DLanguageTokenType.cast)('cast')
                                                                  PsiElement(DLanguageTokenType.()('(')
                                                                  DLanguageTypeImpl(TYPE)
                                                                    DLanguageBasicTypeImpl(BASIC_TYPE)
                                                                      DLanguageBasicTypeXImpl(BASIC_TYPE_X)
                                                                        PsiElement(DLanguageTokenType.int)('int')
                                                                    DLanguageBasicType2Impl(BASIC_TYPE_2)
                                                                      DLanguageBasicType2XImpl(BASIC_TYPE_2_X)
                                                                        PsiElement(DLanguageTokenType.[)('[')
                                                                        PsiElement(DLanguageTokenType.])(']')
                                                                  PsiElement(DLanguageTokenType.))(')')
                                                                  DLanguageUnaryExpressionImpl(UNARY_EXPRESSION)
                                                                    DLanguagePowExpressionImpl(POW_EXPRESSION)
                                                                      DLanguagePostfixExpressionImpl(POSTFIX_EXPRESSION)
                                                                        DLanguagePrimaryExpressionImpl(PRIMARY_EXPRESSION)
                                                                          IDENTIFIER
                                                                            PsiElement(DLanguageTokenType.ID)('a')
                                  PsiElement(DLanguageTokenType.;)(';')
                    PsiComment(DLanguageTokenType.LINE_COMMENT)('// runtime array cast misalignment')
                    DLanguageStatementListImpl(STATEMENT_LIST)
                      DLanguageStatementImpl(STATEMENT)
                        DLanguageNonEmptyStatementImpl(NON_EMPTY_STATEMENT)
                          DLanguageNonEmptyStatementNoCaseNoDefaultImpl(NON_EMPTY_STATEMENT_NO_CASE_NO_DEFAULT)
                            DLanguageDeclarationStatementImpl(DECLARATION_STATEMENT)
                              DLanguageDeclarationImpl(DECLARATION)
                                DLanguageVarDeclarationsImpl(VAR_DECLARATIONS)
                                  DLanguageBasicTypeImpl(BASIC_TYPE)
                                    DLanguageBasicTypeXImpl(BASIC_TYPE_X)
                                      PsiElement(DLanguageTokenType.int)('int')
                                  DLanguageDeclaratorsImpl(DECLARATORS)
                                    DECLARATOR_INITIALIZER
                                      DLanguageVarDeclaratorImpl(VAR_DECLARATOR)
                                        DLanguageBasicType2Impl(BASIC_TYPE_2)
                                          DLanguageBasicType2XImpl(BASIC_TYPE_2_X)
                                            PsiElement(DLanguageTokenType.[)('[')
                                            PsiElement(DLanguageTokenType.])(']')
                                        IDENTIFIER
                                          PsiElement(DLanguageTokenType.ID)('c')
                                      PsiElement(DLanguageTokenType.=)('=')
                                      DLanguageInitializerImpl(INITIALIZER)
                                        DLanguageNonVoidInitializerImpl(NON_VOID_INITIALIZER)
                                          DLanguageAssignExpressionImpl(ASSIGN_EXPRESSION)
                                            DLanguageConditionalExpressionImpl(CONDITIONAL_EXPRESSION)
                                              DLanguageOrOrExpressionImpl(OR_OR_EXPRESSION)
                                                DLanguageAndAndExpressionImpl(AND_AND_EXPRESSION)
                                                  DLanguageOrExpressionImpl(OR_EXPRESSION)
                                                    DLanguageXorExpressionImpl(XOR_EXPRESSION)
                                                      DLanguageAndExpressionImpl(AND_EXPRESSION)
                                                        DLanguageShiftExpressionImpl(SHIFT_EXPRESSION)
                                                          DLanguageAddExpressionImpl(ADD_EXPRESSION)
                                                            DLanguageMulExpressionImpl(MUL_EXPRESSION)
                                                              DLanguageUnaryExpressionImpl(UNARY_EXPRESSION)
                                                                DLanguagePowExpressionImpl(POW_EXPRESSION)
                                                                  DLanguagePostfixExpressionImpl(POSTFIX_EXPRESSION)
                                                                    DLanguagePrimaryExpressionImpl(PRIMARY_EXPRESSION)
                                                                      DLanguageArrayLiteralImpl(ARRAY_LITERAL)
                                                                        PsiElement(DLanguageTokenType.[)('[')
                                                                        DLanguageArgumentListImpl(ARGUMENT_LIST)
                                                                          DLanguageAssignExpressionImpl(ASSIGN_EXPRESSION)
                                                                            DLanguageConditionalExpressionImpl(CONDITIONAL_EXPRESSION)
                                                                              DLanguageOrOrExpressionImpl(OR_OR_EXPRESSION)
                                                                                DLanguageAndAndExpressionImpl(AND_AND_EXPRESSION)
                                                                                  DLanguageOrExpressionImpl(OR_EXPRESSION)
                                                                                    DLanguageXorExpressionImpl(XOR_EXPRESSION)
                                                                                      DLanguageAndExpressionImpl(AND_EXPRESSION)
                                                                                        DLanguageShiftExpressionImpl(SHIFT_EXPRESSION)
                                                                                          DLanguageAddExpressionImpl(ADD_EXPRESSION)
                                                                                            DLanguageMulExpressionImpl(MUL_EXPRESSION)
                                                                                              DLanguageUnaryExpressionImpl(UNARY_EXPRESSION)
                                                                                                DLanguagePowExpressionImpl(POW_EXPRESSION)
                                                                                                  DLanguagePostfixExpressionImpl(POSTFIX_EXPRESSION)
                                                                                                    DLanguagePrimaryExpressionImpl(PRIMARY_EXPRESSION)
                                                                                                      PsiElement(DLanguageTokenType.INTEGER_LITERAL)('1')
                                                                          PsiElement(DLanguageTokenType.,)(',')
                                                                          DLanguageArgumentListImpl(ARGUMENT_LIST)
                                                                            DLanguageAssignExpressionImpl(ASSIGN_EXPRESSION)
                                                                              DLanguageConditionalExpressionImpl(CONDITIONAL_EXPRESSION)
                                                                                DLanguageOrOrExpressionImpl(OR_OR_EXPRESSION)
                                                                                  DLanguageAndAndExpressionImpl(AND_AND_EXPRESSION)
                                                                                    DLanguageOrExpressionImpl(OR_EXPRESSION)
                                                                                      DLanguageXorExpressionImpl(XOR_EXPRESSION)
                                                                                        DLanguageAndExpressionImpl(AND_EXPRESSION)
                                                                                          DLanguageShiftExpressionImpl(SHIFT_EXPRESSION)
                                                                                            DLanguageAddExpressionImpl(ADD_EXPRESSION)
                                                                                              DLanguageMulExpressionImpl(MUL_EXPRESSION)
                                                                                                DLanguageUnaryExpressionImpl(UNARY_EXPRESSION)
                                                                                                  DLanguagePowExpressionImpl(POW_EXPRESSION)
                                                                                                    DLanguagePostfixExpressionImpl(POSTFIX_EXPRESSION)
                                                                                                      DLanguagePrimaryExpressionImpl(PRIMARY_EXPRESSION)
                                                                                                        PsiElement(DLanguageTokenType.INTEGER_LITERAL)('2')
                                                                            PsiElement(DLanguageTokenType.,)(',')
                                                                            DLanguageArgumentListImpl(ARGUMENT_LIST)
                                                                              DLanguageAssignExpressionImpl(ASSIGN_EXPRESSION)
                                                                                DLanguageConditionalExpressionImpl(CONDITIONAL_EXPRESSION)
                                                                                  DLanguageOrOrExpressionImpl(OR_OR_EXPRESSION)
                                                                                    DLanguageAndAndExpressionImpl(AND_AND_EXPRESSION)
                                                                                      DLanguageOrExpressionImpl(OR_EXPRESSION)
                                                                                        DLanguageXorExpressionImpl(XOR_EXPRESSION)
                                                                                          DLanguageAndExpressionImpl(AND_EXPRESSION)
                                                                                            DLanguageShiftExpressionImpl(SHIFT_EXPRESSION)
                                                                                              DLanguageAddExpressionImpl(ADD_EXPRESSION)
                                                                                                DLanguageMulExpressionImpl(MUL_EXPRESSION)
                                                                                                  DLanguageUnaryExpressionImpl(UNARY_EXPRESSION)
                                                                                                    DLanguagePowExpressionImpl(POW_EXPRESSION)
                                                                                                      DLanguagePostfixExpressionImpl(POSTFIX_EXPRESSION)
                                                                                                        DLanguagePrimaryExpressionImpl(PRIMARY_EXPRESSION)
                                                                                                          PsiElement(DLanguageTokenType.INTEGER_LITERAL)('3')
                                                                        PsiElement(DLanguageTokenType.])(']')
                                  PsiElement(DLanguageTokenType.;)(';')
                      DLanguageStatementListImpl(STATEMENT_LIST)
                        DLanguageStatementImpl(STATEMENT)
                          DLanguageNonEmptyStatementImpl(NON_EMPTY_STATEMENT)
                            DLanguageNonEmptyStatementNoCaseNoDefaultImpl(NON_EMPTY_STATEMENT_NO_CASE_NO_DEFAULT)
                              DLanguageDeclarationStatementImpl(DECLARATION_STATEMENT)
                                DLanguageStorageClassesImpl(STORAGE_CLASSES)
                                  DLanguageStorageClassImpl(STORAGE_CLASS)
                                    PsiElement(DLanguageTokenType.auto)('auto')
                                DLanguageDeclarationImpl(DECLARATION)
                                  DLanguageVarDeclarationsImpl(VAR_DECLARATIONS)
                                    DLanguageAutoDeclarationImpl(AUTO_DECLARATION)
                                      DLanguageAutoDeclarationXImpl(AUTO_DECLARATION_X)
                                        AUTO_DECLARATION_Y
                                          IDENTIFIER
                                            PsiElement(DLanguageTokenType.ID)('d')
                                          PsiElement(DLanguageTokenType.=)('=')
                                          DLanguageInitializerImpl(INITIALIZER)
                                            DLanguageNonVoidInitializerImpl(NON_VOID_INITIALIZER)
                                              DLanguageAssignExpressionImpl(ASSIGN_EXPRESSION)
                                                DLanguageConditionalExpressionImpl(CONDITIONAL_EXPRESSION)
                                                  DLanguageOrOrExpressionImpl(OR_OR_EXPRESSION)
                                                    DLanguageAndAndExpressionImpl(AND_AND_EXPRESSION)
                                                      DLanguageOrExpressionImpl(OR_EXPRESSION)
                                                        DLanguageXorExpressionImpl(XOR_EXPRESSION)
                                                          DLanguageAndExpressionImpl(AND_EXPRESSION)
                                                            DLanguageShiftExpressionImpl(SHIFT_EXPRESSION)
                                                              DLanguageAddExpressionImpl(ADD_EXPRESSION)
                                                                DLanguageMulExpressionImpl(MUL_EXPRESSION)
                                                                  DLanguageUnaryExpressionImpl(UNARY_EXPRESSION)
                                                                    DLanguageCastExpressionImpl(CAST_EXPRESSION)
                                                                      PsiElement(DLanguageTokenType.cast)('cast')
                                                                      PsiElement(DLanguageTokenType.()('(')
                                                                      DLanguageTypeImpl(TYPE)
                                                                        DLanguageBasicTypeImpl(BASIC_TYPE)
                                                                          DLanguageBasicTypeXImpl(BASIC_TYPE_X)
                                                                            PsiElement(DLanguageTokenType.byte)('byte')
                                                                        DLanguageBasicType2Impl(BASIC_TYPE_2)
                                                                          DLanguageBasicType2XImpl(BASIC_TYPE_2_X)
                                                                            PsiElement(DLanguageTokenType.[)('[')
                                                                            PsiElement(DLanguageTokenType.])(']')
                                                                      PsiElement(DLanguageTokenType.))(')')
                                                                      DLanguageUnaryExpressionImpl(UNARY_EXPRESSION)
                                                                        DLanguagePowExpressionImpl(POW_EXPRESSION)
                                                                          DLanguagePostfixExpressionImpl(POSTFIX_EXPRESSION)
                                                                            DLanguagePrimaryExpressionImpl(PRIMARY_EXPRESSION)
                                                                              IDENTIFIER
                                                                                PsiElement(DLanguageTokenType.ID)('c')
                                      PsiElement(DLanguageTokenType.;)(';')
                        PsiComment(DLanguageTokenType.LINE_COMMENT)('// ok')
                        PsiComment(DLanguageTokenType.LINE_COMMENT)('// prints:')
                        PsiComment(DLanguageTokenType.LINE_COMMENT)('// [1, 0, 0, 0, 2, 0, 0, 0, 3, 0, 0, 0]')
                        DLanguageStatementListImpl(STATEMENT_LIST)
                          DLanguageStatementImpl(STATEMENT)
                            DLanguageNonEmptyStatementImpl(NON_EMPTY_STATEMENT)
                              DLanguageNonEmptyStatementNoCaseNoDefaultImpl(NON_EMPTY_STATEMENT_NO_CASE_NO_DEFAULT)
                                DLanguageDeclarationStatementImpl(DECLARATION_STATEMENT)
                                  DLanguageDeclarationImpl(DECLARATION)
                                    DLanguageVarDeclarationsImpl(VAR_DECLARATIONS)
                                      DLanguageBasicTypeImpl(BASIC_TYPE)
                                        DLanguageIdentifierListImpl(IDENTIFIER_LIST)
                                          IDENTIFIER
                                            PsiElement(DLanguageTokenType.ID)('writeln')
                                      DLanguageDeclaratorsImpl(DECLARATORS)
                                        DECLARATOR_INITIALIZER
                                          DLanguageAltDeclaratorImpl(ALT_DECLARATOR)
                                            PsiElement(DLanguageTokenType.()('(')
                                            DLanguageAltDeclaratorXImpl(ALT_DECLARATOR_X)
                                              IDENTIFIER
                                                PsiElement(DLanguageTokenType.ID)('d')
                                            PsiElement(DLanguageTokenType.))(')')
                                      PsiElement(DLanguageTokenType.;)(';')
                          DLanguageStatementListImpl(STATEMENT_LIST)
                            DLanguageStatementImpl(STATEMENT)
                              DLanguageNonEmptyStatementImpl(NON_EMPTY_STATEMENT)
                                DLanguageNonEmptyStatementNoCaseNoDefaultImpl(NON_EMPTY_STATEMENT_NO_CASE_NO_DEFAULT)
                                  DLanguageReturnStatementImpl(RETURN_STATEMENT)
                                    PsiElement(DLanguageTokenType.return)('return')
                                    DLanguageExpressionImpl(EXPRESSION)
                                      DLanguageCommaExpressionImpl(COMMA_EXPRESSION)
                                        DLanguageAssignExpressionImpl(ASSIGN_EXPRESSION)
                                          DLanguageConditionalExpressionImpl(CONDITIONAL_EXPRESSION)
                                            DLanguageOrOrExpressionImpl(OR_OR_EXPRESSION)
                                              DLanguageAndAndExpressionImpl(AND_AND_EXPRESSION)
                                                DLanguageOrExpressionImpl(OR_EXPRESSION)
                                                  DLanguageXorExpressionImpl(XOR_EXPRESSION)
                                                    DLanguageAndExpressionImpl(AND_EXPRESSION)
                                                      DLanguageShiftExpressionImpl(SHIFT_EXPRESSION)
                                                        DLanguageAddExpressionImpl(ADD_EXPRESSION)
                                                          DLanguageMulExpressionImpl(MUL_EXPRESSION)
                                                            DLanguageUnaryExpressionImpl(UNARY_EXPRESSION)
                                                              DLanguagePowExpressionImpl(POW_EXPRESSION)
                                                                DLanguagePostfixExpressionImpl(POSTFIX_EXPRESSION)
                                                                  DLanguagePrimaryExpressionImpl(PRIMARY_EXPRESSION)
                                                                    PsiElement(DLanguageTokenType.INTEGER_LITERAL)('0')
                                    PsiElement(DLanguageTokenType.;)(';')
                PsiElement(DLanguageTokenType.})('}')
