D Language File
  DLanguageSpecifiedVariableDeclarationImpl(VARIABLE_DECLARATION)
    DLanguageBasicTypeImpl(BASIC_TYPE)
      DLanguageBuiltinTypeImpl(BUILTIN_TYPE)
        PsiElement(DlangTokenType.int)('int')
    DLanguageTypeSuffixImpl(TYPE_SUFFIX)
      PsiElement(DlangTokenType.[)('[')
      DLanguageLiteralExpressionImpl(LITERAL_EXPRESSION)
        PsiElement(DlangTokenType.INTEGER_LITERAL)('3')
      PsiElement(DlangTokenType.])(']')
    IDENTIFIER_INITIALIZER
      IDENTIFIER
        PsiElement(DlangTokenType.ID)('ii')
      PsiElement(DlangTokenType.=)('=')
      DLanguageInitializerImpl(INITIALIZER)
        DLanguageArrayLiteralImpl(ARRAY_LITERAL)
          PsiElement(DlangTokenType.[)('[')
          DLanguageArrayInitializerImpl(ARRAY_INITIALIZER)
            DLanguageArrayMemberInitializationImpl(ARRAY_MEMBER_INITIALIZATION)
              DLanguageLiteralExpressionImpl(LITERAL_EXPRESSION)
                PsiElement(DlangTokenType.INTEGER_LITERAL)('4')
            PsiElement(DlangTokenType.,)(',')
            DLanguageArrayMemberInitializationImpl(ARRAY_MEMBER_INITIALIZATION)
              DLanguageLiteralExpressionImpl(LITERAL_EXPRESSION)
                PsiElement(DlangTokenType.INTEGER_LITERAL)('5')
            PsiElement(DlangTokenType.,)(',')
            DLanguageArrayMemberInitializationImpl(ARRAY_MEMBER_INITIALIZATION)
              DLanguageLiteralExpressionImpl(LITERAL_EXPRESSION)
                PsiElement(DlangTokenType.INTEGER_LITERAL)('6')
          PsiElement(DlangTokenType.])(']')
    PsiElement(DlangTokenType.;)(';')
  FUNCTION_DECLARATION
    DLanguageBasicTypeImpl(BASIC_TYPE)
      DLanguageBuiltinTypeImpl(BUILTIN_TYPE)
        PsiElement(DlangTokenType.int)('int')
    IDENTIFIER
      PsiElement(DlangTokenType.ID)('test')
    DLanguageParametersImpl(PARAMETERS)
      PsiElement(DlangTokenType.()('(')
      PsiElement(DlangTokenType.))(')')
    DLanguageSpecifiedFunctionBodyImpl(SPECIFIED_FUNCTION_BODY)
      DLanguageBlockStatementImpl(BLOCK_STATEMENT)
        PsiElement(DlangTokenType.{)('{')
        DLanguageReturnStatementImpl(RETURN_STATEMENT)
          PsiElement(DlangTokenType.return)('return')
          DLanguageAddExpressionImpl(ADD_EXPRESSION)
            DLanguageFunctionCallExpressionImpl(FUNCTION_CALL_EXPRESSION)
              DLanguageReferenceExpressionImpl(REFERENCE_EXPRESSION)
                IDENTIFIER
                  PsiElement(DlangTokenType.ID)('sum')
              PsiElement(DlangTokenType.()('(')
              DLanguageArgumentListImpl(ARGUMENT_LIST)
                DLanguageLiteralExpressionImpl(LITERAL_EXPRESSION)
                  PsiElement(DlangTokenType.INTEGER_LITERAL)('1')
                PsiElement(DlangTokenType.,)(',')
                DLanguageLiteralExpressionImpl(LITERAL_EXPRESSION)
                  PsiElement(DlangTokenType.INTEGER_LITERAL)('2')
                PsiElement(DlangTokenType.,)(',')
                DLanguageLiteralExpressionImpl(LITERAL_EXPRESSION)
                  PsiElement(DlangTokenType.INTEGER_LITERAL)('3')
              PsiElement(DlangTokenType.))(')')
            PsiElement(DlangTokenType.+)('+')
            DLanguageFunctionCallExpressionImpl(FUNCTION_CALL_EXPRESSION)
              DLanguageReferenceExpressionImpl(REFERENCE_EXPRESSION)
                IDENTIFIER
                  PsiElement(DlangTokenType.ID)('sum')
              PsiElement(DlangTokenType.()('(')
              PsiElement(DlangTokenType.))(')')
          PsiElement(DlangTokenType.;)(';')
        PsiComment(DlangTokenType.LINE_COMMENT)('// returns 6+0')
        PsiElement(DlangTokenType.})('}')
  FUNCTION_DECLARATION
    DLanguageBasicTypeImpl(BASIC_TYPE)
      DLanguageBuiltinTypeImpl(BUILTIN_TYPE)
        PsiElement(DlangTokenType.int)('int')
    IDENTIFIER
      PsiElement(DlangTokenType.ID)('func')
    DLanguageParametersImpl(PARAMETERS)
      PsiElement(DlangTokenType.()('(')
      PsiElement(DlangTokenType.))(')')
    DLanguageSpecifiedFunctionBodyImpl(SPECIFIED_FUNCTION_BODY)
      DLanguageBlockStatementImpl(BLOCK_STATEMENT)
        PsiElement(DlangTokenType.{)('{')
        DLanguageDeclarationStatementImpl(DECLARATION_STATEMENT)
          DLanguageSpecifiedVariableDeclarationImpl(VARIABLE_DECLARATION)
            DLanguageBasicTypeImpl(BASIC_TYPE)
              DLanguageBuiltinTypeImpl(BUILTIN_TYPE)
                PsiElement(DlangTokenType.int)('int')
            DLanguageTypeSuffixImpl(TYPE_SUFFIX)
              PsiElement(DlangTokenType.[)('[')
              DLanguageLiteralExpressionImpl(LITERAL_EXPRESSION)
                PsiElement(DlangTokenType.INTEGER_LITERAL)('3')
              PsiElement(DlangTokenType.])(']')
            IDENTIFIER_INITIALIZER
              IDENTIFIER
                PsiElement(DlangTokenType.ID)('ii')
              PsiElement(DlangTokenType.=)('=')
              DLanguageInitializerImpl(INITIALIZER)
                DLanguageArrayLiteralImpl(ARRAY_LITERAL)
                  PsiElement(DlangTokenType.[)('[')
                  DLanguageArrayInitializerImpl(ARRAY_INITIALIZER)
                    DLanguageArrayMemberInitializationImpl(ARRAY_MEMBER_INITIALIZATION)
                      DLanguageLiteralExpressionImpl(LITERAL_EXPRESSION)
                        PsiElement(DlangTokenType.INTEGER_LITERAL)('4')
                    PsiElement(DlangTokenType.,)(',')
                    DLanguageArrayMemberInitializationImpl(ARRAY_MEMBER_INITIALIZATION)
                      DLanguageLiteralExpressionImpl(LITERAL_EXPRESSION)
                        PsiElement(DlangTokenType.INTEGER_LITERAL)('5')
                    PsiElement(DlangTokenType.,)(',')
                    DLanguageArrayMemberInitializationImpl(ARRAY_MEMBER_INITIALIZATION)
                      DLanguageLiteralExpressionImpl(LITERAL_EXPRESSION)
                        PsiElement(DlangTokenType.INTEGER_LITERAL)('6')
                  PsiElement(DlangTokenType.])(']')
            PsiElement(DlangTokenType.;)(';')
        DLanguageReturnStatementImpl(RETURN_STATEMENT)
          PsiElement(DlangTokenType.return)('return')
          DLanguageFunctionCallExpressionImpl(FUNCTION_CALL_EXPRESSION)
            DLanguageReferenceExpressionImpl(REFERENCE_EXPRESSION)
              IDENTIFIER
                PsiElement(DlangTokenType.ID)('sum')
            PsiElement(DlangTokenType.()('(')
            DLanguageArgumentListImpl(ARGUMENT_LIST)
              DLanguageReferenceExpressionImpl(REFERENCE_EXPRESSION)
                IDENTIFIER
                  PsiElement(DlangTokenType.ID)('ii')
            PsiElement(DlangTokenType.))(')')
          PsiElement(DlangTokenType.;)(';')
        PsiComment(DlangTokenType.LINE_COMMENT)('// returns 15')
        PsiElement(DlangTokenType.})('}')
  FUNCTION_DECLARATION
    DLanguageBasicTypeImpl(BASIC_TYPE)
      DLanguageBuiltinTypeImpl(BUILTIN_TYPE)
        PsiElement(DlangTokenType.int)('int')
    IDENTIFIER
      PsiElement(DlangTokenType.ID)('sum')
    DLanguageParametersImpl(PARAMETERS)
      PsiElement(DlangTokenType.()('(')
      PARAMETER
        DLanguageTypeImpl(TYPE)
          DLanguageBasicTypeImpl(BASIC_TYPE)
            DLanguageBuiltinTypeImpl(BUILTIN_TYPE)
              PsiElement(DlangTokenType.int)('int')
          DLanguageTypeSuffixImpl(TYPE_SUFFIX)
            PsiElement(DlangTokenType.[)('[')
            PsiElement(DlangTokenType.])(']')
        IDENTIFIER
          PsiElement(DlangTokenType.ID)('ar')
        PsiElement(DlangTokenType....)('...')
      PsiElement(DlangTokenType.))(')')
    DLanguageSpecifiedFunctionBodyImpl(SPECIFIED_FUNCTION_BODY)
      DLanguageBlockStatementImpl(BLOCK_STATEMENT)
        PsiElement(DlangTokenType.{)('{')
        DLanguageDeclarationStatementImpl(DECLARATION_STATEMENT)
          DLanguageSpecifiedVariableDeclarationImpl(VARIABLE_DECLARATION)
            DLanguageBasicTypeImpl(BASIC_TYPE)
              DLanguageBuiltinTypeImpl(BUILTIN_TYPE)
                PsiElement(DlangTokenType.int)('int')
            IDENTIFIER_INITIALIZER
              IDENTIFIER
                PsiElement(DlangTokenType.ID)('s')
            PsiElement(DlangTokenType.;)(';')
        DLanguageForeachStatementImpl(FOREACH_STATEMENT)
          PsiElement(DlangTokenType.foreach)('foreach')
          PsiElement(DlangTokenType.()('(')
          DLanguageForeachTypeListImpl(FOREACH_TYPE_LIST)
            FOREACH_TYPE
              DLanguageTypeImpl(TYPE)
                DLanguageBasicTypeImpl(BASIC_TYPE)
                  DLanguageBuiltinTypeImpl(BUILTIN_TYPE)
                    PsiElement(DlangTokenType.int)('int')
              IDENTIFIER
                PsiElement(DlangTokenType.ID)('x')
          PsiElement(DlangTokenType.;)(';')
          DLanguageReferenceExpressionImpl(REFERENCE_EXPRESSION)
            IDENTIFIER
              PsiElement(DlangTokenType.ID)('ar')
          PsiElement(DlangTokenType.))(')')
          DLanguageExpressionStatementImpl(EXPRESSION_STATEMENT)
            DLanguageAssignExpressionImpl(ASSIGN_EXPRESSION)
              DLanguageReferenceExpressionImpl(REFERENCE_EXPRESSION)
                IDENTIFIER
                  PsiElement(DlangTokenType.ID)('s')
              PsiElement(DlangTokenType.+=)('+=')
              DLanguageReferenceExpressionImpl(REFERENCE_EXPRESSION)
                IDENTIFIER
                  PsiElement(DlangTokenType.ID)('x')
            PsiElement(DlangTokenType.;)(';')
        DLanguageReturnStatementImpl(RETURN_STATEMENT)
          PsiElement(DlangTokenType.return)('return')
          DLanguageReferenceExpressionImpl(REFERENCE_EXPRESSION)
            IDENTIFIER
              PsiElement(DlangTokenType.ID)('s')
          PsiElement(DlangTokenType.;)(';')
        PsiElement(DlangTokenType.})('}')
  FUNCTION_DECLARATION
    DLanguageBasicTypeImpl(BASIC_TYPE)
      DLanguageBuiltinTypeImpl(BUILTIN_TYPE)
        PsiElement(DlangTokenType.int)('int')
    IDENTIFIER
      PsiElement(DlangTokenType.ID)('test')
    DLanguageParametersImpl(PARAMETERS)
      PsiElement(DlangTokenType.()('(')
      PsiElement(DlangTokenType.))(')')
    DLanguageSpecifiedFunctionBodyImpl(SPECIFIED_FUNCTION_BODY)
      DLanguageBlockStatementImpl(BLOCK_STATEMENT)
        PsiElement(DlangTokenType.{)('{')
        DLanguageReturnStatementImpl(RETURN_STATEMENT)
          PsiElement(DlangTokenType.return)('return')
          DLanguageFunctionCallExpressionImpl(FUNCTION_CALL_EXPRESSION)
            DLanguageReferenceExpressionImpl(REFERENCE_EXPRESSION)
              IDENTIFIER
                PsiElement(DlangTokenType.ID)('sum')
            PsiElement(DlangTokenType.()('(')
            DLanguageArgumentListImpl(ARGUMENT_LIST)
              DLanguageLiteralExpressionImpl(LITERAL_EXPRESSION)
                PsiElement(DlangTokenType.INTEGER_LITERAL)('2')
              PsiElement(DlangTokenType.,)(',')
              DLanguageLiteralExpressionImpl(LITERAL_EXPRESSION)
                PsiElement(DlangTokenType.INTEGER_LITERAL)('3')
            PsiElement(DlangTokenType.))(')')
          PsiElement(DlangTokenType.;)(';')
        PsiComment(DlangTokenType.LINE_COMMENT)('// error, need 3 values for array')
        DLanguageReturnStatementImpl(RETURN_STATEMENT)
          PsiElement(DlangTokenType.return)('return')
          DLanguageFunctionCallExpressionImpl(FUNCTION_CALL_EXPRESSION)
            DLanguageReferenceExpressionImpl(REFERENCE_EXPRESSION)
              IDENTIFIER
                PsiElement(DlangTokenType.ID)('sum')
            PsiElement(DlangTokenType.()('(')
            DLanguageArgumentListImpl(ARGUMENT_LIST)
              DLanguageLiteralExpressionImpl(LITERAL_EXPRESSION)
                PsiElement(DlangTokenType.INTEGER_LITERAL)('1')
              PsiElement(DlangTokenType.,)(',')
              DLanguageLiteralExpressionImpl(LITERAL_EXPRESSION)
                PsiElement(DlangTokenType.INTEGER_LITERAL)('2')
              PsiElement(DlangTokenType.,)(',')
              DLanguageLiteralExpressionImpl(LITERAL_EXPRESSION)
                PsiElement(DlangTokenType.INTEGER_LITERAL)('3')
            PsiElement(DlangTokenType.))(')')
          PsiElement(DlangTokenType.;)(';')
        PsiComment(DlangTokenType.LINE_COMMENT)('// returns 6')
        PsiElement(DlangTokenType.})('}')
  FUNCTION_DECLARATION
    DLanguageBasicTypeImpl(BASIC_TYPE)
      DLanguageBuiltinTypeImpl(BUILTIN_TYPE)
        PsiElement(DlangTokenType.int)('int')
    IDENTIFIER
      PsiElement(DlangTokenType.ID)('func')
    DLanguageParametersImpl(PARAMETERS)
      PsiElement(DlangTokenType.()('(')
      PsiElement(DlangTokenType.))(')')
    DLanguageSpecifiedFunctionBodyImpl(SPECIFIED_FUNCTION_BODY)
      DLanguageBlockStatementImpl(BLOCK_STATEMENT)
        PsiElement(DlangTokenType.{)('{')
        DLanguageDeclarationStatementImpl(DECLARATION_STATEMENT)
          DLanguageSpecifiedVariableDeclarationImpl(VARIABLE_DECLARATION)
            DLanguageBasicTypeImpl(BASIC_TYPE)
              DLanguageBuiltinTypeImpl(BUILTIN_TYPE)
                PsiElement(DlangTokenType.int)('int')
            DLanguageTypeSuffixImpl(TYPE_SUFFIX)
              PsiElement(DlangTokenType.[)('[')
              DLanguageLiteralExpressionImpl(LITERAL_EXPRESSION)
                PsiElement(DlangTokenType.INTEGER_LITERAL)('3')
              PsiElement(DlangTokenType.])(']')
            IDENTIFIER_INITIALIZER
              IDENTIFIER
                PsiElement(DlangTokenType.ID)('ii')
              PsiElement(DlangTokenType.=)('=')
              DLanguageInitializerImpl(INITIALIZER)
                DLanguageArrayLiteralImpl(ARRAY_LITERAL)
                  PsiElement(DlangTokenType.[)('[')
                  DLanguageArrayInitializerImpl(ARRAY_INITIALIZER)
                    DLanguageArrayMemberInitializationImpl(ARRAY_MEMBER_INITIALIZATION)
                      DLanguageLiteralExpressionImpl(LITERAL_EXPRESSION)
                        PsiElement(DlangTokenType.INTEGER_LITERAL)('4')
                    PsiElement(DlangTokenType.,)(',')
                    DLanguageArrayMemberInitializationImpl(ARRAY_MEMBER_INITIALIZATION)
                      DLanguageLiteralExpressionImpl(LITERAL_EXPRESSION)
                        PsiElement(DlangTokenType.INTEGER_LITERAL)('5')
                    PsiElement(DlangTokenType.,)(',')
                    DLanguageArrayMemberInitializationImpl(ARRAY_MEMBER_INITIALIZATION)
                      DLanguageLiteralExpressionImpl(LITERAL_EXPRESSION)
                        PsiElement(DlangTokenType.INTEGER_LITERAL)('6')
                  PsiElement(DlangTokenType.])(']')
            PsiElement(DlangTokenType.;)(';')
        DLanguageDeclarationStatementImpl(DECLARATION_STATEMENT)
          DLanguageSpecifiedVariableDeclarationImpl(VARIABLE_DECLARATION)
            DLanguageBasicTypeImpl(BASIC_TYPE)
              DLanguageBuiltinTypeImpl(BUILTIN_TYPE)
                PsiElement(DlangTokenType.int)('int')
            DLanguageTypeSuffixImpl(TYPE_SUFFIX)
              PsiElement(DlangTokenType.[)('[')
              PsiElement(DlangTokenType.])(']')
            IDENTIFIER_INITIALIZER
              IDENTIFIER
                PsiElement(DlangTokenType.ID)('jj')
              PsiElement(DlangTokenType.=)('=')
              DLanguageInitializerImpl(INITIALIZER)
                DLanguageReferenceExpressionImpl(REFERENCE_EXPRESSION)
                  IDENTIFIER
                    PsiElement(DlangTokenType.ID)('ii')
            PsiElement(DlangTokenType.;)(';')
        DLanguageReturnStatementImpl(RETURN_STATEMENT)
          PsiElement(DlangTokenType.return)('return')
          DLanguageFunctionCallExpressionImpl(FUNCTION_CALL_EXPRESSION)
            DLanguageReferenceExpressionImpl(REFERENCE_EXPRESSION)
              IDENTIFIER
                PsiElement(DlangTokenType.ID)('sum')
            PsiElement(DlangTokenType.()('(')
            DLanguageArgumentListImpl(ARGUMENT_LIST)
              DLanguageReferenceExpressionImpl(REFERENCE_EXPRESSION)
                IDENTIFIER
                  PsiElement(DlangTokenType.ID)('ii')
            PsiElement(DlangTokenType.))(')')
          PsiElement(DlangTokenType.;)(';')
        PsiComment(DlangTokenType.LINE_COMMENT)('// returns 15')
        DLanguageReturnStatementImpl(RETURN_STATEMENT)
          PsiElement(DlangTokenType.return)('return')
          DLanguageFunctionCallExpressionImpl(FUNCTION_CALL_EXPRESSION)
            DLanguageReferenceExpressionImpl(REFERENCE_EXPRESSION)
              IDENTIFIER
                PsiElement(DlangTokenType.ID)('sum')
            PsiElement(DlangTokenType.()('(')
            DLanguageArgumentListImpl(ARGUMENT_LIST)
              DLanguageReferenceExpressionImpl(REFERENCE_EXPRESSION)
                IDENTIFIER
                  PsiElement(DlangTokenType.ID)('jj')
            PsiElement(DlangTokenType.))(')')
          PsiElement(DlangTokenType.;)(';')
        PsiComment(DlangTokenType.LINE_COMMENT)('// error, type mismatch')
        PsiElement(DlangTokenType.})('}')
  FUNCTION_DECLARATION
    DLanguageBasicTypeImpl(BASIC_TYPE)
      DLanguageBuiltinTypeImpl(BUILTIN_TYPE)
        PsiElement(DlangTokenType.int)('int')
    IDENTIFIER
      PsiElement(DlangTokenType.ID)('sum')
    DLanguageParametersImpl(PARAMETERS)
      PsiElement(DlangTokenType.()('(')
      PARAMETER
        DLanguageTypeImpl(TYPE)
          DLanguageBasicTypeImpl(BASIC_TYPE)
            DLanguageBuiltinTypeImpl(BUILTIN_TYPE)
              PsiElement(DlangTokenType.int)('int')
          DLanguageTypeSuffixImpl(TYPE_SUFFIX)
            PsiElement(DlangTokenType.[)('[')
            DLanguageLiteralExpressionImpl(LITERAL_EXPRESSION)
              PsiElement(DlangTokenType.INTEGER_LITERAL)('3')
            PsiElement(DlangTokenType.])(']')
        IDENTIFIER
          PsiElement(DlangTokenType.ID)('ar')
        PsiElement(DlangTokenType....)('...')
      PsiElement(DlangTokenType.))(')')
    DLanguageSpecifiedFunctionBodyImpl(SPECIFIED_FUNCTION_BODY)
      DLanguageBlockStatementImpl(BLOCK_STATEMENT)
        PsiElement(DlangTokenType.{)('{')
        DLanguageDeclarationStatementImpl(DECLARATION_STATEMENT)
          DLanguageSpecifiedVariableDeclarationImpl(VARIABLE_DECLARATION)
            DLanguageBasicTypeImpl(BASIC_TYPE)
              DLanguageBuiltinTypeImpl(BUILTIN_TYPE)
                PsiElement(DlangTokenType.int)('int')
            IDENTIFIER_INITIALIZER
              IDENTIFIER
                PsiElement(DlangTokenType.ID)('s')
            PsiElement(DlangTokenType.;)(';')
        DLanguageForeachStatementImpl(FOREACH_STATEMENT)
          PsiElement(DlangTokenType.foreach)('foreach')
          PsiElement(DlangTokenType.()('(')
          DLanguageForeachTypeListImpl(FOREACH_TYPE_LIST)
            FOREACH_TYPE
              DLanguageTypeImpl(TYPE)
                DLanguageBasicTypeImpl(BASIC_TYPE)
                  DLanguageBuiltinTypeImpl(BUILTIN_TYPE)
                    PsiElement(DlangTokenType.int)('int')
              IDENTIFIER
                PsiElement(DlangTokenType.ID)('x')
          PsiElement(DlangTokenType.;)(';')
          DLanguageReferenceExpressionImpl(REFERENCE_EXPRESSION)
            IDENTIFIER
              PsiElement(DlangTokenType.ID)('ar')
          PsiElement(DlangTokenType.))(')')
          DLanguageExpressionStatementImpl(EXPRESSION_STATEMENT)
            DLanguageAssignExpressionImpl(ASSIGN_EXPRESSION)
              DLanguageReferenceExpressionImpl(REFERENCE_EXPRESSION)
                IDENTIFIER
                  PsiElement(DlangTokenType.ID)('s')
              PsiElement(DlangTokenType.+=)('+=')
              DLanguageReferenceExpressionImpl(REFERENCE_EXPRESSION)
                IDENTIFIER
                  PsiElement(DlangTokenType.ID)('x')
            PsiElement(DlangTokenType.;)(';')
        DLanguageReturnStatementImpl(RETURN_STATEMENT)
          PsiElement(DlangTokenType.return)('return')
          DLanguageReferenceExpressionImpl(REFERENCE_EXPRESSION)
            IDENTIFIER
              PsiElement(DlangTokenType.ID)('s')
          PsiElement(DlangTokenType.;)(';')
        PsiElement(DlangTokenType.})('}')
  CLASS_DECLARATION
    PsiElement(DlangTokenType.class)('class')
    IDENTIFIER
      PsiElement(DlangTokenType.ID)('Foo')
    DLanguageStructBodyImpl(STRUCT_BODY)
      PsiElement(DlangTokenType.{)('{')
      DLanguageSpecifiedVariableDeclarationImpl(VARIABLE_DECLARATION)
        DLanguageBasicTypeImpl(BASIC_TYPE)
          DLanguageBuiltinTypeImpl(BUILTIN_TYPE)
            PsiElement(DlangTokenType.int)('int')
        IDENTIFIER_INITIALIZER
          IDENTIFIER
            PsiElement(DlangTokenType.ID)('x')
        PsiElement(DlangTokenType.;)(';')
      DLanguageSpecifiedVariableDeclarationImpl(VARIABLE_DECLARATION)
        DLanguageBasicTypeImpl(BASIC_TYPE)
          DLanguageQualifiedIdentifierImpl(QUALIFIED_IDENTIFIER)
            IDENTIFIER
              PsiElement(DlangTokenType.ID)('string')
        IDENTIFIER_INITIALIZER
          IDENTIFIER
            PsiElement(DlangTokenType.ID)('s')
        PsiElement(DlangTokenType.;)(';')
      CONSTRUCTOR
        PsiElement(DlangTokenType.this)('this')
        DLanguageParametersImpl(PARAMETERS)
          PsiElement(DlangTokenType.()('(')
          PARAMETER
            DLanguageTypeImpl(TYPE)
              DLanguageBasicTypeImpl(BASIC_TYPE)
                DLanguageBuiltinTypeImpl(BUILTIN_TYPE)
                  PsiElement(DlangTokenType.int)('int')
            IDENTIFIER
              PsiElement(DlangTokenType.ID)('x')
          PsiElement(DlangTokenType.,)(',')
          PARAMETER
            DLanguageTypeImpl(TYPE)
              DLanguageBasicTypeImpl(BASIC_TYPE)
                DLanguageQualifiedIdentifierImpl(QUALIFIED_IDENTIFIER)
                  IDENTIFIER
                    PsiElement(DlangTokenType.ID)('string')
            IDENTIFIER
              PsiElement(DlangTokenType.ID)('s')
          PsiElement(DlangTokenType.))(')')
        DLanguageSpecifiedFunctionBodyImpl(SPECIFIED_FUNCTION_BODY)
          DLanguageBlockStatementImpl(BLOCK_STATEMENT)
            PsiElement(DlangTokenType.{)('{')
            DLanguageExpressionStatementImpl(EXPRESSION_STATEMENT)
              DLanguageAssignExpressionImpl(ASSIGN_EXPRESSION)
                DLanguageReferenceExpressionImpl(REFERENCE_EXPRESSION)
                  DLanguageLiteralExpressionImpl(LITERAL_EXPRESSION)
                    PsiElement(DlangTokenType.this)('this')
                  PsiElement(DlangTokenType..)('.')
                  IDENTIFIER
                    PsiElement(DlangTokenType.ID)('x')
                PsiElement(DlangTokenType.=)('=')
                DLanguageReferenceExpressionImpl(REFERENCE_EXPRESSION)
                  IDENTIFIER
                    PsiElement(DlangTokenType.ID)('x')
              PsiElement(DlangTokenType.;)(';')
            DLanguageExpressionStatementImpl(EXPRESSION_STATEMENT)
              DLanguageAssignExpressionImpl(ASSIGN_EXPRESSION)
                DLanguageReferenceExpressionImpl(REFERENCE_EXPRESSION)
                  DLanguageLiteralExpressionImpl(LITERAL_EXPRESSION)
                    PsiElement(DlangTokenType.this)('this')
                  PsiElement(DlangTokenType..)('.')
                  IDENTIFIER
                    PsiElement(DlangTokenType.ID)('s')
                PsiElement(DlangTokenType.=)('=')
                DLanguageReferenceExpressionImpl(REFERENCE_EXPRESSION)
                  IDENTIFIER
                    PsiElement(DlangTokenType.ID)('s')
              PsiElement(DlangTokenType.;)(';')
            PsiElement(DlangTokenType.})('}')
      PsiElement(DlangTokenType.})('}')
  FUNCTION_DECLARATION
    DLanguageBasicTypeImpl(BASIC_TYPE)
      DLanguageBuiltinTypeImpl(BUILTIN_TYPE)
        PsiElement(DlangTokenType.void)('void')
    IDENTIFIER
      PsiElement(DlangTokenType.ID)('test')
    DLanguageParametersImpl(PARAMETERS)
      PsiElement(DlangTokenType.()('(')
      PARAMETER
        DLanguageTypeImpl(TYPE)
          DLanguageBasicTypeImpl(BASIC_TYPE)
            DLanguageBuiltinTypeImpl(BUILTIN_TYPE)
              PsiElement(DlangTokenType.int)('int')
        IDENTIFIER
          PsiElement(DlangTokenType.ID)('x')
      PsiElement(DlangTokenType.,)(',')
      PARAMETER
        DLanguageTypeImpl(TYPE)
          DLanguageBasicTypeImpl(BASIC_TYPE)
            DLanguageQualifiedIdentifierImpl(QUALIFIED_IDENTIFIER)
              IDENTIFIER
                PsiElement(DlangTokenType.ID)('Foo')
        IDENTIFIER
          PsiElement(DlangTokenType.ID)('f')
        PsiElement(DlangTokenType....)('...')
      PsiElement(DlangTokenType.))(')')
    DLanguageMissingFunctionBodyImpl(MISSING_FUNCTION_BODY)
      PsiElement(DlangTokenType.;)(';')
  UNITTEST
    PsiElement(DlangTokenType.unittest)('unittest')
    DLanguageBlockStatementImpl(BLOCK_STATEMENT)
      PsiElement(DlangTokenType.{)('{')
      DLanguageDeclarationStatementImpl(DECLARATION_STATEMENT)
        DLanguageSpecifiedVariableDeclarationImpl(VARIABLE_DECLARATION)
          DLanguageBasicTypeImpl(BASIC_TYPE)
            DLanguageQualifiedIdentifierImpl(QUALIFIED_IDENTIFIER)
              IDENTIFIER
                PsiElement(DlangTokenType.ID)('Foo')
          IDENTIFIER_INITIALIZER
            IDENTIFIER
              PsiElement(DlangTokenType.ID)('g')
            PsiElement(DlangTokenType.=)('=')
            DLanguageInitializerImpl(INITIALIZER)
              DLanguageNewExpressionImpl(NEW_EXPRESSION)
                PsiElement(DlangTokenType.new)('new')
                DLanguageTypeImpl(TYPE)
                  DLanguageBasicTypeImpl(BASIC_TYPE)
                    DLanguageQualifiedIdentifierImpl(QUALIFIED_IDENTIFIER)
                      IDENTIFIER
                        PsiElement(DlangTokenType.ID)('Foo')
                DLanguageArgumentsImpl(ARGUMENTS)
                  PsiElement(DlangTokenType.()('(')
                  DLanguageArgumentListImpl(ARGUMENT_LIST)
                    DLanguageLiteralExpressionImpl(LITERAL_EXPRESSION)
                      PsiElement(DlangTokenType.INTEGER_LITERAL)('3')
                    PsiElement(DlangTokenType.,)(',')
                    DLanguageLiteralExpressionImpl(LITERAL_EXPRESSION)
                      PsiElement(DlangTokenType.DOUBLE_QUOTED_STRING)('"abc"')
                  PsiElement(DlangTokenType.))(')')
          PsiElement(DlangTokenType.;)(';')
      DLanguageExpressionStatementImpl(EXPRESSION_STATEMENT)
        DLanguageFunctionCallExpressionImpl(FUNCTION_CALL_EXPRESSION)
          DLanguageReferenceExpressionImpl(REFERENCE_EXPRESSION)
            IDENTIFIER
              PsiElement(DlangTokenType.ID)('test')
          PsiElement(DlangTokenType.()('(')
          DLanguageArgumentListImpl(ARGUMENT_LIST)
            DLanguageLiteralExpressionImpl(LITERAL_EXPRESSION)
              PsiElement(DlangTokenType.INTEGER_LITERAL)('1')
            PsiElement(DlangTokenType.,)(',')
            DLanguageReferenceExpressionImpl(REFERENCE_EXPRESSION)
              IDENTIFIER
                PsiElement(DlangTokenType.ID)('g')
          PsiElement(DlangTokenType.))(')')
        PsiElement(DlangTokenType.;)(';')
      PsiComment(DlangTokenType.LINE_COMMENT)('// ok, since g is an instance of Foo')
      DLanguageExpressionStatementImpl(EXPRESSION_STATEMENT)
        DLanguageFunctionCallExpressionImpl(FUNCTION_CALL_EXPRESSION)
          DLanguageReferenceExpressionImpl(REFERENCE_EXPRESSION)
            IDENTIFIER
              PsiElement(DlangTokenType.ID)('test')
          PsiElement(DlangTokenType.()('(')
          DLanguageArgumentListImpl(ARGUMENT_LIST)
            DLanguageLiteralExpressionImpl(LITERAL_EXPRESSION)
              PsiElement(DlangTokenType.INTEGER_LITERAL)('1')
            PsiElement(DlangTokenType.,)(',')
            DLanguageLiteralExpressionImpl(LITERAL_EXPRESSION)
              PsiElement(DlangTokenType.INTEGER_LITERAL)('4')
            PsiElement(DlangTokenType.,)(',')
            DLanguageLiteralExpressionImpl(LITERAL_EXPRESSION)
              PsiElement(DlangTokenType.DOUBLE_QUOTED_STRING)('"def"')
          PsiElement(DlangTokenType.))(')')
        PsiElement(DlangTokenType.;)(';')
      PsiComment(DlangTokenType.LINE_COMMENT)('// ok')
      DLanguageExpressionStatementImpl(EXPRESSION_STATEMENT)
        DLanguageFunctionCallExpressionImpl(FUNCTION_CALL_EXPRESSION)
          DLanguageReferenceExpressionImpl(REFERENCE_EXPRESSION)
            IDENTIFIER
              PsiElement(DlangTokenType.ID)('test')
          PsiElement(DlangTokenType.()('(')
          DLanguageArgumentListImpl(ARGUMENT_LIST)
            DLanguageLiteralExpressionImpl(LITERAL_EXPRESSION)
              PsiElement(DlangTokenType.INTEGER_LITERAL)('1')
            PsiElement(DlangTokenType.,)(',')
            DLanguageLiteralExpressionImpl(LITERAL_EXPRESSION)
              PsiElement(DlangTokenType.INTEGER_LITERAL)('5')
          PsiElement(DlangTokenType.))(')')
        PsiElement(DlangTokenType.;)(';')
      PsiComment(DlangTokenType.LINE_COMMENT)('// error, no matching constructor for Foo')
      DLanguageDeclarationStatementImpl(DECLARATION_STATEMENT)
        FUNCTION_DECLARATION
          DLanguageBasicTypeImpl(BASIC_TYPE)
            DLanguageQualifiedIdentifierImpl(QUALIFIED_IDENTIFIER)
              IDENTIFIER
                PsiElement(DlangTokenType.ID)('Foo')
          IDENTIFIER
            PsiElement(DlangTokenType.ID)('test')
          DLanguageParametersImpl(PARAMETERS)
            PsiElement(DlangTokenType.()('(')
            PARAMETER
              DLanguageTypeImpl(TYPE)
                DLanguageBasicTypeImpl(BASIC_TYPE)
                  DLanguageQualifiedIdentifierImpl(QUALIFIED_IDENTIFIER)
                    IDENTIFIER
                      PsiElement(DlangTokenType.ID)('Foo')
              IDENTIFIER
                PsiElement(DlangTokenType.ID)('f')
              PsiElement(DlangTokenType....)('...')
            PsiElement(DlangTokenType.))(')')
          DLanguageSpecifiedFunctionBodyImpl(SPECIFIED_FUNCTION_BODY)
            DLanguageBlockStatementImpl(BLOCK_STATEMENT)
              PsiElement(DlangTokenType.{)('{')
              DLanguageReturnStatementImpl(RETURN_STATEMENT)
                PsiElement(DlangTokenType.return)('return')
                DLanguageReferenceExpressionImpl(REFERENCE_EXPRESSION)
                  IDENTIFIER
                    PsiElement(DlangTokenType.ID)('f')
                PsiElement(DlangTokenType.;)(';')
              PsiComment(DlangTokenType.LINE_COMMENT)('// error, f instance contents invalid after return')
              PsiElement(DlangTokenType.})('}')
      DLanguageDeclarationStatementImpl(DECLARATION_STATEMENT)
        FUNCTION_DECLARATION
          DLanguageBasicTypeImpl(BASIC_TYPE)
            DLanguageBuiltinTypeImpl(BUILTIN_TYPE)
              PsiElement(DlangTokenType.int)('int')
          DLanguageTypeSuffixImpl(TYPE_SUFFIX)
            PsiElement(DlangTokenType.[)('[')
            PsiElement(DlangTokenType.])(']')
          IDENTIFIER
            PsiElement(DlangTokenType.ID)('test')
          DLanguageParametersImpl(PARAMETERS)
            PsiElement(DlangTokenType.()('(')
            PARAMETER
              DLanguageTypeImpl(TYPE)
                DLanguageBasicTypeImpl(BASIC_TYPE)
                  DLanguageBuiltinTypeImpl(BUILTIN_TYPE)
                    PsiElement(DlangTokenType.int)('int')
                DLanguageTypeSuffixImpl(TYPE_SUFFIX)
                  PsiElement(DlangTokenType.[)('[')
                  PsiElement(DlangTokenType.])(']')
              IDENTIFIER
                PsiElement(DlangTokenType.ID)('a')
              PsiElement(DlangTokenType....)('...')
            PsiElement(DlangTokenType.))(')')
          DLanguageSpecifiedFunctionBodyImpl(SPECIFIED_FUNCTION_BODY)
            DLanguageBlockStatementImpl(BLOCK_STATEMENT)
              PsiElement(DlangTokenType.{)('{')
              DLanguageReturnStatementImpl(RETURN_STATEMENT)
                PsiElement(DlangTokenType.return)('return')
                DLanguageReferenceExpressionImpl(REFERENCE_EXPRESSION)
                  IDENTIFIER
                    PsiElement(DlangTokenType.ID)('a')
                PsiElement(DlangTokenType.;)(';')
              PsiComment(DlangTokenType.LINE_COMMENT)('// error, array contents invalid after return')
              DLanguageReturnStatementImpl(RETURN_STATEMENT)
                PsiElement(DlangTokenType.return)('return')
                DLanguageArrayAccessExpressionImpl(ARRAY_ACCESS_EXPRESSION)
                  DLanguageReferenceExpressionImpl(REFERENCE_EXPRESSION)
                    IDENTIFIER
                      PsiElement(DlangTokenType.ID)('a')
                  DLanguageIndexExpressionImpl(INDEX_EXPRESSION)
                    PsiElement(DlangTokenType.[)('[')
                    DLanguageLiteralExpressionImpl(LITERAL_EXPRESSION)
                      PsiElement(DlangTokenType.INTEGER_LITERAL)('0')
                    PsiElement(DlangTokenType...)('..')
                    DLanguageLiteralExpressionImpl(LITERAL_EXPRESSION)
                      PsiElement(DlangTokenType.INTEGER_LITERAL)('1')
                    PsiElement(DlangTokenType.])(']')
                PsiElement(DlangTokenType.;)(';')
              PsiComment(DlangTokenType.LINE_COMMENT)('// error, array contents invalid after return')
              DLanguageReturnStatementImpl(RETURN_STATEMENT)
                PsiElement(DlangTokenType.return)('return')
                DLanguageReferenceExpressionImpl(REFERENCE_EXPRESSION)
                  DLanguageReferenceExpressionImpl(REFERENCE_EXPRESSION)
                    IDENTIFIER
                      PsiElement(DlangTokenType.ID)('a')
                  PsiElement(DlangTokenType..)('.')
                  IDENTIFIER
                    PsiElement(DlangTokenType.ID)('dup')
                PsiElement(DlangTokenType.;)(';')
              PsiComment(DlangTokenType.LINE_COMMENT)('// ok, since copy is made')
              PsiElement(DlangTokenType.})('}')
      DLanguageDeclarationStatementImpl(DECLARATION_STATEMENT)
        FUNCTION_DECLARATION
          DLanguageBasicTypeImpl(BASIC_TYPE)
            DLanguageBuiltinTypeImpl(BUILTIN_TYPE)
              PsiElement(DlangTokenType.int)('int')
          IDENTIFIER
            PsiElement(DlangTokenType.ID)('test')
          DLanguageParametersImpl(PARAMETERS)
            PsiElement(DlangTokenType.()('(')
            PARAMETER
              DLanguageTypeImpl(TYPE)
                DLanguageBasicTypeImpl(BASIC_TYPE)
                  DLanguageBuiltinTypeImpl(BUILTIN_TYPE)
                    PsiElement(DlangTokenType.int)('int')
              IDENTIFIER
                PsiElement(DlangTokenType.ID)('i')
              PsiElement(DlangTokenType....)('...')
            PsiElement(DlangTokenType.))(')')
          DLanguageSpecifiedFunctionBodyImpl(SPECIFIED_FUNCTION_BODY)
            DLanguageBlockStatementImpl(BLOCK_STATEMENT)
              PsiElement(DlangTokenType.{)('{')
              DLanguageReturnStatementImpl(RETURN_STATEMENT)
                PsiElement(DlangTokenType.return)('return')
                DLanguageReferenceExpressionImpl(REFERENCE_EXPRESSION)
                  IDENTIFIER
                    PsiElement(DlangTokenType.ID)('i')
                PsiElement(DlangTokenType.;)(';')
              PsiElement(DlangTokenType.})('}')
      DLanguageExpressionStatementImpl(EXPRESSION_STATEMENT)
        DLanguageFunctionCallExpressionImpl(FUNCTION_CALL_EXPRESSION)
          DLanguageReferenceExpressionImpl(REFERENCE_EXPRESSION)
            IDENTIFIER
              PsiElement(DlangTokenType.ID)('test')
          PsiElement(DlangTokenType.()('(')
          DLanguageArgumentListImpl(ARGUMENT_LIST)
            DLanguageLiteralExpressionImpl(LITERAL_EXPRESSION)
              PsiElement(DlangTokenType.INTEGER_LITERAL)('3')
          PsiElement(DlangTokenType.))(')')
        PsiElement(DlangTokenType.;)(';')
      PsiComment(DlangTokenType.LINE_COMMENT)('// returns 3')
      DLanguageExpressionStatementImpl(EXPRESSION_STATEMENT)
        DLanguageFunctionCallExpressionImpl(FUNCTION_CALL_EXPRESSION)
          DLanguageReferenceExpressionImpl(REFERENCE_EXPRESSION)
            IDENTIFIER
              PsiElement(DlangTokenType.ID)('test')
          PsiElement(DlangTokenType.()('(')
          DLanguageArgumentListImpl(ARGUMENT_LIST)
            DLanguageLiteralExpressionImpl(LITERAL_EXPRESSION)
              PsiElement(DlangTokenType.INTEGER_LITERAL)('3')
            PsiElement(DlangTokenType.,)(',')
            DLanguageLiteralExpressionImpl(LITERAL_EXPRESSION)
              PsiElement(DlangTokenType.INTEGER_LITERAL)('4')
          PsiElement(DlangTokenType.))(')')
        PsiElement(DlangTokenType.;)(';')
      PsiComment(DlangTokenType.LINE_COMMENT)('// error, too many arguments')
      DLanguageDeclarationStatementImpl(DECLARATION_STATEMENT)
        DLanguageSpecifiedVariableDeclarationImpl(VARIABLE_DECLARATION)
          DLanguageBasicTypeImpl(BASIC_TYPE)
            DLanguageBuiltinTypeImpl(BUILTIN_TYPE)
              PsiElement(DlangTokenType.int)('int')
          DLanguageTypeSuffixImpl(TYPE_SUFFIX)
            PsiElement(DlangTokenType.[)('[')
            PsiElement(DlangTokenType.])(']')
          IDENTIFIER_INITIALIZER
            IDENTIFIER
              PsiElement(DlangTokenType.ID)('x')
          PsiElement(DlangTokenType.;)(';')
      DLanguageExpressionStatementImpl(EXPRESSION_STATEMENT)
        DLanguageFunctionCallExpressionImpl(FUNCTION_CALL_EXPRESSION)
          DLanguageReferenceExpressionImpl(REFERENCE_EXPRESSION)
            IDENTIFIER
              PsiElement(DlangTokenType.ID)('test')
          PsiElement(DlangTokenType.()('(')
          DLanguageArgumentListImpl(ARGUMENT_LIST)
            DLanguageReferenceExpressionImpl(REFERENCE_EXPRESSION)
              IDENTIFIER
                PsiElement(DlangTokenType.ID)('x')
          PsiElement(DlangTokenType.))(')')
        PsiElement(DlangTokenType.;)(';')
      PsiComment(DlangTokenType.LINE_COMMENT)('// error, type mismatch')
      PsiElement(DlangTokenType.})('}')