D Language File
  PsiComment(DlangTokenType.LINE_COMMENT)('// Only one copy of func needs to be written')
  FUNCTION_DECLARATION
    DLanguageBasicTypeImpl(BASIC_TYPE)
      DLanguageBuiltinTypeImpl(BUILTIN_TYPE)
        PsiElement(DlangTokenType.void)('void')
    PsiElement(DlangTokenType.ID)('func')
    DLanguageTemplateParametersImpl(TEMPLATE_PARAMETERS)
      PsiElement(DlangTokenType.()('(')
      DLanguageTemplateParameterListImpl(TEMPLATE_PARAMETER_LIST)
        TEMPLATE_TYPE_PARAMETER
          PsiElement(DlangTokenType.ID)('T')
      PsiElement(DlangTokenType.))(')')
    DLanguageParametersImpl(PARAMETERS)
      PsiElement(DlangTokenType.()('(')
      PARAMETER
        DLanguageTypeImpl(TYPE)
          DLanguageBasicTypeImpl(BASIC_TYPE)
            DLanguageQualifiedIdentifierImpl(QUALIFIED_IDENTIFIER)
              PsiElement(DlangTokenType.ID)('T')
        PsiElement(DlangTokenType.ID)('x')
      PsiElement(DlangTokenType.))(')')
    DLanguageSpecifiedFunctionBodyImpl(SPECIFIED_FUNCTION_BODY)
      DLanguageBlockStatementImpl(BLOCK_STATEMENT)
        PsiElement(DlangTokenType.{)('{')
        DLanguageExpressionStatementImpl(EXPRESSION_STATEMENT)
          DLanguageFunctionCallExpressionImpl(FUNCTION_CALL_EXPRESSION)
            DLanguageReferenceExpressionImpl(REFERENCE_EXPRESSION)
              PsiElement(DlangTokenType.ID)('writeln')
            PsiElement(DlangTokenType.()('(')
            DLanguageArgumentListImpl(ARGUMENT_LIST)
              DLanguageReferenceExpressionImpl(REFERENCE_EXPRESSION)
                PsiElement(DlangTokenType.ID)('x')
            PsiElement(DlangTokenType.))(')')
          PsiElement(DlangTokenType.;)(';')
        PsiElement(DlangTokenType.})('}')
  FUNCTION_DECLARATION
    DLanguageBasicTypeImpl(BASIC_TYPE)
      DLanguageBuiltinTypeImpl(BUILTIN_TYPE)
        PsiElement(DlangTokenType.void)('void')
    PsiElement(DlangTokenType.ID)('main')
    DLanguageParametersImpl(PARAMETERS)
      PsiElement(DlangTokenType.()('(')
      PsiElement(DlangTokenType.))(')')
    DLanguageSpecifiedFunctionBodyImpl(SPECIFIED_FUNCTION_BODY)
      DLanguageBlockStatementImpl(BLOCK_STATEMENT)
        PsiElement(DlangTokenType.{)('{')
        DLanguageExpressionStatementImpl(EXPRESSION_STATEMENT)
          DLanguageFunctionCallExpressionImpl(FUNCTION_CALL_EXPRESSION)
            DLanguageReferenceExpressionImpl(REFERENCE_EXPRESSION)
              DLanguageTemplateInstanceImpl(TEMPLATE_INSTANCE)
                PsiElement(DlangTokenType.ID)('func')
                DLanguageTemplateArgumentsImpl(TEMPLATE_ARGUMENTS)
                  PsiElement(DlangTokenType.!)('!')
                  PsiElement(DlangTokenType.()('(')
                  DLanguageTemplateArgumentListImpl(TEMPLATE_ARGUMENT_LIST)
                    DLanguageTemplateArgumentImpl(TEMPLATE_ARGUMENT)
                      DLanguageTypeImpl(TYPE)
                        DLanguageBasicTypeImpl(BASIC_TYPE)
                          DLanguageBuiltinTypeImpl(BUILTIN_TYPE)
                            PsiElement(DlangTokenType.int)('int')
                  PsiElement(DlangTokenType.))(')')
            PsiElement(DlangTokenType.()('(')
            DLanguageArgumentListImpl(ARGUMENT_LIST)
              DLanguageLiteralExpressionImpl(LITERAL_EXPRESSION)
                PsiElement(DlangTokenType.INTEGER_LITERAL)('1')
            PsiElement(DlangTokenType.))(')')
          PsiElement(DlangTokenType.;)(';')
        PsiComment(DlangTokenType.LINE_COMMENT)('// pass an int')
        DLanguageExpressionStatementImpl(EXPRESSION_STATEMENT)
          DLanguageFunctionCallExpressionImpl(FUNCTION_CALL_EXPRESSION)
            DLanguageReferenceExpressionImpl(REFERENCE_EXPRESSION)
              PsiElement(DlangTokenType.ID)('func')
            PsiElement(DlangTokenType.()('(')
            DLanguageArgumentListImpl(ARGUMENT_LIST)
              DLanguageLiteralExpressionImpl(LITERAL_EXPRESSION)
                PsiElement(DlangTokenType.INTEGER_LITERAL)('1')
            PsiElement(DlangTokenType.))(')')
          PsiElement(DlangTokenType.;)(';')
        PsiComment(DlangTokenType.LINE_COMMENT)('// pass an int, inferring T = int')
        DLanguageExpressionStatementImpl(EXPRESSION_STATEMENT)
          DLanguageFunctionCallExpressionImpl(FUNCTION_CALL_EXPRESSION)
            DLanguageReferenceExpressionImpl(REFERENCE_EXPRESSION)
              PsiElement(DlangTokenType.ID)('func')
            PsiElement(DlangTokenType.()('(')
            DLanguageArgumentListImpl(ARGUMENT_LIST)
              DLanguageLiteralExpressionImpl(LITERAL_EXPRESSION)
                PsiElement(DlangTokenType.DOUBLE_QUOTED_STRING)('"x"')
            PsiElement(DlangTokenType.))(')')
          PsiElement(DlangTokenType.;)(';')
        PsiComment(DlangTokenType.LINE_COMMENT)('// pass a string')
        DLanguageExpressionStatementImpl(EXPRESSION_STATEMENT)
          DLanguageFunctionCallExpressionImpl(FUNCTION_CALL_EXPRESSION)
            DLanguageReferenceExpressionImpl(REFERENCE_EXPRESSION)
              PsiElement(DlangTokenType.ID)('func')
            PsiElement(DlangTokenType.()('(')
            DLanguageArgumentListImpl(ARGUMENT_LIST)
              DLanguageLiteralExpressionImpl(LITERAL_EXPRESSION)
                PsiElement(DlangTokenType.FLOAT_LITERAL)('1.0')
            PsiElement(DlangTokenType.))(')')
          PsiElement(DlangTokenType.;)(';')
        PsiComment(DlangTokenType.LINE_COMMENT)('// pass a float')
        DLanguageDeclarationStatementImpl(DECLARATION_STATEMENT)
          STRUCT_DECLARATION
            PsiElement(DlangTokenType.struct)('struct')
            PsiElement(DlangTokenType.ID)('S')
            DLanguageStructBodyImpl(STRUCT_BODY)
              PsiElement(DlangTokenType.{)('{')
              PsiElement(DlangTokenType.})('}')
        DLanguageDeclarationStatementImpl(DECLARATION_STATEMENT)
          DLanguageSpecifiedVariableDeclarationImpl(VARIABLE_DECLARATION)
            DLanguageBasicTypeImpl(BASIC_TYPE)
              DLanguageQualifiedIdentifierImpl(QUALIFIED_IDENTIFIER)
                PsiElement(DlangTokenType.ID)('S')
            IDENTIFIER_INITIALIZER
              PsiElement(DlangTokenType.ID)('s')
            PsiElement(DlangTokenType.;)(';')
        DLanguageExpressionStatementImpl(EXPRESSION_STATEMENT)
          DLanguageFunctionCallExpressionImpl(FUNCTION_CALL_EXPRESSION)
            DLanguageReferenceExpressionImpl(REFERENCE_EXPRESSION)
              PsiElement(DlangTokenType.ID)('func')
            PsiElement(DlangTokenType.()('(')
            DLanguageArgumentListImpl(ARGUMENT_LIST)
              DLanguageReferenceExpressionImpl(REFERENCE_EXPRESSION)
                PsiElement(DlangTokenType.ID)('s')
            PsiElement(DlangTokenType.))(')')
          PsiElement(DlangTokenType.;)(';')
        PsiComment(DlangTokenType.LINE_COMMENT)('// pass a struct')
        PsiElement(DlangTokenType.})('}')
  DLanguageSpecifiedVariableDeclarationImpl(VARIABLE_DECLARATION)
    DLanguageStorageClassImpl(STORAGE_CLASS)
      PsiElement(DlangTokenType.static)('static')
    DLanguageBasicTypeImpl(BASIC_TYPE)
      DLanguageBuiltinTypeImpl(BUILTIN_TYPE)
        PsiElement(DlangTokenType.int)('int')
    IDENTIFIER_INITIALIZER
      PsiElement(DlangTokenType.ID)('y')
      PsiElement(DlangTokenType.=)('=')
      DLanguageInitializerImpl(INITIALIZER)
        DLanguageLiteralExpressionImpl(LITERAL_EXPRESSION)
          PsiElement(DlangTokenType.INTEGER_LITERAL)('0')
    PsiElement(DlangTokenType.;)(';')
  FUNCTION_DECLARATION
    DLanguageBasicTypeImpl(BASIC_TYPE)
      DLanguageBuiltinTypeImpl(BUILTIN_TYPE)
        PsiElement(DlangTokenType.int)('int')
    PsiElement(DlangTokenType.ID)('countTen')
    DLanguageParametersImpl(PARAMETERS)
      PsiElement(DlangTokenType.()('(')
      PARAMETER
        DLanguageTypeImpl(TYPE)
          DLanguageBasicTypeImpl(BASIC_TYPE)
            DLanguageBuiltinTypeImpl(BUILTIN_TYPE)
              PsiElement(DlangTokenType.int)('int')
        PsiElement(DlangTokenType.ID)('x')
      PsiElement(DlangTokenType.))(')')
    DLanguageSpecifiedFunctionBodyImpl(SPECIFIED_FUNCTION_BODY)
      DLanguageBlockStatementImpl(BLOCK_STATEMENT)
        PsiElement(DlangTokenType.{)('{')
        DLanguageIfStatementImpl(IF_STATEMENT)
          PsiElement(DlangTokenType.if)('if')
          PsiElement(DlangTokenType.()('(')
          DLanguageRelExpressionImpl(REL_EXPRESSION)
            DLanguageReferenceExpressionImpl(REFERENCE_EXPRESSION)
              PsiElement(DlangTokenType.ID)('x')
            PsiElement(DlangTokenType.>)('>')
            DLanguageLiteralExpressionImpl(LITERAL_EXPRESSION)
              PsiElement(DlangTokenType.INTEGER_LITERAL)('10')
          PsiElement(DlangTokenType.))(')')
          DLanguageExpressionStatementImpl(EXPRESSION_STATEMENT)
            DLanguageUnaryExpressionImpl(UNARY_EXPRESSION)
              PsiElement(DlangTokenType.++)('++')
              DLanguageReferenceExpressionImpl(REFERENCE_EXPRESSION)
                PsiElement(DlangTokenType.ID)('y')
            PsiElement(DlangTokenType.;)(';')
        DLanguageReturnStatementImpl(RETURN_STATEMENT)
          PsiElement(DlangTokenType.return)('return')
          DLanguageReferenceExpressionImpl(REFERENCE_EXPRESSION)
            PsiElement(DlangTokenType.ID)('x')
          PsiElement(DlangTokenType.;)(';')
        PsiElement(DlangTokenType.})('}')
  DLanguageStaticAssertDeclarationImpl(STATIC_ASSERT_DECLARATION)
    PsiElement(DlangTokenType.static)('static')
    DLanguageAssertExpressionImpl(ASSERT_EXPRESSION)
      PsiElement(DlangTokenType.assert)('assert')
      PsiElement(DlangTokenType.()('(')
      DLanguageAssertArgumentsImpl(ASSERT_ARGUMENTS)
        DLanguageEqualExpressionImpl(EQUAL_EXPRESSION)
          DLanguageFunctionCallExpressionImpl(FUNCTION_CALL_EXPRESSION)
            DLanguageReferenceExpressionImpl(REFERENCE_EXPRESSION)
              PsiElement(DlangTokenType.ID)('countTen')
            PsiElement(DlangTokenType.()('(')
            DLanguageArgumentListImpl(ARGUMENT_LIST)
              DLanguageLiteralExpressionImpl(LITERAL_EXPRESSION)
                PsiElement(DlangTokenType.INTEGER_LITERAL)('6')
            PsiElement(DlangTokenType.))(')')
          PsiElement(DlangTokenType.==)('==')
          DLanguageLiteralExpressionImpl(LITERAL_EXPRESSION)
            PsiElement(DlangTokenType.INTEGER_LITERAL)('6')
      PsiElement(DlangTokenType.))(')')
    PsiElement(DlangTokenType.;)(';')
    PsiComment(DlangTokenType.LINE_COMMENT)('// OK')
  DLanguageStaticAssertDeclarationImpl(STATIC_ASSERT_DECLARATION)
    PsiElement(DlangTokenType.static)('static')
    DLanguageAssertExpressionImpl(ASSERT_EXPRESSION)
      PsiElement(DlangTokenType.assert)('assert')
      PsiElement(DlangTokenType.()('(')
      DLanguageAssertArgumentsImpl(ASSERT_ARGUMENTS)
        DLanguageEqualExpressionImpl(EQUAL_EXPRESSION)
          DLanguageFunctionCallExpressionImpl(FUNCTION_CALL_EXPRESSION)
            DLanguageReferenceExpressionImpl(REFERENCE_EXPRESSION)
              PsiElement(DlangTokenType.ID)('countTen')
            PsiElement(DlangTokenType.()('(')
            DLanguageArgumentListImpl(ARGUMENT_LIST)
              DLanguageLiteralExpressionImpl(LITERAL_EXPRESSION)
                PsiElement(DlangTokenType.INTEGER_LITERAL)('12')
            PsiElement(DlangTokenType.))(')')
          PsiElement(DlangTokenType.==)('==')
          DLanguageLiteralExpressionImpl(LITERAL_EXPRESSION)
            PsiElement(DlangTokenType.INTEGER_LITERAL)('12')
      PsiElement(DlangTokenType.))(')')
    PsiElement(DlangTokenType.;)(';')
    PsiComment(DlangTokenType.LINE_COMMENT)('// invalid, modifies y.')
  TEMPLATE_DECLARATION
    PsiElement(DlangTokenType.template)('template')
    PsiElement(DlangTokenType.ID)('eval')
    DLanguageTemplateParametersImpl(TEMPLATE_PARAMETERS)
      PsiElement(DlangTokenType.()('(')
      DLanguageTemplateParameterListImpl(TEMPLATE_PARAMETER_LIST)
        TEMPLATE_TUPLE_PARAMETER
          PsiElement(DlangTokenType.ID)('A')
          PsiElement(DlangTokenType....)('...')
      PsiElement(DlangTokenType.))(')')
    PsiElement(DlangTokenType.{)('{')
    DLanguageSpecifiedVariableDeclarationImpl(VARIABLE_DECLARATION)
      DLanguageStorageClassImpl(STORAGE_CLASS)
        PsiElement(DlangTokenType.const)('const')
      DLanguageBasicTypeImpl(BASIC_TYPE)
        DLanguageTypeofExpressionImpl(TYPEOF_EXPRESSION)
          PsiElement(DlangTokenType.typeof)('typeof')
          PsiElement(DlangTokenType.()('(')
          DLanguageArrayAccessExpressionImpl(ARRAY_ACCESS_EXPRESSION)
            DLanguageReferenceExpressionImpl(REFERENCE_EXPRESSION)
              PsiElement(DlangTokenType.ID)('A')
            DLanguageIndexExpressionImpl(INDEX_EXPRESSION)
              PsiElement(DlangTokenType.[)('[')
              DLanguageLiteralExpressionImpl(LITERAL_EXPRESSION)
                PsiElement(DlangTokenType.INTEGER_LITERAL)('0')
              PsiElement(DlangTokenType.])(']')
          PsiElement(DlangTokenType.))(')')
      IDENTIFIER_INITIALIZER
        PsiElement(DlangTokenType.ID)('eval')
        PsiElement(DlangTokenType.=)('=')
        DLanguageInitializerImpl(INITIALIZER)
          DLanguageArrayAccessExpressionImpl(ARRAY_ACCESS_EXPRESSION)
            DLanguageReferenceExpressionImpl(REFERENCE_EXPRESSION)
              PsiElement(DlangTokenType.ID)('A')
            DLanguageIndexExpressionImpl(INDEX_EXPRESSION)
              PsiElement(DlangTokenType.[)('[')
              DLanguageLiteralExpressionImpl(LITERAL_EXPRESSION)
                PsiElement(DlangTokenType.INTEGER_LITERAL)('0')
              PsiElement(DlangTokenType.])(']')
      PsiElement(DlangTokenType.;)(';')
    PsiElement(DlangTokenType.})('}')
  FUNCTION_DECLARATION
    DLanguageBasicTypeImpl(BASIC_TYPE)
      DLanguageBuiltinTypeImpl(BUILTIN_TYPE)
        PsiElement(DlangTokenType.int)('int')
    PsiElement(DlangTokenType.ID)('square')
    DLanguageParametersImpl(PARAMETERS)
      PsiElement(DlangTokenType.()('(')
      PARAMETER
        DLanguageTypeImpl(TYPE)
          DLanguageBasicTypeImpl(BASIC_TYPE)
            DLanguageBuiltinTypeImpl(BUILTIN_TYPE)
              PsiElement(DlangTokenType.int)('int')
        PsiElement(DlangTokenType.ID)('i')
      PsiElement(DlangTokenType.))(')')
    DLanguageSpecifiedFunctionBodyImpl(SPECIFIED_FUNCTION_BODY)
      DLanguageBlockStatementImpl(BLOCK_STATEMENT)
        PsiElement(DlangTokenType.{)('{')
        DLanguageReturnStatementImpl(RETURN_STATEMENT)
          PsiElement(DlangTokenType.return)('return')
          DLanguageMulExpressionImpl(MUL_EXPRESSION)
            DLanguageReferenceExpressionImpl(REFERENCE_EXPRESSION)
              PsiElement(DlangTokenType.ID)('i')
            PsiElement(DlangTokenType.*)('*')
            DLanguageReferenceExpressionImpl(REFERENCE_EXPRESSION)
              PsiElement(DlangTokenType.ID)('i')
          PsiElement(DlangTokenType.;)(';')
        PsiElement(DlangTokenType.})('}')
  FUNCTION_DECLARATION
    DLanguageBasicTypeImpl(BASIC_TYPE)
      DLanguageBuiltinTypeImpl(BUILTIN_TYPE)
        PsiElement(DlangTokenType.void)('void')
    PsiElement(DlangTokenType.ID)('foo')
    DLanguageParametersImpl(PARAMETERS)
      PsiElement(DlangTokenType.()('(')
      PsiElement(DlangTokenType.))(')')
    DLanguageSpecifiedFunctionBodyImpl(SPECIFIED_FUNCTION_BODY)
      DLanguageBlockStatementImpl(BLOCK_STATEMENT)
        PsiElement(DlangTokenType.{)('{')
        DLanguageDeclarationStatementImpl(DECLARATION_STATEMENT)
          DLanguageAutoDeclarationImpl(AUTO_DECLARATION)
            DLanguageStorageClassImpl(STORAGE_CLASS)
              PsiElement(DlangTokenType.static)('static')
            AUTO_ASSIGNMENT
              PsiElement(DlangTokenType.ID)('j')
              PsiElement(DlangTokenType.=)('=')
              DLanguageInitializerImpl(INITIALIZER)
                DLanguageFunctionCallExpressionImpl(FUNCTION_CALL_EXPRESSION)
                  DLanguageReferenceExpressionImpl(REFERENCE_EXPRESSION)
                    PsiElement(DlangTokenType.ID)('square')
                  PsiElement(DlangTokenType.()('(')
                  DLanguageArgumentListImpl(ARGUMENT_LIST)
                    DLanguageLiteralExpressionImpl(LITERAL_EXPRESSION)
                      PsiElement(DlangTokenType.INTEGER_LITERAL)('3')
                  PsiElement(DlangTokenType.))(')')
            PsiElement(DlangTokenType.;)(';')
            PsiComment(DlangTokenType.LINE_COMMENT)('// compile time')
        DLanguageExpressionStatementImpl(EXPRESSION_STATEMENT)
          DLanguageFunctionCallExpressionImpl(FUNCTION_CALL_EXPRESSION)
            DLanguageReferenceExpressionImpl(REFERENCE_EXPRESSION)
              PsiElement(DlangTokenType.ID)('writeln')
            PsiElement(DlangTokenType.()('(')
            DLanguageArgumentListImpl(ARGUMENT_LIST)
              DLanguageReferenceExpressionImpl(REFERENCE_EXPRESSION)
                PsiElement(DlangTokenType.ID)('j')
            PsiElement(DlangTokenType.))(')')
          PsiElement(DlangTokenType.;)(';')
        DLanguageExpressionStatementImpl(EXPRESSION_STATEMENT)
          DLanguageFunctionCallExpressionImpl(FUNCTION_CALL_EXPRESSION)
            DLanguageReferenceExpressionImpl(REFERENCE_EXPRESSION)
              PsiElement(DlangTokenType.ID)('writeln')
            PsiElement(DlangTokenType.()('(')
            DLanguageArgumentListImpl(ARGUMENT_LIST)
              DLanguageFunctionCallExpressionImpl(FUNCTION_CALL_EXPRESSION)
                DLanguageReferenceExpressionImpl(REFERENCE_EXPRESSION)
                  PsiElement(DlangTokenType.ID)('square')
                PsiElement(DlangTokenType.()('(')
                DLanguageArgumentListImpl(ARGUMENT_LIST)
                  DLanguageLiteralExpressionImpl(LITERAL_EXPRESSION)
                    PsiElement(DlangTokenType.INTEGER_LITERAL)('4')
                PsiElement(DlangTokenType.))(')')
            PsiElement(DlangTokenType.))(')')
          PsiElement(DlangTokenType.;)(';')
        PsiComment(DlangTokenType.LINE_COMMENT)('// run time')
        DLanguageExpressionStatementImpl(EXPRESSION_STATEMENT)
          DLanguageFunctionCallExpressionImpl(FUNCTION_CALL_EXPRESSION)
            DLanguageReferenceExpressionImpl(REFERENCE_EXPRESSION)
              PsiElement(DlangTokenType.ID)('writeln')
            PsiElement(DlangTokenType.()('(')
            DLanguageArgumentListImpl(ARGUMENT_LIST)
              DLanguageReferenceExpressionImpl(REFERENCE_EXPRESSION)
                DLanguageTemplateInstanceImpl(TEMPLATE_INSTANCE)
                  PsiElement(DlangTokenType.ID)('eval')
                  DLanguageTemplateArgumentsImpl(TEMPLATE_ARGUMENTS)
                    PsiElement(DlangTokenType.!)('!')
                    PsiElement(DlangTokenType.()('(')
                    DLanguageTemplateArgumentListImpl(TEMPLATE_ARGUMENT_LIST)
                      DLanguageTemplateArgumentImpl(TEMPLATE_ARGUMENT)
                        DLanguageFunctionCallExpressionImpl(FUNCTION_CALL_EXPRESSION)
                          DLanguageReferenceExpressionImpl(REFERENCE_EXPRESSION)
                            PsiElement(DlangTokenType.ID)('square')
                          PsiElement(DlangTokenType.()('(')
                          DLanguageArgumentListImpl(ARGUMENT_LIST)
                            DLanguageLiteralExpressionImpl(LITERAL_EXPRESSION)
                              PsiElement(DlangTokenType.INTEGER_LITERAL)('5')
                          PsiElement(DlangTokenType.))(')')
                    PsiElement(DlangTokenType.))(')')
            PsiElement(DlangTokenType.))(')')
          PsiElement(DlangTokenType.;)(';')
        PsiComment(DlangTokenType.LINE_COMMENT)('// compile time')
        PsiElement(DlangTokenType.})('}')