D Language File
  DLanguageDeclDefsImpl(DECL_DEFS)
    DLanguageDeclDefImpl(DECL_DEF)
      DLanguageDeclarationImpl(DECLARATION)
        FUNC_DECLARATION
          DLanguageBasicTypeImpl(BASIC_TYPE)
            DLanguageBasicTypeXImpl(BASIC_TYPE_X)
              PsiElement(DLanguageTokenType.void)('void')
          IDENTIFIER
            PsiElement(DLanguageTokenType.ID)('foo')
          DLanguageFuncDeclaratorSuffixImpl(FUNC_DECLARATOR_SUFFIX)
            DLanguageParametersImpl(PARAMETERS)
              PsiElement(DLanguageTokenType.()('(')
              DLanguageParameterListImpl(PARAMETER_LIST)
                DLanguageParameterImpl(PARAMETER)
                  DLanguageBasicTypeImpl(BASIC_TYPE)
                    DLanguageBasicTypeXImpl(BASIC_TYPE_X)
                      PsiElement(DLanguageTokenType.int)('int')
                  DLanguageDeclaratorImpl(DECLARATOR)
                    DLanguageVarDeclaratorImpl(VAR_DECLARATOR)
                      DLanguageBasicType2Impl(BASIC_TYPE_2)
                        DLanguageBasicType2XImpl(BASIC_TYPE_2_X)
                          PsiElement(DLanguageTokenType.delegate)('delegate')
                          DLanguageParametersImpl(PARAMETERS)
                            PsiElement(DLanguageTokenType.()('(')
                            PsiElement(DLanguageTokenType.))(')')
                        DLanguageBasicType2Impl(BASIC_TYPE_2)
                          DLanguageBasicType2XImpl(BASIC_TYPE_2_X)
                            PsiElement(DLanguageTokenType.[)('[')
                            PsiElement(DLanguageTokenType.])(']')
                      IDENTIFIER
                        PsiElement(DLanguageTokenType.ID)('dgs')
                  PsiElement(DLanguageTokenType....)('...')
              PsiElement(DLanguageTokenType.))(')')
          PsiElement(DLanguageTokenType.;)(';')
    DLanguageDeclDefsImpl(DECL_DEFS)
      DLanguageDeclDefImpl(DECL_DEF)
        DLanguageDeclarationImpl(DECLARATION)
          DLanguageVarDeclarationsImpl(VAR_DECLARATIONS)
            DLanguageBasicTypeImpl(BASIC_TYPE)
              DLanguageBasicTypeXImpl(BASIC_TYPE_X)
                PsiElement(DLanguageTokenType.int)('int')
            DLanguageDeclaratorsImpl(DECLARATORS)
              DECLARATOR_INITIALIZER
                DLanguageVarDeclaratorImpl(VAR_DECLARATOR)
                  DLanguageBasicType2Impl(BASIC_TYPE_2)
                    DLanguageBasicType2XImpl(BASIC_TYPE_2_X)
                      PsiElement(DLanguageTokenType.delegate)('delegate')
                      DLanguageParametersImpl(PARAMETERS)
                        PsiElement(DLanguageTokenType.()('(')
                        PsiElement(DLanguageTokenType.))(')')
                  IDENTIFIER
                    PsiElement(DLanguageTokenType.ID)('dg')
            PsiElement(DLanguageTokenType.;)(';')
  DLanguageStatementImpl(STATEMENT)
    DLanguageNonEmptyStatementImpl(NON_EMPTY_STATEMENT)
      DLanguageNonEmptyStatementNoCaseNoDefaultImpl(NON_EMPTY_STATEMENT_NO_CASE_NO_DEFAULT)
        DLanguageExpressionStatementImpl(EXPRESSION_STATEMENT)
          DLanguageExpressionImpl(EXPRESSION)
            DLanguageCommaExpressionImpl(COMMA_EXPRESSION)
              DLanguageAssignExpressionImpl(ASSIGN_EXPRESSION)
                DLanguageConditionalExpressionImpl(CONDITIONAL_EXPRESSION)
                  DLanguageOrOrExpressionImpl(OR_OR_EXPRESSION)
                    DLanguageAndAndExpressionImpl(AND_AND_EXPRESSION)
                      DLanguageOrExpressionImpl(OR_EXPRESSION)
                        DLanguageXorExpressionImpl(XOR_EXPRESSION)
                          DLanguageAndExpressionImpl(AND_EXPRESSION)
                            DLanguageShiftExpressionImpl(SHIFT_EXPRESSION)
                              DLanguageAddExpressionImpl(ADD_EXPRESSION)
                                DLanguageMulExpressionImpl(MUL_EXPRESSION)
                                  DLanguageUnaryExpressionImpl(UNARY_EXPRESSION)
                                    DLanguagePowExpressionImpl(POW_EXPRESSION)
                                      DLanguagePostfixExpressionImpl(POSTFIX_EXPRESSION)
                                        DLanguagePrimaryExpressionImpl(PRIMARY_EXPRESSION)
                                          IDENTIFIER
                                            PsiElement(DLanguageTokenType.ID)('foo')
                        DLanguageOrExpressionImpl(OR_EXPRESSION)
                          DLanguageXorExpressionImpl(XOR_EXPRESSION)
                            DLanguageAndExpressionImpl(AND_EXPRESSION)
                              DLanguageShiftExpressionImpl(SHIFT_EXPRESSION)
                                DLanguageAddExpressionImpl(ADD_EXPRESSION)
                                  DLanguageMulExpressionImpl(MUL_EXPRESSION)
                                    DLanguageUnaryExpressionImpl(UNARY_EXPRESSION)
                                      DLanguagePowExpressionImpl(POW_EXPRESSION)
                                        DLanguagePostfixExpressionImpl(POSTFIX_EXPRESSION)
                                          DLanguagePrimaryExpressionImpl(PRIMARY_EXPRESSION)
                                            PsiElement(DLanguageTokenType.()('(')
                                            DLanguageExpressionImpl(EXPRESSION)
                                              DLanguageCommaExpressionImpl(COMMA_EXPRESSION)
                                                DLanguageAssignExpressionImpl(ASSIGN_EXPRESSION)
                                                  DLanguageConditionalExpressionImpl(CONDITIONAL_EXPRESSION)
                                                    DLanguageOrOrExpressionImpl(OR_OR_EXPRESSION)
                                                      DLanguageAndAndExpressionImpl(AND_AND_EXPRESSION)
                                                        DLanguageOrExpressionImpl(OR_EXPRESSION)
                                                          DLanguageXorExpressionImpl(XOR_EXPRESSION)
                                                            DLanguageAndExpressionImpl(AND_EXPRESSION)
                                                              DLanguageShiftExpressionImpl(SHIFT_EXPRESSION)
                                                                DLanguageAddExpressionImpl(ADD_EXPRESSION)
                                                                  DLanguageMulExpressionImpl(MUL_EXPRESSION)
                                                                    DLanguageUnaryExpressionImpl(UNARY_EXPRESSION)
                                                                      DLanguagePowExpressionImpl(POW_EXPRESSION)
                                                                        DLanguagePostfixExpressionImpl(POSTFIX_EXPRESSION)
                                                                          DLanguagePrimaryExpressionImpl(PRIMARY_EXPRESSION)
                                                                            PsiElement(DLanguageTokenType.INTEGER_LITERAL)('1')
                                                PsiElement(DLanguageTokenType.,)(',')
                                                DLanguageCommaExpressionImpl(COMMA_EXPRESSION)
                                                  DLanguageAssignExpressionImpl(ASSIGN_EXPRESSION)
                                                    DLanguageConditionalExpressionImpl(CONDITIONAL_EXPRESSION)
                                                      DLanguageOrOrExpressionImpl(OR_OR_EXPRESSION)
                                                        DLanguageAndAndExpressionImpl(AND_AND_EXPRESSION)
                                                          DLanguageOrExpressionImpl(OR_EXPRESSION)
                                                            DLanguageXorExpressionImpl(XOR_EXPRESSION)
                                                              DLanguageAndExpressionImpl(AND_EXPRESSION)
                                                                DLanguageShiftExpressionImpl(SHIFT_EXPRESSION)
                                                                  DLanguageAddExpressionImpl(ADD_EXPRESSION)
                                                                    DLanguageMulExpressionImpl(MUL_EXPRESSION)
                                                                      DLanguageUnaryExpressionImpl(UNARY_EXPRESSION)
                                                                        DLanguagePowExpressionImpl(POW_EXPRESSION)
                                                                          DLanguagePostfixExpressionImpl(POSTFIX_EXPRESSION)
                                                                            DLanguagePrimaryExpressionImpl(PRIMARY_EXPRESSION)
                                                                              PsiElement(DLanguageTokenType.INTEGER_LITERAL)('3')
                                                                    PsiElement(DLanguageTokenType.+)('+')
                                                                    DLanguageAddExpressionImpl(ADD_EXPRESSION)
                                                                      DLanguageMulExpressionImpl(MUL_EXPRESSION)
                                                                        DLanguageUnaryExpressionImpl(UNARY_EXPRESSION)
                                                                          DLanguagePowExpressionImpl(POW_EXPRESSION)
                                                                            DLanguagePostfixExpressionImpl(POSTFIX_EXPRESSION)
                                                                              DLanguagePrimaryExpressionImpl(PRIMARY_EXPRESSION)
                                                                                IDENTIFIER
                                                                                  PsiElement(DLanguageTokenType.ID)('x')
                                                  PsiElement(DLanguageTokenType.,)(',')
                                                  DLanguageCommaExpressionImpl(COMMA_EXPRESSION)
                                                    DLanguageAssignExpressionImpl(ASSIGN_EXPRESSION)
                                                      DLanguageConditionalExpressionImpl(CONDITIONAL_EXPRESSION)
                                                        DLanguageOrOrExpressionImpl(OR_OR_EXPRESSION)
                                                          DLanguageAndAndExpressionImpl(AND_AND_EXPRESSION)
                                                            DLanguageOrExpressionImpl(OR_EXPRESSION)
                                                              DLanguageXorExpressionImpl(XOR_EXPRESSION)
                                                                DLanguageAndExpressionImpl(AND_EXPRESSION)
                                                                  DLanguageShiftExpressionImpl(SHIFT_EXPRESSION)
                                                                    DLanguageAddExpressionImpl(ADD_EXPRESSION)
                                                                      DLanguageMulExpressionImpl(MUL_EXPRESSION)
                                                                        DLanguageUnaryExpressionImpl(UNARY_EXPRESSION)
                                                                          DLanguagePowExpressionImpl(POW_EXPRESSION)
                                                                            DLanguagePostfixExpressionImpl(POSTFIX_EXPRESSION)
                                                                              DLanguagePrimaryExpressionImpl(PRIMARY_EXPRESSION)
                                                                                IDENTIFIER
                                                                                  PsiElement(DLanguageTokenType.ID)('dg')
                                                    PsiElement(DLanguageTokenType.,)(',')
                                                    DLanguageCommaExpressionImpl(COMMA_EXPRESSION)
                                                      DLanguageAssignExpressionImpl(ASSIGN_EXPRESSION)
                                                        DLanguageConditionalExpressionImpl(CONDITIONAL_EXPRESSION)
                                                          DLanguageOrOrExpressionImpl(OR_OR_EXPRESSION)
                                                            DLanguageAndAndExpressionImpl(AND_AND_EXPRESSION)
                                                              DLanguageOrExpressionImpl(OR_EXPRESSION)
                                                                DLanguageXorExpressionImpl(XOR_EXPRESSION)
                                                                  DLanguageAndExpressionImpl(AND_EXPRESSION)
                                                                    DLanguageShiftExpressionImpl(SHIFT_EXPRESSION)
                                                                      DLanguageAddExpressionImpl(ADD_EXPRESSION)
                                                                        DLanguageMulExpressionImpl(MUL_EXPRESSION)
                                                                          DLanguageUnaryExpressionImpl(UNARY_EXPRESSION)
                                                                            DLanguageCastExpressionImpl(CAST_EXPRESSION)
                                                                              PsiElement(DLanguageTokenType.cast)('cast')
                                                                              PsiElement(DLanguageTokenType.()('(')
                                                                              DLanguageTypeImpl(TYPE)
                                                                                DLanguageBasicTypeImpl(BASIC_TYPE)
                                                                                  DLanguageBasicTypeXImpl(BASIC_TYPE_X)
                                                                                    PsiElement(DLanguageTokenType.int)('int')
                                                                                DLanguageBasicType2Impl(BASIC_TYPE_2)
                                                                                  DLanguageBasicType2XImpl(BASIC_TYPE_2_X)
                                                                                    PsiElement(DLanguageTokenType.delegate)('delegate')
                                                                                    DLanguageParametersImpl(PARAMETERS)
                                                                                      PsiElement(DLanguageTokenType.()('(')
                                                                                      PsiElement(DLanguageTokenType.))(')')
                                                                              PsiElement(DLanguageTokenType.))(')')
                                                                              DLanguageUnaryExpressionImpl(UNARY_EXPRESSION)
                                                                                DLanguagePowExpressionImpl(POW_EXPRESSION)
                                                                                  DLanguagePostfixExpressionImpl(POSTFIX_EXPRESSION)
                                                                                    DLanguagePrimaryExpressionImpl(PRIMARY_EXPRESSION)
                                                                                      PsiElement(DLanguageTokenType.null)('null')
                                            PsiElement(DLanguageTokenType.))(')')
          PsiElement(DLanguageTokenType.;)(';')
  DLanguageStatementImpl(STATEMENT)
    DLanguageNonEmptyStatementImpl(NON_EMPTY_STATEMENT)
      DLanguageNonEmptyStatementNoCaseNoDefaultImpl(NON_EMPTY_STATEMENT_NO_CASE_NO_DEFAULT)
        DLanguageExpressionStatementImpl(EXPRESSION_STATEMENT)
          DLanguageExpressionImpl(EXPRESSION)
            DLanguageCommaExpressionImpl(COMMA_EXPRESSION)
              DLanguageAssignExpressionImpl(ASSIGN_EXPRESSION)
                DLanguageConditionalExpressionImpl(CONDITIONAL_EXPRESSION)
                  DLanguageOrOrExpressionImpl(OR_OR_EXPRESSION)
                    DLanguageAndAndExpressionImpl(AND_AND_EXPRESSION)
                      DLanguageOrExpressionImpl(OR_EXPRESSION)
                        DLanguageXorExpressionImpl(XOR_EXPRESSION)
                          DLanguageAndExpressionImpl(AND_EXPRESSION)
                            DLanguageShiftExpressionImpl(SHIFT_EXPRESSION)
                              DLanguageAddExpressionImpl(ADD_EXPRESSION)
                                DLanguageMulExpressionImpl(MUL_EXPRESSION)
                                  DLanguageUnaryExpressionImpl(UNARY_EXPRESSION)
                                    DLanguagePowExpressionImpl(POW_EXPRESSION)
                                      DLanguagePostfixExpressionImpl(POSTFIX_EXPRESSION)
                                        DLanguagePrimaryExpressionImpl(PRIMARY_EXPRESSION)
                                          IDENTIFIER
                                            PsiElement(DLanguageTokenType.ID)('foo')
                        DLanguageOrExpressionImpl(OR_EXPRESSION)
                          DLanguageXorExpressionImpl(XOR_EXPRESSION)
                            DLanguageAndExpressionImpl(AND_EXPRESSION)
                              DLanguageShiftExpressionImpl(SHIFT_EXPRESSION)
                                DLanguageAddExpressionImpl(ADD_EXPRESSION)
                                  DLanguageMulExpressionImpl(MUL_EXPRESSION)
                                    DLanguageUnaryExpressionImpl(UNARY_EXPRESSION)
                                      DLanguagePowExpressionImpl(POW_EXPRESSION)
                                        DLanguagePostfixExpressionImpl(POSTFIX_EXPRESSION)
                                          DLanguagePrimaryExpressionImpl(PRIMARY_EXPRESSION)
                                            PsiElement(DLanguageTokenType.()('(')
                                            DLanguageExpressionImpl(EXPRESSION)
                                              DLanguageCommaExpressionImpl(COMMA_EXPRESSION)
                                                DLanguageAssignExpressionImpl(ASSIGN_EXPRESSION)
                                                  DLanguageConditionalExpressionImpl(CONDITIONAL_EXPRESSION)
                                                    DLanguageOrOrExpressionImpl(OR_OR_EXPRESSION)
                                                      DLanguageAndAndExpressionImpl(AND_AND_EXPRESSION)
                                                        DLanguageOrExpressionImpl(OR_EXPRESSION)
                                                          DLanguageXorExpressionImpl(XOR_EXPRESSION)
                                                            DLanguageAndExpressionImpl(AND_EXPRESSION)
                                                              DLanguageShiftExpressionImpl(SHIFT_EXPRESSION)
                                                                DLanguageAddExpressionImpl(ADD_EXPRESSION)
                                                                  DLanguageMulExpressionImpl(MUL_EXPRESSION)
                                                                    DLanguageUnaryExpressionImpl(UNARY_EXPRESSION)
                                                                      DLanguagePowExpressionImpl(POW_EXPRESSION)
                                                                        DLanguagePostfixExpressionImpl(POSTFIX_EXPRESSION)
                                                                          DLanguagePrimaryExpressionImpl(PRIMARY_EXPRESSION)
                                                                            DLanguageFunctionLiteralImpl(FUNCTION_LITERAL)
                                                                              DLanguageFunctionLiteralBodyImpl(FUNCTION_LITERAL_BODY)
                                                                                DLanguageBlockStatementImpl(BLOCK_STATEMENT)
                                                                                  PsiElement(DLanguageTokenType.{)('{')
                                                                                  DLanguageStatementListImpl(STATEMENT_LIST)
                                                                                    DLanguageStatementImpl(STATEMENT)
                                                                                      DLanguageNonEmptyStatementImpl(NON_EMPTY_STATEMENT)
                                                                                        DLanguageNonEmptyStatementNoCaseNoDefaultImpl(NON_EMPTY_STATEMENT_NO_CASE_NO_DEFAULT)
                                                                                          DLanguageReturnStatementImpl(RETURN_STATEMENT)
                                                                                            PsiElement(DLanguageTokenType.return)('return')
                                                                                            DLanguageExpressionImpl(EXPRESSION)
                                                                                              DLanguageCommaExpressionImpl(COMMA_EXPRESSION)
                                                                                                DLanguageAssignExpressionImpl(ASSIGN_EXPRESSION)
                                                                                                  DLanguageConditionalExpressionImpl(CONDITIONAL_EXPRESSION)
                                                                                                    DLanguageOrOrExpressionImpl(OR_OR_EXPRESSION)
                                                                                                      DLanguageAndAndExpressionImpl(AND_AND_EXPRESSION)
                                                                                                        DLanguageOrExpressionImpl(OR_EXPRESSION)
                                                                                                          DLanguageXorExpressionImpl(XOR_EXPRESSION)
                                                                                                            DLanguageAndExpressionImpl(AND_EXPRESSION)
                                                                                                              DLanguageShiftExpressionImpl(SHIFT_EXPRESSION)
                                                                                                                DLanguageAddExpressionImpl(ADD_EXPRESSION)
                                                                                                                  DLanguageMulExpressionImpl(MUL_EXPRESSION)
                                                                                                                    DLanguageUnaryExpressionImpl(UNARY_EXPRESSION)
                                                                                                                      DLanguagePowExpressionImpl(POW_EXPRESSION)
                                                                                                                        DLanguagePostfixExpressionImpl(POSTFIX_EXPRESSION)
                                                                                                                          DLanguagePrimaryExpressionImpl(PRIMARY_EXPRESSION)
                                                                                                                            PsiElement(DLanguageTokenType.INTEGER_LITERAL)('1')
                                                                                            PsiElement(DLanguageTokenType.;)(';')
                                                                                  PsiElement(DLanguageTokenType.})('}')
                                                PsiElement(DLanguageTokenType.,)(',')
                                                DLanguageCommaExpressionImpl(COMMA_EXPRESSION)
                                                  DLanguageAssignExpressionImpl(ASSIGN_EXPRESSION)
                                                    DLanguageConditionalExpressionImpl(CONDITIONAL_EXPRESSION)
                                                      DLanguageOrOrExpressionImpl(OR_OR_EXPRESSION)
                                                        DLanguageAndAndExpressionImpl(AND_AND_EXPRESSION)
                                                          DLanguageOrExpressionImpl(OR_EXPRESSION)
                                                            DLanguageXorExpressionImpl(XOR_EXPRESSION)
                                                              DLanguageAndExpressionImpl(AND_EXPRESSION)
                                                                DLanguageShiftExpressionImpl(SHIFT_EXPRESSION)
                                                                  DLanguageAddExpressionImpl(ADD_EXPRESSION)
                                                                    DLanguageMulExpressionImpl(MUL_EXPRESSION)
                                                                      DLanguageUnaryExpressionImpl(UNARY_EXPRESSION)
                                                                        DLanguagePowExpressionImpl(POW_EXPRESSION)
                                                                          DLanguagePostfixExpressionImpl(POSTFIX_EXPRESSION)
                                                                            DLanguagePrimaryExpressionImpl(PRIMARY_EXPRESSION)
                                                                              DLanguageFunctionLiteralImpl(FUNCTION_LITERAL)
                                                                                DLanguageFunctionLiteralBodyImpl(FUNCTION_LITERAL_BODY)
                                                                                  DLanguageBlockStatementImpl(BLOCK_STATEMENT)
                                                                                    PsiElement(DLanguageTokenType.{)('{')
                                                                                    DLanguageStatementListImpl(STATEMENT_LIST)
                                                                                      DLanguageStatementImpl(STATEMENT)
                                                                                        DLanguageNonEmptyStatementImpl(NON_EMPTY_STATEMENT)
                                                                                          DLanguageNonEmptyStatementNoCaseNoDefaultImpl(NON_EMPTY_STATEMENT_NO_CASE_NO_DEFAULT)
                                                                                            DLanguageReturnStatementImpl(RETURN_STATEMENT)
                                                                                              PsiElement(DLanguageTokenType.return)('return')
                                                                                              DLanguageExpressionImpl(EXPRESSION)
                                                                                                DLanguageCommaExpressionImpl(COMMA_EXPRESSION)
                                                                                                  DLanguageAssignExpressionImpl(ASSIGN_EXPRESSION)
                                                                                                    DLanguageConditionalExpressionImpl(CONDITIONAL_EXPRESSION)
                                                                                                      DLanguageOrOrExpressionImpl(OR_OR_EXPRESSION)
                                                                                                        DLanguageAndAndExpressionImpl(AND_AND_EXPRESSION)
                                                                                                          DLanguageOrExpressionImpl(OR_EXPRESSION)
                                                                                                            DLanguageXorExpressionImpl(XOR_EXPRESSION)
                                                                                                              DLanguageAndExpressionImpl(AND_EXPRESSION)
                                                                                                                DLanguageShiftExpressionImpl(SHIFT_EXPRESSION)
                                                                                                                  DLanguageAddExpressionImpl(ADD_EXPRESSION)
                                                                                                                    DLanguageMulExpressionImpl(MUL_EXPRESSION)
                                                                                                                      DLanguageUnaryExpressionImpl(UNARY_EXPRESSION)
                                                                                                                        DLanguagePowExpressionImpl(POW_EXPRESSION)
                                                                                                                          DLanguagePostfixExpressionImpl(POSTFIX_EXPRESSION)
                                                                                                                            DLanguagePrimaryExpressionImpl(PRIMARY_EXPRESSION)
                                                                                                                              PsiElement(DLanguageTokenType.INTEGER_LITERAL)('3')
                                                                                                                    PsiElement(DLanguageTokenType.+)('+')
                                                                                                                    DLanguageAddExpressionImpl(ADD_EXPRESSION)
                                                                                                                      DLanguageMulExpressionImpl(MUL_EXPRESSION)
                                                                                                                        DLanguageUnaryExpressionImpl(UNARY_EXPRESSION)
                                                                                                                          DLanguagePowExpressionImpl(POW_EXPRESSION)
                                                                                                                            DLanguagePostfixExpressionImpl(POSTFIX_EXPRESSION)
                                                                                                                              DLanguagePrimaryExpressionImpl(PRIMARY_EXPRESSION)
                                                                                                                                IDENTIFIER
                                                                                                                                  PsiElement(DLanguageTokenType.ID)('x')
                                                                                              PsiElement(DLanguageTokenType.;)(';')
                                                                                    PsiElement(DLanguageTokenType.})('}')
                                                  PsiElement(DLanguageTokenType.,)(',')
                                                  DLanguageCommaExpressionImpl(COMMA_EXPRESSION)
                                                    DLanguageAssignExpressionImpl(ASSIGN_EXPRESSION)
                                                      DLanguageConditionalExpressionImpl(CONDITIONAL_EXPRESSION)
                                                        DLanguageOrOrExpressionImpl(OR_OR_EXPRESSION)
                                                          DLanguageAndAndExpressionImpl(AND_AND_EXPRESSION)
                                                            DLanguageOrExpressionImpl(OR_EXPRESSION)
                                                              DLanguageXorExpressionImpl(XOR_EXPRESSION)
                                                                DLanguageAndExpressionImpl(AND_EXPRESSION)
                                                                  DLanguageShiftExpressionImpl(SHIFT_EXPRESSION)
                                                                    DLanguageAddExpressionImpl(ADD_EXPRESSION)
                                                                      DLanguageMulExpressionImpl(MUL_EXPRESSION)
                                                                        DLanguageUnaryExpressionImpl(UNARY_EXPRESSION)
                                                                          DLanguagePowExpressionImpl(POW_EXPRESSION)
                                                                            DLanguagePostfixExpressionImpl(POSTFIX_EXPRESSION)
                                                                              DLanguagePrimaryExpressionImpl(PRIMARY_EXPRESSION)
                                                                                IDENTIFIER
                                                                                  PsiElement(DLanguageTokenType.ID)('dg')
                                                    PsiElement(DLanguageTokenType.,)(',')
                                                    DLanguageCommaExpressionImpl(COMMA_EXPRESSION)
                                                      DLanguageAssignExpressionImpl(ASSIGN_EXPRESSION)
                                                        DLanguageConditionalExpressionImpl(CONDITIONAL_EXPRESSION)
                                                          DLanguageOrOrExpressionImpl(OR_OR_EXPRESSION)
                                                            DLanguageAndAndExpressionImpl(AND_AND_EXPRESSION)
                                                              DLanguageOrExpressionImpl(OR_EXPRESSION)
                                                                DLanguageXorExpressionImpl(XOR_EXPRESSION)
                                                                  DLanguageAndExpressionImpl(AND_EXPRESSION)
                                                                    DLanguageShiftExpressionImpl(SHIFT_EXPRESSION)
                                                                      DLanguageAddExpressionImpl(ADD_EXPRESSION)
                                                                        DLanguageMulExpressionImpl(MUL_EXPRESSION)
                                                                          DLanguageUnaryExpressionImpl(UNARY_EXPRESSION)
                                                                            DLanguagePowExpressionImpl(POW_EXPRESSION)
                                                                              DLanguagePostfixExpressionImpl(POSTFIX_EXPRESSION)
                                                                                DLanguagePrimaryExpressionImpl(PRIMARY_EXPRESSION)
                                                                                  PsiElement(DLanguageTokenType.null)('null')
                                            PsiElement(DLanguageTokenType.))(')')
          PsiElement(DLanguageTokenType.;)(';')
