D Language File
  PsiErrorElement:Unable to parse this declaration
    PsiElement(DlangTokenType.ID)('a')
    PsiElement(DlangTokenType.[)('[')
    PsiElement(DlangTokenType.{)('{')
    PsiElement(DlangTokenType.continue)('continue')
