D Language File
  INTERFACE_DECLARATION
    PsiElement(DlangTokenType.interface)('interface')
    IDENTIFIER
      PsiElement(DlangTokenType.ID)('D')
    DLanguageStructBodyImpl(STRUCT_BODY)
      PsiElement(DlangTokenType.{)('{')
      FUNCTION_DECLARATION
        DLanguageBasicTypeImpl(BASIC_TYPE)
          DLanguageBuiltinTypeImpl(BUILTIN_TYPE)
            PsiElement(DlangTokenType.void)('void')
        IDENTIFIER
          PsiElement(DlangTokenType.ID)('foo')
        DLanguageParametersImpl(PARAMETERS)
          PsiElement(DlangTokenType.()('(')
          PsiElement(DlangTokenType.))(')')
        DLanguageMissingFunctionBodyImpl(MISSING_FUNCTION_BODY)
          PsiElement(DlangTokenType.;)(';')
      PsiElement(DlangTokenType.})('}')
  CLASS_DECLARATION
    PsiElement(DlangTokenType.class)('class')
    IDENTIFIER
      PsiElement(DlangTokenType.ID)('A')
    PsiElement(DlangTokenType.:)(':')
    DLanguageBaseClassListImpl(BASE_CLASS_LIST)
      DLanguageBaseClassImpl(BASE_CLASS)
        DLanguageBasicTypeImpl(BASIC_TYPE)
          DLanguageQualifiedIdentifierImpl(QUALIFIED_IDENTIFIER)
            IDENTIFIER
              PsiElement(DlangTokenType.ID)('D')
      PsiElement(DlangTokenType.,)(',')
      DLanguageBaseClassImpl(BASE_CLASS)
        DLanguageBasicTypeImpl(BASIC_TYPE)
          DLanguageQualifiedIdentifierImpl(QUALIFIED_IDENTIFIER)
            IDENTIFIER
              PsiElement(DlangTokenType.ID)('D')
    PsiComment(DlangTokenType.LINE_COMMENT)('// error, duplicate interface')
    DLanguageStructBodyImpl(STRUCT_BODY)
      PsiElement(DlangTokenType.{)('{')
      PsiElement(DlangTokenType.})('}')
  INTERFACE_DECLARATION
    PsiElement(DlangTokenType.interface)('interface')
    IDENTIFIER
      PsiElement(DlangTokenType.ID)('D')
    DLanguageStructBodyImpl(STRUCT_BODY)
      PsiElement(DlangTokenType.{)('{')
      FUNCTION_DECLARATION
        DLanguageBasicTypeImpl(BASIC_TYPE)
          DLanguageBuiltinTypeImpl(BUILTIN_TYPE)
            PsiElement(DlangTokenType.void)('void')
        IDENTIFIER
          PsiElement(DlangTokenType.ID)('bar')
        DLanguageParametersImpl(PARAMETERS)
          PsiElement(DlangTokenType.()('(')
          PsiElement(DlangTokenType.))(')')
        DLanguageSpecifiedFunctionBodyImpl(SPECIFIED_FUNCTION_BODY)
          DLanguageBlockStatementImpl(BLOCK_STATEMENT)
            PsiElement(DlangTokenType.{)('{')
            PsiElement(DlangTokenType.})('}')
        PsiComment(DlangTokenType.LINE_COMMENT)('// error, implementation not allowed')
      FUNCTION_DECLARATION
        DLanguageStorageClassImpl(STORAGE_CLASS)
          PsiElement(DlangTokenType.static)('static')
        DLanguageBasicTypeImpl(BASIC_TYPE)
          DLanguageBuiltinTypeImpl(BUILTIN_TYPE)
            PsiElement(DlangTokenType.void)('void')
        IDENTIFIER
          PsiElement(DlangTokenType.ID)('foo')
        DLanguageParametersImpl(PARAMETERS)
          PsiElement(DlangTokenType.()('(')
          PsiElement(DlangTokenType.))(')')
        DLanguageSpecifiedFunctionBodyImpl(SPECIFIED_FUNCTION_BODY)
          DLanguageBlockStatementImpl(BLOCK_STATEMENT)
            PsiElement(DlangTokenType.{)('{')
            PsiElement(DlangTokenType.})('}')
        PsiComment(DlangTokenType.LINE_COMMENT)('// ok')
      FUNCTION_DECLARATION
        DLanguageStorageClassImpl(STORAGE_CLASS)
          PsiElement(DlangTokenType.final)('final')
        DLanguageBasicTypeImpl(BASIC_TYPE)
          DLanguageBuiltinTypeImpl(BUILTIN_TYPE)
            PsiElement(DlangTokenType.void)('void')
        IDENTIFIER
          PsiElement(DlangTokenType.ID)('abc')
        DLanguageParametersImpl(PARAMETERS)
          PsiElement(DlangTokenType.()('(')
          PsiElement(DlangTokenType.))(')')
        DLanguageSpecifiedFunctionBodyImpl(SPECIFIED_FUNCTION_BODY)
          DLanguageBlockStatementImpl(BLOCK_STATEMENT)
            PsiElement(DlangTokenType.{)('{')
            PsiElement(DlangTokenType.})('}')
        PsiComment(DlangTokenType.LINE_COMMENT)('// ok')
      PsiElement(DlangTokenType.})('}')
  INTERFACE_DECLARATION
    PsiElement(DlangTokenType.interface)('interface')
    IDENTIFIER
      PsiElement(DlangTokenType.ID)('D')
    DLanguageStructBodyImpl(STRUCT_BODY)
      PsiElement(DlangTokenType.{)('{')
      FUNCTION_DECLARATION
        DLanguageBasicTypeImpl(BASIC_TYPE)
          DLanguageBuiltinTypeImpl(BUILTIN_TYPE)
            PsiElement(DlangTokenType.void)('void')
        IDENTIFIER
          PsiElement(DlangTokenType.ID)('bar')
        DLanguageParametersImpl(PARAMETERS)
          PsiElement(DlangTokenType.()('(')
          PsiElement(DlangTokenType.))(')')
        DLanguageMissingFunctionBodyImpl(MISSING_FUNCTION_BODY)
          PsiElement(DlangTokenType.;)(';')
      FUNCTION_DECLARATION
        DLanguageStorageClassImpl(STORAGE_CLASS)
          PsiElement(DlangTokenType.static)('static')
        DLanguageBasicTypeImpl(BASIC_TYPE)
          DLanguageBuiltinTypeImpl(BUILTIN_TYPE)
            PsiElement(DlangTokenType.void)('void')
        IDENTIFIER
          PsiElement(DlangTokenType.ID)('foo')
        DLanguageParametersImpl(PARAMETERS)
          PsiElement(DlangTokenType.()('(')
          PsiElement(DlangTokenType.))(')')
        DLanguageSpecifiedFunctionBodyImpl(SPECIFIED_FUNCTION_BODY)
          DLanguageBlockStatementImpl(BLOCK_STATEMENT)
            PsiElement(DlangTokenType.{)('{')
            PsiElement(DlangTokenType.})('}')
      FUNCTION_DECLARATION
        DLanguageStorageClassImpl(STORAGE_CLASS)
          PsiElement(DlangTokenType.final)('final')
        DLanguageBasicTypeImpl(BASIC_TYPE)
          DLanguageBuiltinTypeImpl(BUILTIN_TYPE)
            PsiElement(DlangTokenType.void)('void')
        IDENTIFIER
          PsiElement(DlangTokenType.ID)('abc')
        DLanguageParametersImpl(PARAMETERS)
          PsiElement(DlangTokenType.()('(')
          PsiElement(DlangTokenType.))(')')
        DLanguageSpecifiedFunctionBodyImpl(SPECIFIED_FUNCTION_BODY)
          DLanguageBlockStatementImpl(BLOCK_STATEMENT)
            PsiElement(DlangTokenType.{)('{')
            PsiElement(DlangTokenType.})('}')
      PsiElement(DlangTokenType.})('}')
  CLASS_DECLARATION
    PsiElement(DlangTokenType.class)('class')
    IDENTIFIER
      PsiElement(DlangTokenType.ID)('C')
    PsiElement(DlangTokenType.:)(':')
    DLanguageBaseClassListImpl(BASE_CLASS_LIST)
      DLanguageBaseClassImpl(BASE_CLASS)
        DLanguageBasicTypeImpl(BASIC_TYPE)
          DLanguageQualifiedIdentifierImpl(QUALIFIED_IDENTIFIER)
            IDENTIFIER
              PsiElement(DlangTokenType.ID)('D')
    DLanguageStructBodyImpl(STRUCT_BODY)
      PsiElement(DlangTokenType.{)('{')
      FUNCTION_DECLARATION
        DLanguageBasicTypeImpl(BASIC_TYPE)
          DLanguageBuiltinTypeImpl(BUILTIN_TYPE)
            PsiElement(DlangTokenType.void)('void')
        IDENTIFIER
          PsiElement(DlangTokenType.ID)('bar')
        DLanguageParametersImpl(PARAMETERS)
          PsiElement(DlangTokenType.()('(')
          PsiElement(DlangTokenType.))(')')
        DLanguageSpecifiedFunctionBodyImpl(SPECIFIED_FUNCTION_BODY)
          DLanguageBlockStatementImpl(BLOCK_STATEMENT)
            PsiElement(DlangTokenType.{)('{')
            PsiElement(DlangTokenType.})('}')
        PsiComment(DlangTokenType.LINE_COMMENT)('// ok')
      FUNCTION_DECLARATION
        DLanguageBasicTypeImpl(BASIC_TYPE)
          DLanguageBuiltinTypeImpl(BUILTIN_TYPE)
            PsiElement(DlangTokenType.void)('void')
        IDENTIFIER
          PsiElement(DlangTokenType.ID)('foo')
        DLanguageParametersImpl(PARAMETERS)
          PsiElement(DlangTokenType.()('(')
          PsiElement(DlangTokenType.))(')')
        DLanguageSpecifiedFunctionBodyImpl(SPECIFIED_FUNCTION_BODY)
          DLanguageBlockStatementImpl(BLOCK_STATEMENT)
            PsiElement(DlangTokenType.{)('{')
            PsiElement(DlangTokenType.})('}')
        PsiComment(DlangTokenType.LINE_COMMENT)('// error, cannot override static D.foo()')
      FUNCTION_DECLARATION
        DLanguageBasicTypeImpl(BASIC_TYPE)
          DLanguageBuiltinTypeImpl(BUILTIN_TYPE)
            PsiElement(DlangTokenType.void)('void')
        IDENTIFIER
          PsiElement(DlangTokenType.ID)('abc')
        DLanguageParametersImpl(PARAMETERS)
          PsiElement(DlangTokenType.()('(')
          PsiElement(DlangTokenType.))(')')
        DLanguageSpecifiedFunctionBodyImpl(SPECIFIED_FUNCTION_BODY)
          DLanguageBlockStatementImpl(BLOCK_STATEMENT)
            PsiElement(DlangTokenType.{)('{')
            PsiElement(DlangTokenType.})('}')
        PsiComment(DlangTokenType.LINE_COMMENT)('// error, cannot override final D.abc()')
      PsiElement(DlangTokenType.})('}')
  INTERFACE_DECLARATION
    PsiElement(DlangTokenType.interface)('interface')
    IDENTIFIER
      PsiElement(DlangTokenType.ID)('D')
    DLanguageStructBodyImpl(STRUCT_BODY)
      PsiElement(DlangTokenType.{)('{')
      FUNCTION_DECLARATION
        DLanguageBasicTypeImpl(BASIC_TYPE)
          DLanguageBuiltinTypeImpl(BUILTIN_TYPE)
            PsiElement(DlangTokenType.void)('void')
        IDENTIFIER
          PsiElement(DlangTokenType.ID)('foo')
        DLanguageParametersImpl(PARAMETERS)
          PsiElement(DlangTokenType.()('(')
          PsiElement(DlangTokenType.))(')')
        DLanguageMissingFunctionBodyImpl(MISSING_FUNCTION_BODY)
          PsiElement(DlangTokenType.;)(';')
      PsiElement(DlangTokenType.})('}')
  CLASS_DECLARATION
    PsiElement(DlangTokenType.class)('class')
    IDENTIFIER
      PsiElement(DlangTokenType.ID)('A')
    PsiElement(DlangTokenType.:)(':')
    DLanguageBaseClassListImpl(BASE_CLASS_LIST)
      DLanguageBaseClassImpl(BASE_CLASS)
        DLanguageBasicTypeImpl(BASIC_TYPE)
          DLanguageQualifiedIdentifierImpl(QUALIFIED_IDENTIFIER)
            IDENTIFIER
              PsiElement(DlangTokenType.ID)('D')
    DLanguageStructBodyImpl(STRUCT_BODY)
      PsiElement(DlangTokenType.{)('{')
      FUNCTION_DECLARATION
        DLanguageBasicTypeImpl(BASIC_TYPE)
          DLanguageBuiltinTypeImpl(BUILTIN_TYPE)
            PsiElement(DlangTokenType.void)('void')
        IDENTIFIER
          PsiElement(DlangTokenType.ID)('foo')
        DLanguageParametersImpl(PARAMETERS)
          PsiElement(DlangTokenType.()('(')
          PsiElement(DlangTokenType.))(')')
        DLanguageSpecifiedFunctionBodyImpl(SPECIFIED_FUNCTION_BODY)
          DLanguageBlockStatementImpl(BLOCK_STATEMENT)
            PsiElement(DlangTokenType.{)('{')
            PsiElement(DlangTokenType.})('}')
        PsiComment(DlangTokenType.LINE_COMMENT)('// ok, provides implementation')
      PsiElement(DlangTokenType.})('}')
  CLASS_DECLARATION
    PsiElement(DlangTokenType.class)('class')
    IDENTIFIER
      PsiElement(DlangTokenType.ID)('B')
    PsiElement(DlangTokenType.:)(':')
    DLanguageBaseClassListImpl(BASE_CLASS_LIST)
      DLanguageBaseClassImpl(BASE_CLASS)
        DLanguageBasicTypeImpl(BASIC_TYPE)
          DLanguageQualifiedIdentifierImpl(QUALIFIED_IDENTIFIER)
            IDENTIFIER
              PsiElement(DlangTokenType.ID)('D')
    DLanguageStructBodyImpl(STRUCT_BODY)
      PsiElement(DlangTokenType.{)('{')
      FUNCTION_DECLARATION
        DLanguageBasicTypeImpl(BASIC_TYPE)
          DLanguageBuiltinTypeImpl(BUILTIN_TYPE)
            PsiElement(DlangTokenType.int)('int')
        IDENTIFIER
          PsiElement(DlangTokenType.ID)('foo')
        DLanguageParametersImpl(PARAMETERS)
          PsiElement(DlangTokenType.()('(')
          PsiElement(DlangTokenType.))(')')
        DLanguageSpecifiedFunctionBodyImpl(SPECIFIED_FUNCTION_BODY)
          DLanguageBlockStatementImpl(BLOCK_STATEMENT)
            PsiElement(DlangTokenType.{)('{')
            PsiElement(DlangTokenType.})('}')
        PsiComment(DlangTokenType.LINE_COMMENT)('// error, no void foo() implementation')
      PsiElement(DlangTokenType.})('}')
  INTERFACE_DECLARATION
    PsiElement(DlangTokenType.interface)('interface')
    IDENTIFIER
      PsiElement(DlangTokenType.ID)('D')
    DLanguageStructBodyImpl(STRUCT_BODY)
      PsiElement(DlangTokenType.{)('{')
      FUNCTION_DECLARATION
        DLanguageBasicTypeImpl(BASIC_TYPE)
          DLanguageBuiltinTypeImpl(BUILTIN_TYPE)
            PsiElement(DlangTokenType.int)('int')
        IDENTIFIER
          PsiElement(DlangTokenType.ID)('foo')
        DLanguageParametersImpl(PARAMETERS)
          PsiElement(DlangTokenType.()('(')
          PsiElement(DlangTokenType.))(')')
        DLanguageMissingFunctionBodyImpl(MISSING_FUNCTION_BODY)
          PsiElement(DlangTokenType.;)(';')
      PsiElement(DlangTokenType.})('}')
  CLASS_DECLARATION
    PsiElement(DlangTokenType.class)('class')
    IDENTIFIER
      PsiElement(DlangTokenType.ID)('A')
    PsiElement(DlangTokenType.:)(':')
    DLanguageBaseClassListImpl(BASE_CLASS_LIST)
      DLanguageBaseClassImpl(BASE_CLASS)
        DLanguageBasicTypeImpl(BASIC_TYPE)
          DLanguageQualifiedIdentifierImpl(QUALIFIED_IDENTIFIER)
            IDENTIFIER
              PsiElement(DlangTokenType.ID)('D')
    DLanguageStructBodyImpl(STRUCT_BODY)
      PsiElement(DlangTokenType.{)('{')
      FUNCTION_DECLARATION
        DLanguageBasicTypeImpl(BASIC_TYPE)
          DLanguageBuiltinTypeImpl(BUILTIN_TYPE)
            PsiElement(DlangTokenType.int)('int')
        IDENTIFIER
          PsiElement(DlangTokenType.ID)('foo')
        DLanguageParametersImpl(PARAMETERS)
          PsiElement(DlangTokenType.()('(')
          PsiElement(DlangTokenType.))(')')
        DLanguageSpecifiedFunctionBodyImpl(SPECIFIED_FUNCTION_BODY)
          DLanguageBlockStatementImpl(BLOCK_STATEMENT)
            PsiElement(DlangTokenType.{)('{')
            DLanguageReturnStatementImpl(RETURN_STATEMENT)
              PsiElement(DlangTokenType.return)('return')
              DLanguageLiteralExpressionImpl(LITERAL_EXPRESSION)
                PsiElement(DlangTokenType.INTEGER_LITERAL)('1')
              PsiElement(DlangTokenType.;)(';')
            PsiElement(DlangTokenType.})('}')
      PsiElement(DlangTokenType.})('}')
  CLASS_DECLARATION
    PsiElement(DlangTokenType.class)('class')
    IDENTIFIER
      PsiElement(DlangTokenType.ID)('B')
    PsiElement(DlangTokenType.:)(':')
    DLanguageBaseClassListImpl(BASE_CLASS_LIST)
      DLanguageBaseClassImpl(BASE_CLASS)
        DLanguageBasicTypeImpl(BASIC_TYPE)
          DLanguageQualifiedIdentifierImpl(QUALIFIED_IDENTIFIER)
            IDENTIFIER
              PsiElement(DlangTokenType.ID)('A')
    DLanguageStructBodyImpl(STRUCT_BODY)
      PsiElement(DlangTokenType.{)('{')
      FUNCTION_DECLARATION
        DLanguageBasicTypeImpl(BASIC_TYPE)
          DLanguageBuiltinTypeImpl(BUILTIN_TYPE)
            PsiElement(DlangTokenType.int)('int')
        IDENTIFIER
          PsiElement(DlangTokenType.ID)('foo')
        DLanguageParametersImpl(PARAMETERS)
          PsiElement(DlangTokenType.()('(')
          PsiElement(DlangTokenType.))(')')
        DLanguageSpecifiedFunctionBodyImpl(SPECIFIED_FUNCTION_BODY)
          DLanguageBlockStatementImpl(BLOCK_STATEMENT)
            PsiElement(DlangTokenType.{)('{')
            DLanguageReturnStatementImpl(RETURN_STATEMENT)
              PsiElement(DlangTokenType.return)('return')
              DLanguageLiteralExpressionImpl(LITERAL_EXPRESSION)
                PsiElement(DlangTokenType.INTEGER_LITERAL)('2')
              PsiElement(DlangTokenType.;)(';')
            PsiElement(DlangTokenType.})('}')
      PsiElement(DlangTokenType.})('}')
  UNITTEST
    PsiElement(DlangTokenType.unittest)('unittest')
    DLanguageBlockStatementImpl(BLOCK_STATEMENT)
      PsiElement(DlangTokenType.{)('{')
      DLanguageDeclarationStatementImpl(DECLARATION_STATEMENT)
        DLanguageSpecifiedVariableDeclarationImpl(VARIABLE_DECLARATION)
          DLanguageBasicTypeImpl(BASIC_TYPE)
            DLanguageQualifiedIdentifierImpl(QUALIFIED_IDENTIFIER)
              IDENTIFIER
                PsiElement(DlangTokenType.ID)('B')
          IDENTIFIER_INITIALIZER
            IDENTIFIER
              PsiElement(DlangTokenType.ID)('b')
            PsiElement(DlangTokenType.=)('=')
            DLanguageInitializerImpl(INITIALIZER)
              DLanguageNewExpressionImpl(NEW_EXPRESSION)
                PsiElement(DlangTokenType.new)('new')
                DLanguageTypeImpl(TYPE)
                  DLanguageBasicTypeImpl(BASIC_TYPE)
                    DLanguageQualifiedIdentifierImpl(QUALIFIED_IDENTIFIER)
                      IDENTIFIER
                        PsiElement(DlangTokenType.ID)('B')
                DLanguageArgumentsImpl(ARGUMENTS)
                  PsiElement(DlangTokenType.()('(')
                  PsiElement(DlangTokenType.))(')')
          PsiElement(DlangTokenType.;)(';')
      DLanguageExpressionStatementImpl(EXPRESSION_STATEMENT)
        DLanguageFunctionCallExpressionImpl(FUNCTION_CALL_EXPRESSION)
          DLanguageReferenceExpressionImpl(REFERENCE_EXPRESSION)
            DLanguageReferenceExpressionImpl(REFERENCE_EXPRESSION)
              IDENTIFIER
                PsiElement(DlangTokenType.ID)('b')
            PsiElement(DlangTokenType..)('.')
            IDENTIFIER
              PsiElement(DlangTokenType.ID)('foo')
          PsiElement(DlangTokenType.()('(')
          PsiElement(DlangTokenType.))(')')
        PsiElement(DlangTokenType.;)(';')
      PsiComment(DlangTokenType.LINE_COMMENT)('// returns 2')
      DLanguageDeclarationStatementImpl(DECLARATION_STATEMENT)
        DLanguageSpecifiedVariableDeclarationImpl(VARIABLE_DECLARATION)
          DLanguageBasicTypeImpl(BASIC_TYPE)
            DLanguageQualifiedIdentifierImpl(QUALIFIED_IDENTIFIER)
              IDENTIFIER
                PsiElement(DlangTokenType.ID)('D')
          IDENTIFIER_INITIALIZER
            IDENTIFIER
              PsiElement(DlangTokenType.ID)('d')
            PsiElement(DlangTokenType.=)('=')
            DLanguageInitializerImpl(INITIALIZER)
              DLanguageCastExpressionImpl(CAST_EXPRESSION)
                PsiElement(DlangTokenType.cast)('cast')
                PsiElement(DlangTokenType.()('(')
                DLanguageTypeImpl(TYPE)
                  DLanguageBasicTypeImpl(BASIC_TYPE)
                    DLanguageQualifiedIdentifierImpl(QUALIFIED_IDENTIFIER)
                      IDENTIFIER
                        PsiElement(DlangTokenType.ID)('D')
                PsiElement(DlangTokenType.))(')')
                DLanguageReferenceExpressionImpl(REFERENCE_EXPRESSION)
                  IDENTIFIER
                    PsiElement(DlangTokenType.ID)('b')
          PsiElement(DlangTokenType.;)(';')
          PsiComment(DlangTokenType.LINE_COMMENT)('// ok since B inherits A's D implementation')
      DLanguageExpressionStatementImpl(EXPRESSION_STATEMENT)
        DLanguageFunctionCallExpressionImpl(FUNCTION_CALL_EXPRESSION)
          DLanguageReferenceExpressionImpl(REFERENCE_EXPRESSION)
            DLanguageReferenceExpressionImpl(REFERENCE_EXPRESSION)
              IDENTIFIER
                PsiElement(DlangTokenType.ID)('d')
            PsiElement(DlangTokenType..)('.')
            IDENTIFIER
              PsiElement(DlangTokenType.ID)('foo')
          PsiElement(DlangTokenType.()('(')
          PsiElement(DlangTokenType.))(')')
        PsiElement(DlangTokenType.;)(';')
      PsiComment(DlangTokenType.LINE_COMMENT)('// returns 2;')
      DLanguageDeclarationStatementImpl(DECLARATION_STATEMENT)
        INTERFACE_DECLARATION
          PsiElement(DlangTokenType.interface)('interface')
          IDENTIFIER
            PsiElement(DlangTokenType.ID)('D')
          DLanguageStructBodyImpl(STRUCT_BODY)
            PsiElement(DlangTokenType.{)('{')
            FUNCTION_DECLARATION
              DLanguageBasicTypeImpl(BASIC_TYPE)
                DLanguageBuiltinTypeImpl(BUILTIN_TYPE)
                  PsiElement(DlangTokenType.int)('int')
              IDENTIFIER
                PsiElement(DlangTokenType.ID)('foo')
              DLanguageParametersImpl(PARAMETERS)
                PsiElement(DlangTokenType.()('(')
                PsiElement(DlangTokenType.))(')')
              DLanguageMissingFunctionBodyImpl(MISSING_FUNCTION_BODY)
                PsiElement(DlangTokenType.;)(';')
            PsiElement(DlangTokenType.})('}')
      DLanguageDeclarationStatementImpl(DECLARATION_STATEMENT)
        CLASS_DECLARATION
          PsiElement(DlangTokenType.class)('class')
          IDENTIFIER
            PsiElement(DlangTokenType.ID)('A')
          PsiElement(DlangTokenType.:)(':')
          DLanguageBaseClassListImpl(BASE_CLASS_LIST)
            DLanguageBaseClassImpl(BASE_CLASS)
              DLanguageBasicTypeImpl(BASIC_TYPE)
                DLanguageQualifiedIdentifierImpl(QUALIFIED_IDENTIFIER)
                  IDENTIFIER
                    PsiElement(DlangTokenType.ID)('D')
          DLanguageStructBodyImpl(STRUCT_BODY)
            PsiElement(DlangTokenType.{)('{')
            FUNCTION_DECLARATION
              DLanguageBasicTypeImpl(BASIC_TYPE)
                DLanguageBuiltinTypeImpl(BUILTIN_TYPE)
                  PsiElement(DlangTokenType.int)('int')
              IDENTIFIER
                PsiElement(DlangTokenType.ID)('foo')
              DLanguageParametersImpl(PARAMETERS)
                PsiElement(DlangTokenType.()('(')
                PsiElement(DlangTokenType.))(')')
              DLanguageSpecifiedFunctionBodyImpl(SPECIFIED_FUNCTION_BODY)
                DLanguageBlockStatementImpl(BLOCK_STATEMENT)
                  PsiElement(DlangTokenType.{)('{')
                  DLanguageReturnStatementImpl(RETURN_STATEMENT)
                    PsiElement(DlangTokenType.return)('return')
                    DLanguageLiteralExpressionImpl(LITERAL_EXPRESSION)
                      PsiElement(DlangTokenType.INTEGER_LITERAL)('1')
                    PsiElement(DlangTokenType.;)(';')
                  PsiElement(DlangTokenType.})('}')
            PsiElement(DlangTokenType.})('}')
      DLanguageDeclarationStatementImpl(DECLARATION_STATEMENT)
        CLASS_DECLARATION
          PsiElement(DlangTokenType.class)('class')
          IDENTIFIER
            PsiElement(DlangTokenType.ID)('B')
          PsiElement(DlangTokenType.:)(':')
          DLanguageBaseClassListImpl(BASE_CLASS_LIST)
            DLanguageBaseClassImpl(BASE_CLASS)
              DLanguageBasicTypeImpl(BASIC_TYPE)
                DLanguageQualifiedIdentifierImpl(QUALIFIED_IDENTIFIER)
                  IDENTIFIER
                    PsiElement(DlangTokenType.ID)('A')
            PsiElement(DlangTokenType.,)(',')
            DLanguageBaseClassImpl(BASE_CLASS)
              DLanguageBasicTypeImpl(BASIC_TYPE)
                DLanguageQualifiedIdentifierImpl(QUALIFIED_IDENTIFIER)
                  IDENTIFIER
                    PsiElement(DlangTokenType.ID)('D')
          DLanguageStructBodyImpl(STRUCT_BODY)
            PsiElement(DlangTokenType.{)('{')
            FUNCTION_DECLARATION
              DLanguageBasicTypeImpl(BASIC_TYPE)
                DLanguageBuiltinTypeImpl(BUILTIN_TYPE)
                  PsiElement(DlangTokenType.int)('int')
              IDENTIFIER
                PsiElement(DlangTokenType.ID)('foo')
              DLanguageParametersImpl(PARAMETERS)
                PsiElement(DlangTokenType.()('(')
                PsiElement(DlangTokenType.))(')')
              DLanguageSpecifiedFunctionBodyImpl(SPECIFIED_FUNCTION_BODY)
                DLanguageBlockStatementImpl(BLOCK_STATEMENT)
                  PsiElement(DlangTokenType.{)('{')
                  DLanguageReturnStatementImpl(RETURN_STATEMENT)
                    PsiElement(DlangTokenType.return)('return')
                    DLanguageLiteralExpressionImpl(LITERAL_EXPRESSION)
                      PsiElement(DlangTokenType.INTEGER_LITERAL)('2')
                    PsiElement(DlangTokenType.;)(';')
                  PsiElement(DlangTokenType.})('}')
            PsiElement(DlangTokenType.})('}')
      DLanguageDeclarationStatementImpl(DECLARATION_STATEMENT)
        DLanguageSpecifiedVariableDeclarationImpl(VARIABLE_DECLARATION)
          DLanguageBasicTypeImpl(BASIC_TYPE)
            DLanguageQualifiedIdentifierImpl(QUALIFIED_IDENTIFIER)
              IDENTIFIER
                PsiElement(DlangTokenType.ID)('B')
          IDENTIFIER_INITIALIZER
            IDENTIFIER
              PsiElement(DlangTokenType.ID)('b')
            PsiElement(DlangTokenType.=)('=')
            DLanguageInitializerImpl(INITIALIZER)
              DLanguageNewExpressionImpl(NEW_EXPRESSION)
                PsiElement(DlangTokenType.new)('new')
                DLanguageTypeImpl(TYPE)
                  DLanguageBasicTypeImpl(BASIC_TYPE)
                    DLanguageQualifiedIdentifierImpl(QUALIFIED_IDENTIFIER)
                      IDENTIFIER
                        PsiElement(DlangTokenType.ID)('B')
                DLanguageArgumentsImpl(ARGUMENTS)
                  PsiElement(DlangTokenType.()('(')
                  PsiElement(DlangTokenType.))(')')
          PsiElement(DlangTokenType.;)(';')
      DLanguageExpressionStatementImpl(EXPRESSION_STATEMENT)
        DLanguageFunctionCallExpressionImpl(FUNCTION_CALL_EXPRESSION)
          DLanguageReferenceExpressionImpl(REFERENCE_EXPRESSION)
            DLanguageReferenceExpressionImpl(REFERENCE_EXPRESSION)
              IDENTIFIER
                PsiElement(DlangTokenType.ID)('b')
            PsiElement(DlangTokenType..)('.')
            IDENTIFIER
              PsiElement(DlangTokenType.ID)('foo')
          PsiElement(DlangTokenType.()('(')
          PsiElement(DlangTokenType.))(')')
        PsiElement(DlangTokenType.;)(';')
      PsiComment(DlangTokenType.LINE_COMMENT)('// returns 2')
      DLanguageDeclarationStatementImpl(DECLARATION_STATEMENT)
        DLanguageSpecifiedVariableDeclarationImpl(VARIABLE_DECLARATION)
          DLanguageBasicTypeImpl(BASIC_TYPE)
            DLanguageQualifiedIdentifierImpl(QUALIFIED_IDENTIFIER)
              IDENTIFIER
                PsiElement(DlangTokenType.ID)('D')
          IDENTIFIER_INITIALIZER
            IDENTIFIER
              PsiElement(DlangTokenType.ID)('d')
            PsiElement(DlangTokenType.=)('=')
            DLanguageInitializerImpl(INITIALIZER)
              DLanguageCastExpressionImpl(CAST_EXPRESSION)
                PsiElement(DlangTokenType.cast)('cast')
                PsiElement(DlangTokenType.()('(')
                DLanguageTypeImpl(TYPE)
                  DLanguageBasicTypeImpl(BASIC_TYPE)
                    DLanguageQualifiedIdentifierImpl(QUALIFIED_IDENTIFIER)
                      IDENTIFIER
                        PsiElement(DlangTokenType.ID)('D')
                PsiElement(DlangTokenType.))(')')
                DLanguageReferenceExpressionImpl(REFERENCE_EXPRESSION)
                  IDENTIFIER
                    PsiElement(DlangTokenType.ID)('b')
          PsiElement(DlangTokenType.;)(';')
      DLanguageExpressionStatementImpl(EXPRESSION_STATEMENT)
        DLanguageFunctionCallExpressionImpl(FUNCTION_CALL_EXPRESSION)
          DLanguageReferenceExpressionImpl(REFERENCE_EXPRESSION)
            DLanguageReferenceExpressionImpl(REFERENCE_EXPRESSION)
              IDENTIFIER
                PsiElement(DlangTokenType.ID)('d')
            PsiElement(DlangTokenType..)('.')
            IDENTIFIER
              PsiElement(DlangTokenType.ID)('foo')
          PsiElement(DlangTokenType.()('(')
          PsiElement(DlangTokenType.))(')')
        PsiElement(DlangTokenType.;)(';')
      PsiComment(DlangTokenType.LINE_COMMENT)('// returns 2')
      DLanguageDeclarationStatementImpl(DECLARATION_STATEMENT)
        DLanguageSpecifiedVariableDeclarationImpl(VARIABLE_DECLARATION)
          DLanguageBasicTypeImpl(BASIC_TYPE)
            DLanguageQualifiedIdentifierImpl(QUALIFIED_IDENTIFIER)
              IDENTIFIER
                PsiElement(DlangTokenType.ID)('A')
          IDENTIFIER_INITIALIZER
            IDENTIFIER
              PsiElement(DlangTokenType.ID)('a')
            PsiElement(DlangTokenType.=)('=')
            DLanguageInitializerImpl(INITIALIZER)
              DLanguageCastExpressionImpl(CAST_EXPRESSION)
                PsiElement(DlangTokenType.cast)('cast')
                PsiElement(DlangTokenType.()('(')
                DLanguageTypeImpl(TYPE)
                  DLanguageBasicTypeImpl(BASIC_TYPE)
                    DLanguageQualifiedIdentifierImpl(QUALIFIED_IDENTIFIER)
                      IDENTIFIER
                        PsiElement(DlangTokenType.ID)('A')
                PsiElement(DlangTokenType.))(')')
                DLanguageReferenceExpressionImpl(REFERENCE_EXPRESSION)
                  IDENTIFIER
                    PsiElement(DlangTokenType.ID)('b')
          PsiElement(DlangTokenType.;)(';')
      DLanguageDeclarationStatementImpl(DECLARATION_STATEMENT)
        DLanguageSpecifiedVariableDeclarationImpl(VARIABLE_DECLARATION)
          DLanguageBasicTypeImpl(BASIC_TYPE)
            DLanguageQualifiedIdentifierImpl(QUALIFIED_IDENTIFIER)
              IDENTIFIER
                PsiElement(DlangTokenType.ID)('D')
          IDENTIFIER_INITIALIZER
            IDENTIFIER
              PsiElement(DlangTokenType.ID)('d2')
            PsiElement(DlangTokenType.=)('=')
            DLanguageInitializerImpl(INITIALIZER)
              DLanguageCastExpressionImpl(CAST_EXPRESSION)
                PsiElement(DlangTokenType.cast)('cast')
                PsiElement(DlangTokenType.()('(')
                DLanguageTypeImpl(TYPE)
                  DLanguageBasicTypeImpl(BASIC_TYPE)
                    DLanguageQualifiedIdentifierImpl(QUALIFIED_IDENTIFIER)
                      IDENTIFIER
                        PsiElement(DlangTokenType.ID)('D')
                PsiElement(DlangTokenType.))(')')
                DLanguageReferenceExpressionImpl(REFERENCE_EXPRESSION)
                  IDENTIFIER
                    PsiElement(DlangTokenType.ID)('a')
          PsiElement(DlangTokenType.;)(';')
      DLanguageExpressionStatementImpl(EXPRESSION_STATEMENT)
        DLanguageFunctionCallExpressionImpl(FUNCTION_CALL_EXPRESSION)
          DLanguageReferenceExpressionImpl(REFERENCE_EXPRESSION)
            DLanguageReferenceExpressionImpl(REFERENCE_EXPRESSION)
              IDENTIFIER
                PsiElement(DlangTokenType.ID)('d2')
            PsiElement(DlangTokenType..)('.')
            IDENTIFIER
              PsiElement(DlangTokenType.ID)('foo')
          PsiElement(DlangTokenType.()('(')
          PsiElement(DlangTokenType.))(')')
        PsiElement(DlangTokenType.;)(';')
      PsiComment(DlangTokenType.LINE_COMMENT)('// returns 2, even though it is A's D, not B's D')
      DLanguageDeclarationStatementImpl(DECLARATION_STATEMENT)
        INTERFACE_DECLARATION
          PsiElement(DlangTokenType.interface)('interface')
          IDENTIFIER
            PsiElement(DlangTokenType.ID)('D')
          DLanguageStructBodyImpl(STRUCT_BODY)
            PsiElement(DlangTokenType.{)('{')
            FUNCTION_DECLARATION
              DLanguageBasicTypeImpl(BASIC_TYPE)
                DLanguageBuiltinTypeImpl(BUILTIN_TYPE)
                  PsiElement(DlangTokenType.int)('int')
              IDENTIFIER
                PsiElement(DlangTokenType.ID)('foo')
              DLanguageParametersImpl(PARAMETERS)
                PsiElement(DlangTokenType.()('(')
                PsiElement(DlangTokenType.))(')')
              DLanguageMissingFunctionBodyImpl(MISSING_FUNCTION_BODY)
                PsiElement(DlangTokenType.;)(';')
            PsiElement(DlangTokenType.})('}')
      DLanguageDeclarationStatementImpl(DECLARATION_STATEMENT)
        CLASS_DECLARATION
          PsiElement(DlangTokenType.class)('class')
          IDENTIFIER
            PsiElement(DlangTokenType.ID)('A')
          PsiElement(DlangTokenType.:)(':')
          DLanguageBaseClassListImpl(BASE_CLASS_LIST)
            DLanguageBaseClassImpl(BASE_CLASS)
              DLanguageBasicTypeImpl(BASIC_TYPE)
                DLanguageQualifiedIdentifierImpl(QUALIFIED_IDENTIFIER)
                  IDENTIFIER
                    PsiElement(DlangTokenType.ID)('D')
          DLanguageStructBodyImpl(STRUCT_BODY)
            PsiElement(DlangTokenType.{)('{')
            FUNCTION_DECLARATION
              DLanguageBasicTypeImpl(BASIC_TYPE)
                DLanguageBuiltinTypeImpl(BUILTIN_TYPE)
                  PsiElement(DlangTokenType.int)('int')
              IDENTIFIER
                PsiElement(DlangTokenType.ID)('foo')
              DLanguageParametersImpl(PARAMETERS)
                PsiElement(DlangTokenType.()('(')
                PsiElement(DlangTokenType.))(')')
              DLanguageSpecifiedFunctionBodyImpl(SPECIFIED_FUNCTION_BODY)
                DLanguageBlockStatementImpl(BLOCK_STATEMENT)
                  PsiElement(DlangTokenType.{)('{')
                  DLanguageReturnStatementImpl(RETURN_STATEMENT)
                    PsiElement(DlangTokenType.return)('return')
                    DLanguageLiteralExpressionImpl(LITERAL_EXPRESSION)
                      PsiElement(DlangTokenType.INTEGER_LITERAL)('1')
                    PsiElement(DlangTokenType.;)(';')
                  PsiElement(DlangTokenType.})('}')
            PsiElement(DlangTokenType.})('}')
      DLanguageDeclarationStatementImpl(DECLARATION_STATEMENT)
        CLASS_DECLARATION
          PsiElement(DlangTokenType.class)('class')
          IDENTIFIER
            PsiElement(DlangTokenType.ID)('B')
          PsiElement(DlangTokenType.:)(':')
          DLanguageBaseClassListImpl(BASE_CLASS_LIST)
            DLanguageBaseClassImpl(BASE_CLASS)
              DLanguageBasicTypeImpl(BASIC_TYPE)
                DLanguageQualifiedIdentifierImpl(QUALIFIED_IDENTIFIER)
                  IDENTIFIER
                    PsiElement(DlangTokenType.ID)('A')
            PsiElement(DlangTokenType.,)(',')
            DLanguageBaseClassImpl(BASE_CLASS)
              DLanguageBasicTypeImpl(BASIC_TYPE)
                DLanguageQualifiedIdentifierImpl(QUALIFIED_IDENTIFIER)
                  IDENTIFIER
                    PsiElement(DlangTokenType.ID)('D')
          DLanguageStructBodyImpl(STRUCT_BODY)
            PsiElement(DlangTokenType.{)('{')
            PsiElement(DlangTokenType.})('}')
          PsiComment(DlangTokenType.LINE_COMMENT)('// error, no foo() for interface D')
      PsiElement(DlangTokenType.})('}')