D Language File
  DLanguageDeclDefsImpl(DECL_DEFS)
    DLanguageDeclDefImpl(DECL_DEF)
      DLanguageDeclarationImpl(DECLARATION)
        DLanguageAggregateDeclarationImpl(AGGREGATE_DECLARATION)
          DLanguageStructDeclarationImpl(STRUCT_DECLARATION)
            PsiElement(DLanguageTokenType.struct)('struct')
            IDENTIFIER
              PsiElement(DLanguageTokenType.ID)('S')
            DLanguageAggregateBodyImpl(AGGREGATE_BODY)
              PsiElement(DLanguageTokenType.{)('{')
              DLanguageDeclDefsImpl(DECL_DEFS)
                DLanguageDeclDefImpl(DECL_DEF)
                  DLanguageDeclarationImpl(DECLARATION)
                    DLanguageVarDeclarationsImpl(VAR_DECLARATIONS)
                      DLanguageBasicTypeImpl(BASIC_TYPE)
                        DLanguageBasicTypeXImpl(BASIC_TYPE_X)
                          PsiElement(DLanguageTokenType.int)('int')
                      DLanguageDeclaratorsImpl(DECLARATORS)
                        DLanguageDeclaratorInitializerImpl(DECLARATOR_INITIALIZER)
                          DLanguageVarDeclaratorImpl(VAR_DECLARATOR)
                            IDENTIFIER
                              PsiElement(DLanguageTokenType.ID)('a')
                      PsiElement(DLanguageTokenType.;)(';')
                DLanguageDeclDefsImpl(DECL_DEFS)
                  DLanguageDeclDefImpl(DECL_DEF)
                    DLanguageAttributeSpecifierImpl(ATTRIBUTE_SPECIFIER)
                      DLanguageAttributeImpl(ATTRIBUTE)
                        DLanguagePropertyImpl(PROPERTY)
                          PsiElement(DLanguageTokenType.@)('@')
                          DLanguagePropertyIdentifierImpl(PROPERTY_IDENTIFIER)
                            PsiElement(DLanguageTokenType.ID)('disable')
                      DLanguageDeclarationBlockImpl(DECLARATION_BLOCK)
                        DLanguageDeclDefImpl(DECL_DEF)
                          CONSTRUCTOR
                            PsiElement(DLanguageTokenType.this)('this')
                            DLanguageParametersImpl(PARAMETERS)
                              PsiElement(DLanguageTokenType.()('(')
                              PsiElement(DLanguageTokenType.))(')')
                            PsiElement(DLanguageTokenType.;)(';')
                  DLanguageDeclDefsImpl(DECL_DEFS)
                    DLanguageDeclDefImpl(DECL_DEF)
                      CONSTRUCTOR
                        PsiElement(DLanguageTokenType.this)('this')
                        DLanguageParametersImpl(PARAMETERS)
                          PsiElement(DLanguageTokenType.()('(')
                          DLanguageParameterListImpl(PARAMETER_LIST)
                            DLanguageParameterImpl(PARAMETER)
                              DLanguageBasicTypeImpl(BASIC_TYPE)
                                DLanguageBasicTypeXImpl(BASIC_TYPE_X)
                                  PsiElement(DLanguageTokenType.int)('int')
                              DLanguageDeclaratorImpl(DECLARATOR)
                                DLanguageVarDeclaratorImpl(VAR_DECLARATOR)
                                  IDENTIFIER
                                    PsiElement(DLanguageTokenType.ID)('n')
                          PsiElement(DLanguageTokenType.))(')')
                        DLanguageFunctionBodyImpl(FUNCTION_BODY)
                          DLanguageBlockStatementImpl(BLOCK_STATEMENT)
                            PsiElement(DLanguageTokenType.{)('{')
                            DLanguageStatementListImpl(STATEMENT_LIST)
                              DLanguageStatementImpl(STATEMENT)
                                DLanguageNonEmptyStatementImpl(NON_EMPTY_STATEMENT)
                                  DLanguageNonEmptyStatementNoCaseNoDefaultImpl(NON_EMPTY_STATEMENT_NO_CASE_NO_DEFAULT)
                                    DLanguageDeclarationStatementImpl(DECLARATION_STATEMENT)
                                      DLanguageDeclarationImpl(DECLARATION)
                                        DLanguageVarDeclarationsImpl(VAR_DECLARATIONS)
                                          DLanguageAutoDeclarationImpl(AUTO_DECLARATION)
                                            DLanguageAutoDeclarationXImpl(AUTO_DECLARATION_X)
                                              DLanguageAutoDeclarationYImpl(AUTO_DECLARATION_Y)
                                                IDENTIFIER
                                                  PsiElement(DLanguageTokenType.ID)('a')
                                                PsiElement(DLanguageTokenType.=)('=')
                                                DLanguageInitializerImpl(INITIALIZER)
                                                  DLanguageNonVoidInitializerImpl(NON_VOID_INITIALIZER)
                                                    DLanguageAssignExpressionImpl(ASSIGN_EXPRESSION)
                                                      DLanguageConditionalExpressionImpl(CONDITIONAL_EXPRESSION)
                                                        DLanguageOrOrExpressionImpl(OR_OR_EXPRESSION)
                                                          DLanguageAndAndExpressionImpl(AND_AND_EXPRESSION)
                                                            DLanguageOrExpressionImpl(OR_EXPRESSION)
                                                              DLanguageXorExpressionImpl(XOR_EXPRESSION)
                                                                DLanguageAndExpressionImpl(AND_EXPRESSION)
                                                                  DLanguageShiftExpressionImpl(SHIFT_EXPRESSION)
                                                                    DLanguageAddExpressionImpl(ADD_EXPRESSION)
                                                                      DLanguageMulExpressionImpl(MUL_EXPRESSION)
                                                                        DLanguageUnaryExpressionImpl(UNARY_EXPRESSION)
                                                                          DLanguagePowExpressionImpl(POW_EXPRESSION)
                                                                            DLanguagePostfixExpressionImpl(POSTFIX_EXPRESSION)
                                                                              DLanguagePrimaryExpressionImpl(PRIMARY_EXPRESSION)
                                                                                IDENTIFIER
                                                                                  PsiElement(DLanguageTokenType.ID)('n')
                                            PsiElement(DLanguageTokenType.;)(';')
                            PsiElement(DLanguageTokenType.})('}')
                    DLanguageDeclDefsImpl(DECL_DEFS)
                      DLanguageDeclDefImpl(DECL_DEF)
                        DLanguageInvariantImpl(INVARIANT)
                          PsiElement(DLanguageTokenType.invariant)('invariant')
                          DLanguageBlockStatementImpl(BLOCK_STATEMENT)
                            PsiElement(DLanguageTokenType.{)('{')
                            DLanguageStatementListImpl(STATEMENT_LIST)
                              DLanguageStatementImpl(STATEMENT)
                                DLanguageNonEmptyStatementImpl(NON_EMPTY_STATEMENT)
                                  DLanguageNonEmptyStatementNoCaseNoDefaultImpl(NON_EMPTY_STATEMENT_NO_CASE_NO_DEFAULT)
                                    DLanguageExpressionStatementImpl(EXPRESSION_STATEMENT)
                                      DLanguageExpressionImpl(EXPRESSION)
                                        DLanguageCommaExpressionImpl(COMMA_EXPRESSION)
                                          DLanguageAssignExpressionImpl(ASSIGN_EXPRESSION)
                                            DLanguageConditionalExpressionImpl(CONDITIONAL_EXPRESSION)
                                              DLanguageOrOrExpressionImpl(OR_OR_EXPRESSION)
                                                DLanguageAndAndExpressionImpl(AND_AND_EXPRESSION)
                                                  DLanguageOrExpressionImpl(OR_EXPRESSION)
                                                    DLanguageXorExpressionImpl(XOR_EXPRESSION)
                                                      DLanguageAndExpressionImpl(AND_EXPRESSION)
                                                        DLanguageShiftExpressionImpl(SHIFT_EXPRESSION)
                                                          DLanguageAddExpressionImpl(ADD_EXPRESSION)
                                                            DLanguageMulExpressionImpl(MUL_EXPRESSION)
                                                              DLanguageUnaryExpressionImpl(UNARY_EXPRESSION)
                                                                DLanguagePowExpressionImpl(POW_EXPRESSION)
                                                                  DLanguagePostfixExpressionImpl(POSTFIX_EXPRESSION)
                                                                    DLanguagePrimaryExpressionImpl(PRIMARY_EXPRESSION)
                                                                      DLanguageAssertExpressionImpl(ASSERT_EXPRESSION)
                                                                        PsiElement(DLanguageTokenType.assert)('assert')
                                                                        PsiElement(DLanguageTokenType.()('(')
                                                                        DLanguageAssignExpressionImpl(ASSIGN_EXPRESSION)
                                                                          DLanguageConditionalExpressionImpl(CONDITIONAL_EXPRESSION)
                                                                            DLanguageOrOrExpressionImpl(OR_OR_EXPRESSION)
                                                                              DLanguageAndAndExpressionImpl(AND_AND_EXPRESSION)
                                                                                DLanguageOrExpressionImpl(OR_EXPRESSION)
                                                                                  DLanguageXorExpressionImpl(XOR_EXPRESSION)
                                                                                    DLanguageAndExpressionImpl(AND_EXPRESSION)
                                                                                      DLanguageShiftExpressionImpl(SHIFT_EXPRESSION)
                                                                                        DLanguageAddExpressionImpl(ADD_EXPRESSION)
                                                                                          DLanguageMulExpressionImpl(MUL_EXPRESSION)
                                                                                            DLanguageUnaryExpressionImpl(UNARY_EXPRESSION)
                                                                                              DLanguagePowExpressionImpl(POW_EXPRESSION)
                                                                                                DLanguagePostfixExpressionImpl(POSTFIX_EXPRESSION)
                                                                                                  DLanguagePrimaryExpressionImpl(PRIMARY_EXPRESSION)
                                                                                                    IDENTIFIER
                                                                                                      PsiElement(DLanguageTokenType.ID)('a')
                                                                                DLanguageAndAndExpressionImpl(AND_AND_EXPRESSION)
                                                                                  DLanguageCmpExpressionImpl(CMP_EXPRESSION)
                                                                                    DLanguageRelExpressionImpl(REL_EXPRESSION)
                                                                                      PsiElement(DLanguageTokenType.>)('>')
                                                                                      DLanguageShiftExpressionImpl(SHIFT_EXPRESSION)
                                                                                        DLanguageAddExpressionImpl(ADD_EXPRESSION)
                                                                                          DLanguageMulExpressionImpl(MUL_EXPRESSION)
                                                                                            DLanguageUnaryExpressionImpl(UNARY_EXPRESSION)
                                                                                              DLanguagePowExpressionImpl(POW_EXPRESSION)
                                                                                                DLanguagePostfixExpressionImpl(POSTFIX_EXPRESSION)
                                                                                                  DLanguagePrimaryExpressionImpl(PRIMARY_EXPRESSION)
                                                                                                    PsiElement(DLanguageTokenType.INTEGER_LITERAL)('0')
                                                                        PsiElement(DLanguageTokenType.))(')')
                                      PsiElement(DLanguageTokenType.;)(';')
                            PsiElement(DLanguageTokenType.})('}')
                      DLanguageDeclDefsImpl(DECL_DEFS)
                        DLanguageDeclDefImpl(DECL_DEF)
                          DLanguageDeclarationImpl(DECLARATION)
                            FUNC_DECLARATION
                              DLanguageBasicTypeImpl(BASIC_TYPE)
                                DLanguageBasicTypeXImpl(BASIC_TYPE_X)
                                  PsiElement(DLanguageTokenType.void)('void')
                              IDENTIFIER
                                PsiElement(DLanguageTokenType.ID)('check')
                              DLanguageFuncDeclaratorSuffixImpl(FUNC_DECLARATOR_SUFFIX)
                                DLanguageParametersImpl(PARAMETERS)
                                  PsiElement(DLanguageTokenType.()('(')
                                  PsiElement(DLanguageTokenType.))(')')
                              DLanguageFunctionBodyImpl(FUNCTION_BODY)
                                DLanguageBlockStatementImpl(BLOCK_STATEMENT)
                                  PsiElement(DLanguageTokenType.{)('{')
                                  PsiElement(DLanguageTokenType.})('}')
              PsiElement(DLanguageTokenType.})('}')
    DLanguageDeclDefsImpl(DECL_DEFS)
      DLanguageDeclDefImpl(DECL_DEF)
        DLanguageDeclarationImpl(DECLARATION)
          FUNC_DECLARATION
            DLanguageBasicTypeImpl(BASIC_TYPE)
              DLanguageBasicTypeXImpl(BASIC_TYPE_X)
                PsiElement(DLanguageTokenType.void)('void')
            IDENTIFIER
              PsiElement(DLanguageTokenType.ID)('main')
            DLanguageFuncDeclaratorSuffixImpl(FUNC_DECLARATOR_SUFFIX)
              DLanguageParametersImpl(PARAMETERS)
                PsiElement(DLanguageTokenType.()('(')
                PsiElement(DLanguageTokenType.))(')')
            DLanguageFunctionBodyImpl(FUNCTION_BODY)
              DLanguageBlockStatementImpl(BLOCK_STATEMENT)
                PsiElement(DLanguageTokenType.{)('{')
                PsiComment(DLanguageTokenType.LINE_COMMENT)('//S s1;           // Error: variable s1 initializer required for type S')
                PsiComment(DLanguageTokenType.LINE_COMMENT)('//S s2 = S();     // Error: constructor S.this is not callable')
                PsiComment(DLanguageTokenType.LINE_COMMENT)('// because it is annotated with @disable')
                DLanguageStatementListImpl(STATEMENT_LIST)
                  DLanguageStatementImpl(STATEMENT)
                    DLanguageNonEmptyStatementImpl(NON_EMPTY_STATEMENT)
                      DLanguageNonEmptyStatementNoCaseNoDefaultImpl(NON_EMPTY_STATEMENT_NO_CASE_NO_DEFAULT)
                        DLanguageDeclarationStatementImpl(DECLARATION_STATEMENT)
                          DLanguageDeclarationImpl(DECLARATION)
                            DLanguageVarDeclarationsImpl(VAR_DECLARATIONS)
                              DLanguageBasicTypeImpl(BASIC_TYPE)
                                DLanguageIdentifierListImpl(IDENTIFIER_LIST)
                                  IDENTIFIER
                                    PsiElement(DLanguageTokenType.ID)('S')
                              DLanguageDeclaratorsImpl(DECLARATORS)
                                DLanguageDeclaratorInitializerImpl(DECLARATOR_INITIALIZER)
                                  DLanguageVarDeclaratorImpl(VAR_DECLARATOR)
                                    IDENTIFIER
                                      PsiElement(DLanguageTokenType.ID)('s3')
                                  PsiElement(DLanguageTokenType.=)('=')
                                  DLanguageInitializerImpl(INITIALIZER)
                                    DLanguageNonVoidInitializerImpl(NON_VOID_INITIALIZER)
                                      DLanguageAssignExpressionImpl(ASSIGN_EXPRESSION)
                                        DLanguageConditionalExpressionImpl(CONDITIONAL_EXPRESSION)
                                          DLanguageOrOrExpressionImpl(OR_OR_EXPRESSION)
                                            DLanguageAndAndExpressionImpl(AND_AND_EXPRESSION)
                                              DLanguageOrExpressionImpl(OR_EXPRESSION)
                                                DLanguageXorExpressionImpl(XOR_EXPRESSION)
                                                  DLanguageAndExpressionImpl(AND_EXPRESSION)
                                                    DLanguageShiftExpressionImpl(SHIFT_EXPRESSION)
                                                      DLanguageAddExpressionImpl(ADD_EXPRESSION)
                                                        DLanguageMulExpressionImpl(MUL_EXPRESSION)
                                                          DLanguageUnaryExpressionImpl(UNARY_EXPRESSION)
                                                            DLanguagePowExpressionImpl(POW_EXPRESSION)
                                                              DLanguagePostfixExpressionImpl(POSTFIX_EXPRESSION)
                                                                DLanguagePrimaryExpressionImpl(PRIMARY_EXPRESSION)
                                                                  IDENTIFIER
                                                                    PsiElement(DLanguageTokenType.ID)('S')
                                                DLanguageOrExpressionImpl(OR_EXPRESSION)
                                                  DLanguageXorExpressionImpl(XOR_EXPRESSION)
                                                    DLanguageAndExpressionImpl(AND_EXPRESSION)
                                                      DLanguageShiftExpressionImpl(SHIFT_EXPRESSION)
                                                        DLanguageAddExpressionImpl(ADD_EXPRESSION)
                                                          DLanguageMulExpressionImpl(MUL_EXPRESSION)
                                                            DLanguageUnaryExpressionImpl(UNARY_EXPRESSION)
                                                              DLanguagePowExpressionImpl(POW_EXPRESSION)
                                                                DLanguagePostfixExpressionImpl(POSTFIX_EXPRESSION)
                                                                  DLanguagePrimaryExpressionImpl(PRIMARY_EXPRESSION)
                                                                    PsiElement(DLanguageTokenType..)('.')
                                                                    IDENTIFIER
                                                                      PsiElement(DLanguageTokenType.ID)('init')
                              PsiElement(DLanguageTokenType.;)(';')
                  PsiComment(DLanguageTokenType.LINE_COMMENT)('// Bad. s3.a == 0, and it violates the invariant of S.')
                  DLanguageStatementListImpl(STATEMENT_LIST)
                    DLanguageStatementImpl(STATEMENT)
                      DLanguageNonEmptyStatementImpl(NON_EMPTY_STATEMENT)
                        DLanguageNonEmptyStatementNoCaseNoDefaultImpl(NON_EMPTY_STATEMENT_NO_CASE_NO_DEFAULT)
                          DLanguageExpressionStatementImpl(EXPRESSION_STATEMENT)
                            DLanguageExpressionImpl(EXPRESSION)
                              DLanguageCommaExpressionImpl(COMMA_EXPRESSION)
                                DLanguageAssignExpressionImpl(ASSIGN_EXPRESSION)
                                  DLanguageConditionalExpressionImpl(CONDITIONAL_EXPRESSION)
                                    DLanguageOrOrExpressionImpl(OR_OR_EXPRESSION)
                                      DLanguageAndAndExpressionImpl(AND_AND_EXPRESSION)
                                        DLanguageOrExpressionImpl(OR_EXPRESSION)
                                          DLanguageXorExpressionImpl(XOR_EXPRESSION)
                                            DLanguageAndExpressionImpl(AND_EXPRESSION)
                                              DLanguageShiftExpressionImpl(SHIFT_EXPRESSION)
                                                DLanguageAddExpressionImpl(ADD_EXPRESSION)
                                                  DLanguageMulExpressionImpl(MUL_EXPRESSION)
                                                    DLanguageUnaryExpressionImpl(UNARY_EXPRESSION)
                                                      DLanguagePowExpressionImpl(POW_EXPRESSION)
                                                        DLanguagePostfixExpressionImpl(POSTFIX_EXPRESSION)
                                                          DLanguagePrimaryExpressionImpl(PRIMARY_EXPRESSION)
                                                            IDENTIFIER
                                                              PsiElement(DLanguageTokenType.ID)('s3')
                                          DLanguageOrExpressionImpl(OR_EXPRESSION)
                                            DLanguageXorExpressionImpl(XOR_EXPRESSION)
                                              DLanguageAndExpressionImpl(AND_EXPRESSION)
                                                DLanguageShiftExpressionImpl(SHIFT_EXPRESSION)
                                                  DLanguageAddExpressionImpl(ADD_EXPRESSION)
                                                    DLanguageMulExpressionImpl(MUL_EXPRESSION)
                                                      DLanguageUnaryExpressionImpl(UNARY_EXPRESSION)
                                                        DLanguagePowExpressionImpl(POW_EXPRESSION)
                                                          DLanguagePostfixExpressionImpl(POSTFIX_EXPRESSION)
                                                            DLanguagePrimaryExpressionImpl(PRIMARY_EXPRESSION)
                                                              PsiElement(DLanguageTokenType..)('.')
                                                              IDENTIFIER
                                                                PsiElement(DLanguageTokenType.ID)('check')
                                            DLanguageOrExpressionImpl(OR_EXPRESSION)
                                              DLanguageXorExpressionImpl(XOR_EXPRESSION)
                                                DLanguageAndExpressionImpl(AND_EXPRESSION)
                                                  DLanguageShiftExpressionImpl(SHIFT_EXPRESSION)
                                                    DLanguageAddExpressionImpl(ADD_EXPRESSION)
                                                      DLanguageMulExpressionImpl(MUL_EXPRESSION)
                                                        DLanguageUnaryExpressionImpl(UNARY_EXPRESSION)
                                                          DLanguagePowExpressionImpl(POW_EXPRESSION)
                                                            DLanguagePostfixExpressionImpl(POSTFIX_EXPRESSION)
                                                              DLanguagePrimaryExpressionImpl(PRIMARY_EXPRESSION)
                                                                DLanguageFunctionLiteralImpl(FUNCTION_LITERAL)
                                                                  DLanguageParameterMemberAttributesImpl(PARAMETER_MEMBER_ATTRIBUTES)
                                                                    DLanguageParametersImpl(PARAMETERS)
                                                                      PsiElement(DLanguageTokenType.()('(')
                                                                      PsiElement(DLanguageTokenType.))(')')
                            PsiElement(DLanguageTokenType.;)(';')
                PsiComment(DLanguageTokenType.LINE_COMMENT)('// Assertion failure.')
                PsiElement(DLanguageTokenType.})('}')
