D Language File
  DLanguageDeclDefsImpl(DECL_DEFS)
    DLanguageDeclDefImpl(DECL_DEF)
      DLanguageDeclarationImpl(DECLARATION)
        DLanguageVarDeclarationsImpl(VAR_DECLARATIONS)
          DLanguageBasicTypeImpl(BASIC_TYPE)
            DLanguageBasicTypeXImpl(BASIC_TYPE_X)
              PsiElement(DLanguageTokenType.double)('double')
          DLanguageDeclaratorsImpl(DECLARATORS)
            DECLARATOR_INITIALIZER
              DLanguageVarDeclaratorImpl(VAR_DECLARATOR)
                DLanguageBasicType2Impl(BASIC_TYPE_2)
                  DLanguageBasicType2XImpl(BASIC_TYPE_2_X)
                    PsiElement(DLanguageTokenType.[)('[')
                    DLanguageAssignExpressionImpl(ASSIGN_EXPRESSION)
                      DLanguageConditionalExpressionImpl(CONDITIONAL_EXPRESSION)
                        DLanguageOrOrExpressionImpl(OR_OR_EXPRESSION)
                          DLanguageAndAndExpressionImpl(AND_AND_EXPRESSION)
                            DLanguageOrExpressionImpl(OR_EXPRESSION)
                              DLanguageXorExpressionImpl(XOR_EXPRESSION)
                                DLanguageAndExpressionImpl(AND_EXPRESSION)
                                  DLanguageShiftExpressionImpl(SHIFT_EXPRESSION)
                                    DLanguageAddExpressionImpl(ADD_EXPRESSION)
                                      DLanguageMulExpressionImpl(MUL_EXPRESSION)
                                        DLanguageUnaryExpressionImpl(UNARY_EXPRESSION)
                                          DLanguagePowExpressionImpl(POW_EXPRESSION)
                                            DLanguagePostfixExpressionImpl(POSTFIX_EXPRESSION)
                                              DLanguagePrimaryExpressionImpl(PRIMARY_EXPRESSION)
                                                IDENTIFIER
                                                  PsiElement(DLanguageTokenType.ID)('string')
                    PsiElement(DLanguageTokenType.])(']')
                IDENTIFIER
                  PsiElement(DLanguageTokenType.ID)('a')
          PsiElement(DLanguageTokenType.;)(';')
  PsiComment(DLanguageTokenType.LINE_COMMENT)('// index type is string, value type is double')
  DLanguageStatementImpl(STATEMENT)
    DLanguageNonEmptyStatementImpl(NON_EMPTY_STATEMENT)
      DLanguageNonEmptyStatementNoCaseNoDefaultImpl(NON_EMPTY_STATEMENT_NO_CASE_NO_DEFAULT)
        DLanguageForeachStatementImpl(FOREACH_STATEMENT)
          DLanguageForeachImpl(FOREACH)
            PsiElement(DLanguageTokenType.foreach)('foreach')
          PsiElement(DLanguageTokenType.()('(')
          DLanguageForeachTypeListImpl(FOREACH_TYPE_LIST)
            DLanguageForeachTypeImpl(FOREACH_TYPE)
              DLanguageTypeImpl(TYPE)
                DLanguageBasicTypeImpl(BASIC_TYPE)
                  DLanguageIdentifierListImpl(IDENTIFIER_LIST)
                    IDENTIFIER
                      PsiElement(DLanguageTokenType.ID)('string')
              IDENTIFIER
                PsiElement(DLanguageTokenType.ID)('s')
            PsiElement(DLanguageTokenType.,)(',')
            DLanguageForeachTypeListImpl(FOREACH_TYPE_LIST)
              DLanguageForeachTypeImpl(FOREACH_TYPE)
                DLanguageTypeImpl(TYPE)
                  DLanguageBasicTypeImpl(BASIC_TYPE)
                    DLanguageBasicTypeXImpl(BASIC_TYPE_X)
                      PsiElement(DLanguageTokenType.double)('double')
                IDENTIFIER
                  PsiElement(DLanguageTokenType.ID)('d')
          PsiElement(DLanguageTokenType.;)(';')
          DLanguageForeachAggregateImpl(FOREACH_AGGREGATE)
            DLanguageExpressionImpl(EXPRESSION)
              DLanguageCommaExpressionImpl(COMMA_EXPRESSION)
                DLanguageAssignExpressionImpl(ASSIGN_EXPRESSION)
                  DLanguageConditionalExpressionImpl(CONDITIONAL_EXPRESSION)
                    DLanguageOrOrExpressionImpl(OR_OR_EXPRESSION)
                      DLanguageAndAndExpressionImpl(AND_AND_EXPRESSION)
                        DLanguageOrExpressionImpl(OR_EXPRESSION)
                          DLanguageXorExpressionImpl(XOR_EXPRESSION)
                            DLanguageAndExpressionImpl(AND_EXPRESSION)
                              DLanguageShiftExpressionImpl(SHIFT_EXPRESSION)
                                DLanguageAddExpressionImpl(ADD_EXPRESSION)
                                  DLanguageMulExpressionImpl(MUL_EXPRESSION)
                                    DLanguageUnaryExpressionImpl(UNARY_EXPRESSION)
                                      DLanguagePowExpressionImpl(POW_EXPRESSION)
                                        DLanguagePostfixExpressionImpl(POSTFIX_EXPRESSION)
                                          DLanguagePrimaryExpressionImpl(PRIMARY_EXPRESSION)
                                            IDENTIFIER
                                              PsiElement(DLanguageTokenType.ID)('a')
          PsiElement(DLanguageTokenType.))(')')
          DLanguageStatementImpl(STATEMENT)
            DLanguageNonEmptyStatementImpl(NON_EMPTY_STATEMENT)
              DLanguageNonEmptyStatementNoCaseNoDefaultImpl(NON_EMPTY_STATEMENT_NO_CASE_NO_DEFAULT)
                DLanguageExpressionStatementImpl(EXPRESSION_STATEMENT)
                  DLanguageExpressionImpl(EXPRESSION)
                    DLanguageCommaExpressionImpl(COMMA_EXPRESSION)
                      DLanguageAssignExpressionImpl(ASSIGN_EXPRESSION)
                        DLanguageConditionalExpressionImpl(CONDITIONAL_EXPRESSION)
                          DLanguageOrOrExpressionImpl(OR_OR_EXPRESSION)
                            DLanguageAndAndExpressionImpl(AND_AND_EXPRESSION)
                              DLanguageOrExpressionImpl(OR_EXPRESSION)
                                DLanguageXorExpressionImpl(XOR_EXPRESSION)
                                  DLanguageAndExpressionImpl(AND_EXPRESSION)
                                    DLanguageShiftExpressionImpl(SHIFT_EXPRESSION)
                                      DLanguageAddExpressionImpl(ADD_EXPRESSION)
                                        DLanguageMulExpressionImpl(MUL_EXPRESSION)
                                          DLanguageUnaryExpressionImpl(UNARY_EXPRESSION)
                                            DLanguagePowExpressionImpl(POW_EXPRESSION)
                                              DLanguagePostfixExpressionImpl(POSTFIX_EXPRESSION)
                                                DLanguagePrimaryExpressionImpl(PRIMARY_EXPRESSION)
                                                  DLanguageFunctionLiteralImpl(FUNCTION_LITERAL)
                                                    DLanguageFunctionLiteralBodyImpl(FUNCTION_LITERAL_BODY)
                                                      DLanguageBlockStatementImpl(BLOCK_STATEMENT)
                                                        PsiElement(DLanguageTokenType.{)('{')
                                                        DLanguageStatementListImpl(STATEMENT_LIST)
                                                          DLanguageStatementImpl(STATEMENT)
                                                            DLanguageNonEmptyStatementImpl(NON_EMPTY_STATEMENT)
                                                              DLanguageNonEmptyStatementNoCaseNoDefaultImpl(NON_EMPTY_STATEMENT_NO_CASE_NO_DEFAULT)
                                                                DLanguageExpressionStatementImpl(EXPRESSION_STATEMENT)
                                                                  DLanguageExpressionImpl(EXPRESSION)
                                                                    DLanguageCommaExpressionImpl(COMMA_EXPRESSION)
                                                                      DLanguageAssignExpressionImpl(ASSIGN_EXPRESSION)
                                                                        DLanguageConditionalExpressionImpl(CONDITIONAL_EXPRESSION)
                                                                          DLanguageOrOrExpressionImpl(OR_OR_EXPRESSION)
                                                                            DLanguageAndAndExpressionImpl(AND_AND_EXPRESSION)
                                                                              DLanguageOrExpressionImpl(OR_EXPRESSION)
                                                                                DLanguageXorExpressionImpl(XOR_EXPRESSION)
                                                                                  DLanguageAndExpressionImpl(AND_EXPRESSION)
                                                                                    DLanguageShiftExpressionImpl(SHIFT_EXPRESSION)
                                                                                      DLanguageAddExpressionImpl(ADD_EXPRESSION)
                                                                                        DLanguageMulExpressionImpl(MUL_EXPRESSION)
                                                                                          DLanguageUnaryExpressionImpl(UNARY_EXPRESSION)
                                                                                            DLanguagePowExpressionImpl(POW_EXPRESSION)
                                                                                              DLanguagePostfixExpressionImpl(POSTFIX_EXPRESSION)
                                                                                                DLanguagePrimaryExpressionImpl(PRIMARY_EXPRESSION)
                                                                                                  IDENTIFIER
                                                                                                    PsiElement(DLanguageTokenType.ID)('writefln')
                                                                                DLanguageOrExpressionImpl(OR_EXPRESSION)
                                                                                  DLanguageXorExpressionImpl(XOR_EXPRESSION)
                                                                                    DLanguageAndExpressionImpl(AND_EXPRESSION)
                                                                                      DLanguageShiftExpressionImpl(SHIFT_EXPRESSION)
                                                                                        DLanguageAddExpressionImpl(ADD_EXPRESSION)
                                                                                          DLanguageMulExpressionImpl(MUL_EXPRESSION)
                                                                                            DLanguageUnaryExpressionImpl(UNARY_EXPRESSION)
                                                                                              DLanguagePowExpressionImpl(POW_EXPRESSION)
                                                                                                DLanguagePostfixExpressionImpl(POSTFIX_EXPRESSION)
                                                                                                  DLanguagePrimaryExpressionImpl(PRIMARY_EXPRESSION)
                                                                                                    PsiElement(DLanguageTokenType.()('(')
                                                                                                    DLanguageExpressionImpl(EXPRESSION)
                                                                                                      DLanguageCommaExpressionImpl(COMMA_EXPRESSION)
                                                                                                        DLanguageAssignExpressionImpl(ASSIGN_EXPRESSION)
                                                                                                          DLanguageConditionalExpressionImpl(CONDITIONAL_EXPRESSION)
                                                                                                            DLanguageOrOrExpressionImpl(OR_OR_EXPRESSION)
                                                                                                              DLanguageAndAndExpressionImpl(AND_AND_EXPRESSION)
                                                                                                                DLanguageOrExpressionImpl(OR_EXPRESSION)
                                                                                                                  DLanguageXorExpressionImpl(XOR_EXPRESSION)
                                                                                                                    DLanguageAndExpressionImpl(AND_EXPRESSION)
                                                                                                                      DLanguageShiftExpressionImpl(SHIFT_EXPRESSION)
                                                                                                                        DLanguageAddExpressionImpl(ADD_EXPRESSION)
                                                                                                                          DLanguageMulExpressionImpl(MUL_EXPRESSION)
                                                                                                                            DLanguageUnaryExpressionImpl(UNARY_EXPRESSION)
                                                                                                                              DLanguagePowExpressionImpl(POW_EXPRESSION)
                                                                                                                                DLanguagePostfixExpressionImpl(POSTFIX_EXPRESSION)
                                                                                                                                  DLanguagePrimaryExpressionImpl(PRIMARY_EXPRESSION)
                                                                                                                                    DLanguageStringLiteralsImpl(STRING_LITERALS)
                                                                                                                                      DLanguageStringLiteralImpl(STRING_LITERAL)
                                                                                                                                        PsiElement(DLanguageTokenType.DOUBLE_QUOTED_STRING)('"a['%s'] = %g"')
                                                                                                        PsiElement(DLanguageTokenType.,)(',')
                                                                                                        DLanguageCommaExpressionImpl(COMMA_EXPRESSION)
                                                                                                          DLanguageAssignExpressionImpl(ASSIGN_EXPRESSION)
                                                                                                            DLanguageConditionalExpressionImpl(CONDITIONAL_EXPRESSION)
                                                                                                              DLanguageOrOrExpressionImpl(OR_OR_EXPRESSION)
                                                                                                                DLanguageAndAndExpressionImpl(AND_AND_EXPRESSION)
                                                                                                                  DLanguageOrExpressionImpl(OR_EXPRESSION)
                                                                                                                    DLanguageXorExpressionImpl(XOR_EXPRESSION)
                                                                                                                      DLanguageAndExpressionImpl(AND_EXPRESSION)
                                                                                                                        DLanguageShiftExpressionImpl(SHIFT_EXPRESSION)
                                                                                                                          DLanguageAddExpressionImpl(ADD_EXPRESSION)
                                                                                                                            DLanguageMulExpressionImpl(MUL_EXPRESSION)
                                                                                                                              DLanguageUnaryExpressionImpl(UNARY_EXPRESSION)
                                                                                                                                DLanguagePowExpressionImpl(POW_EXPRESSION)
                                                                                                                                  DLanguagePostfixExpressionImpl(POSTFIX_EXPRESSION)
                                                                                                                                    DLanguagePrimaryExpressionImpl(PRIMARY_EXPRESSION)
                                                                                                                                      IDENTIFIER
                                                                                                                                        PsiElement(DLanguageTokenType.ID)('s')
                                                                                                          PsiElement(DLanguageTokenType.,)(',')
                                                                                                          DLanguageCommaExpressionImpl(COMMA_EXPRESSION)
                                                                                                            DLanguageAssignExpressionImpl(ASSIGN_EXPRESSION)
                                                                                                              DLanguageConditionalExpressionImpl(CONDITIONAL_EXPRESSION)
                                                                                                                DLanguageOrOrExpressionImpl(OR_OR_EXPRESSION)
                                                                                                                  DLanguageAndAndExpressionImpl(AND_AND_EXPRESSION)
                                                                                                                    DLanguageOrExpressionImpl(OR_EXPRESSION)
                                                                                                                      DLanguageXorExpressionImpl(XOR_EXPRESSION)
                                                                                                                        DLanguageAndExpressionImpl(AND_EXPRESSION)
                                                                                                                          DLanguageShiftExpressionImpl(SHIFT_EXPRESSION)
                                                                                                                            DLanguageAddExpressionImpl(ADD_EXPRESSION)
                                                                                                                              DLanguageMulExpressionImpl(MUL_EXPRESSION)
                                                                                                                                DLanguageUnaryExpressionImpl(UNARY_EXPRESSION)
                                                                                                                                  DLanguagePowExpressionImpl(POW_EXPRESSION)
                                                                                                                                    DLanguagePostfixExpressionImpl(POSTFIX_EXPRESSION)
                                                                                                                                      DLanguagePrimaryExpressionImpl(PRIMARY_EXPRESSION)
                                                                                                                                        IDENTIFIER
                                                                                                                                          PsiElement(DLanguageTokenType.ID)('d')
                                                                                                    PsiElement(DLanguageTokenType.))(')')
                                                                  PsiElement(DLanguageTokenType.;)(';')
                                                        PsiElement(DLanguageTokenType.})('}')
