D Language File
  DLanguageDeclDefsImpl(DECL_DEFS)
    DLanguageDeclDefImpl(DECL_DEF)
      DLanguageDeclarationImpl(DECLARATION)
        DLanguageVarDeclarationsImpl(VAR_DECLARATIONS)
          DLanguageBasicTypeImpl(BASIC_TYPE)
            DLanguageBasicTypeXImpl(BASIC_TYPE_X)
              PsiElement(DLanguageTokenType.int)('int')
          DLanguageDeclaratorsImpl(DECLARATORS)
            DECLARATOR_INITIALIZER
              DLanguageVarDeclaratorImpl(VAR_DECLARATOR)
                IDENTIFIER
                  PsiElement(DLanguageTokenType.ID)('a')
          PsiElement(DLanguageTokenType.;)(';')
    PsiComment(DLanguageTokenType.LINE_COMMENT)('// declare a as type int and initialize it to 0')
    DLanguageDeclDefsImpl(DECL_DEFS)
      DLanguageDeclDefImpl(DECL_DEF)
        DLanguageDeclarationImpl(DECLARATION)
          DLanguageAggregateDeclarationImpl(AGGREGATE_DECLARATION)
            STRUCT_DECLARATION
              PsiElement(DLanguageTokenType.struct)('struct')
              IDENTIFIER
                PsiElement(DLanguageTokenType.ID)('S')
              DLanguageAggregateBodyImpl(AGGREGATE_BODY)
                PsiElement(DLanguageTokenType.{)('{')
                PsiElement(DLanguageTokenType.})('}')
      PsiComment(DLanguageTokenType.LINE_COMMENT)('// declare struct s')
      DLanguageDeclDefsImpl(DECL_DEFS)
        DLanguageDeclDefImpl(DECL_DEF)
          DLanguageDeclarationImpl(DECLARATION)
            ALIAS_DECLARATION
              PsiElement(DLanguageTokenType.alias)('alias')
              IDENTIFIER
                PsiElement(DLanguageTokenType.ID)('myint')
              PsiElement(DLanguageTokenType.=)('=')
              DLanguageTypeImpl(TYPE)
                DLanguageBasicTypeImpl(BASIC_TYPE)
                  DLanguageBasicTypeXImpl(BASIC_TYPE_X)
                    PsiElement(DLanguageTokenType.int)('int')
              PsiElement(DLanguageTokenType.;)(';')
