D Language File
  FUNCTION_DECLARATION
    DLanguageBasicTypeImpl(BASIC_TYPE)
      DLanguageBuiltinTypeImpl(BUILTIN_TYPE)
        PsiElement(DlangTokenType.void)('void')
    PsiElement(DlangTokenType.ID)('test')
    DLanguageParametersImpl(PARAMETERS)
      PsiElement(DlangTokenType.()('(')
      PsiElement(DlangTokenType.))(')')
    DLanguageSpecifiedFunctionBodyImpl(SPECIFIED_FUNCTION_BODY)
      DLanguageBlockStatementImpl(BLOCK_STATEMENT)
        PsiElement(DlangTokenType.{)('{')
        DLanguageForeachStatementImpl(FOREACH_STATEMENT)
          PsiElement(DlangTokenType.foreach)('foreach')
          PsiElement(DlangTokenType.()('(')
          DLanguageForeachTypeListImpl(FOREACH_TYPE_LIST)
            FOREACH_TYPE
              DLanguageTypeImpl(TYPE)
                DLanguageBasicTypeImpl(BASIC_TYPE)
                  DLanguageBuiltinTypeImpl(BUILTIN_TYPE)
                    PsiElement(DlangTokenType.char)('char')
              PsiElement(DlangTokenType.ID)('c')
          PsiElement(DlangTokenType.;)(';')
          DLanguageLiteralExpressionImpl(LITERAL_EXPRESSION)
            PsiElement(DlangTokenType.DOUBLE_QUOTED_STRING)('"ab"')
          PsiElement(DlangTokenType.))(')')
          DLanguageBlockStatementImpl(BLOCK_STATEMENT)
            PsiElement(DlangTokenType.{)('{')
            DLanguageExpressionStatementImpl(EXPRESSION_STATEMENT)
              DLanguageFunctionCallExpressionImpl(FUNCTION_CALL_EXPRESSION)
                DLanguageReferenceExpressionImpl(REFERENCE_EXPRESSION)
                  PsiElement(DlangTokenType.ID)('writefln')
                PsiElement(DlangTokenType.()('(')
                DLanguageArgumentListImpl(ARGUMENT_LIST)
                  DLanguageLiteralExpressionImpl(LITERAL_EXPRESSION)
                    PsiElement(DlangTokenType.DOUBLE_QUOTED_STRING)('"'%s'"')
                  PsiElement(DlangTokenType.,)(',')
                  DLanguageReferenceExpressionImpl(REFERENCE_EXPRESSION)
                    PsiElement(DlangTokenType.ID)('c')
                PsiElement(DlangTokenType.))(')')
              PsiElement(DlangTokenType.;)(';')
            PsiElement(DlangTokenType.})('}')
        DLanguageForeachStatementImpl(FOREACH_STATEMENT)
          PsiElement(DlangTokenType.foreach)('foreach')
          PsiElement(DlangTokenType.()('(')
          DLanguageForeachTypeListImpl(FOREACH_TYPE_LIST)
            FOREACH_TYPE
              DLanguageTypeImpl(TYPE)
                DLanguageBasicTypeImpl(BASIC_TYPE)
                  DLanguageBuiltinTypeImpl(BUILTIN_TYPE)
                    PsiElement(DlangTokenType.wchar)('wchar')
              PsiElement(DlangTokenType.ID)('w')
          PsiElement(DlangTokenType.;)(';')
          DLanguageLiteralExpressionImpl(LITERAL_EXPRESSION)
            PsiElement(DlangTokenType.DOUBLE_QUOTED_STRING)('"xy"')
          PsiElement(DlangTokenType.))(')')
          DLanguageBlockStatementImpl(BLOCK_STATEMENT)
            PsiElement(DlangTokenType.{)('{')
            DLanguageExpressionStatementImpl(EXPRESSION_STATEMENT)
              DLanguageFunctionCallExpressionImpl(FUNCTION_CALL_EXPRESSION)
                DLanguageReferenceExpressionImpl(REFERENCE_EXPRESSION)
                  PsiElement(DlangTokenType.ID)('writefln')
                PsiElement(DlangTokenType.()('(')
                DLanguageArgumentListImpl(ARGUMENT_LIST)
                  DLanguageLiteralExpressionImpl(LITERAL_EXPRESSION)
                    PsiElement(DlangTokenType.DOUBLE_QUOTED_STRING)('"'%s'"')
                  PsiElement(DlangTokenType.,)(',')
                  DLanguageReferenceExpressionImpl(REFERENCE_EXPRESSION)
                    PsiElement(DlangTokenType.ID)('w')
                PsiElement(DlangTokenType.))(')')
              PsiElement(DlangTokenType.;)(';')
            PsiElement(DlangTokenType.})('}')
        PsiElement(DlangTokenType.})('}')