D Language File
  FUNCTION_DECLARATION
    DLanguageBasicTypeImpl(BASIC_TYPE)
      DLanguageBuiltinTypeImpl(BUILTIN_TYPE)
        PsiElement(DlangTokenType.void)('void')
    PsiElement(DlangTokenType.ID)('main')
    DLanguageParametersImpl(PARAMETERS)
      PsiElement(DlangTokenType.()('(')
      PsiElement(DlangTokenType.))(')')
    DLanguageSpecifiedFunctionBodyImpl(SPECIFIED_FUNCTION_BODY)
      DLanguageBlockStatementImpl(BLOCK_STATEMENT)
        PsiElement(DlangTokenType.{)('{')
        DLanguageDeclarationStatementImpl(DECLARATION_STATEMENT)
          DLanguageSpecifiedVariableDeclarationImpl(VARIABLE_DECLARATION)
            DLanguageBasicTypeImpl(BASIC_TYPE)
              DLanguageBuiltinTypeImpl(BUILTIN_TYPE)
                PsiElement(DlangTokenType.int)('int')
            IDENTIFIER_INITIALIZER
              PsiElement(DlangTokenType.ID)('dieValue')
              PsiElement(DlangTokenType.=)('=')
              DLanguageInitializerImpl(INITIALIZER)
                DLanguageLiteralExpressionImpl(LITERAL_EXPRESSION)
                  PsiElement(DlangTokenType.INTEGER_LITERAL)('1')
            PsiElement(DlangTokenType.;)(';')
        DLanguageFinalSwitchStatementImpl(FINAL_SWITCH_STATEMENT)
          PsiElement(DlangTokenType.final)('final')
          DLanguageSwitchStatementImpl(SWITCH_STATEMENT)
            PsiElement(DlangTokenType.switch)('switch')
            PsiElement(DlangTokenType.()('(')
            DLanguageReferenceExpressionImpl(REFERENCE_EXPRESSION)
              PsiElement(DlangTokenType.ID)('dieValue')
            PsiElement(DlangTokenType.))(')')
            DLanguageBlockStatementImpl(BLOCK_STATEMENT)
              PsiElement(DlangTokenType.{)('{')
              PsiElement(DlangTokenType.case)('case')
              DLanguageArgumentListImpl(ARGUMENT_LIST)
                <empty list>
              PsiErrorElement:Unable to parse this statement
                <empty list>
              PsiElement(DlangTokenType.})('}')
        PsiElement(DlangTokenType.})('}')