D Language File
  DLanguageDeclDefsImpl(DECL_DEFS)
    DLanguageDeclDefImpl(DECL_DEF)
      DLanguageDeclarationImpl(DECLARATION)
        FUNC_DECLARATION
          DLanguageBasicTypeImpl(BASIC_TYPE)
            DLanguageBasicTypeXImpl(BASIC_TYPE_X)
              PsiElement(DLanguageTokenType.void)('void')
          IDENTIFIER
            PsiElement(DLanguageTokenType.ID)('foo')
          DLanguageFuncDeclaratorSuffixImpl(FUNC_DECLARATOR_SUFFIX)
            DLanguageTemplateParametersImpl(TEMPLATE_PARAMETERS)
              PsiElement(DLanguageTokenType.()('(')
              DLanguageTemplateParameterListImpl(TEMPLATE_PARAMETER_LIST)
                DLanguageTemplateParameterImpl(TEMPLATE_PARAMETER)
                  DLanguageTemplateTypeParameterImpl(TEMPLATE_TYPE_PARAMETER)
                    DLanguageTypeImpl(TYPE)
                      DLanguageBasicTypeImpl(BASIC_TYPE)
                        DLanguageIdentifierListImpl(IDENTIFIER_LIST)
                          IDENTIFIER
                            PsiElement(DLanguageTokenType.ID)('T')
              PsiElement(DLanguageTokenType.))(')')
            DLanguageParametersImpl(PARAMETERS)
              PsiElement(DLanguageTokenType.()('(')
              PsiElement(DLanguageTokenType.))(')')
          DLanguageFunctionBodyImpl(FUNCTION_BODY)
            DLanguageBlockStatementImpl(BLOCK_STATEMENT)
              PsiElement(DLanguageTokenType.{)('{')
              PsiElement(DLanguageTokenType.})('}')
    DLanguageDeclDefsImpl(DECL_DEFS)
      DLanguageDeclDefImpl(DECL_DEF)
        DLanguageStaticAssertImpl(STATIC_ASSERT)
          PsiElement(DLanguageTokenType.static)('static')
          PsiElement(DLanguageTokenType.assert)('assert')
          PsiElement(DLanguageTokenType.()('(')
          DLanguageAssignExpressionImpl(ASSIGN_EXPRESSION)
            DLanguageConditionalExpressionImpl(CONDITIONAL_EXPRESSION)
              DLanguageOrOrExpressionImpl(OR_OR_EXPRESSION)
                DLanguageAndAndExpressionImpl(AND_AND_EXPRESSION)
                  DLanguageOrExpressionImpl(OR_EXPRESSION)
                    DLanguageXorExpressionImpl(XOR_EXPRESSION)
                      DLanguageAndExpressionImpl(AND_EXPRESSION)
                        DLanguageShiftExpressionImpl(SHIFT_EXPRESSION)
                          DLanguageAddExpressionImpl(ADD_EXPRESSION)
                            DLanguageMulExpressionImpl(MUL_EXPRESSION)
                              DLanguageUnaryExpressionImpl(UNARY_EXPRESSION)
                                DLanguagePowExpressionImpl(POW_EXPRESSION)
                                  DLanguagePostfixExpressionImpl(POSTFIX_EXPRESSION)
                                    DLanguagePrimaryExpressionImpl(PRIMARY_EXPRESSION)
                                      DLanguageTraitsExpressionImpl(TRAITS_EXPRESSION)
                                        PsiElement(DLanguageTokenType.__traits)('__traits')
                    DLanguageOrExpressionImpl(OR_EXPRESSION)
                      DLanguageXorExpressionImpl(XOR_EXPRESSION)
                        DLanguageAndExpressionImpl(AND_EXPRESSION)
                          DLanguageShiftExpressionImpl(SHIFT_EXPRESSION)
                            DLanguageAddExpressionImpl(ADD_EXPRESSION)
                              DLanguageMulExpressionImpl(MUL_EXPRESSION)
                                DLanguageUnaryExpressionImpl(UNARY_EXPRESSION)
                                  DLanguagePowExpressionImpl(POW_EXPRESSION)
                                    DLanguagePostfixExpressionImpl(POSTFIX_EXPRESSION)
                                      DLanguagePrimaryExpressionImpl(PRIMARY_EXPRESSION)
                                        DLanguageFunctionLiteralImpl(FUNCTION_LITERAL)
                                          DLanguageParameterMemberAttributesImpl(PARAMETER_MEMBER_ATTRIBUTES)
                                            DLanguageParametersImpl(PARAMETERS)
                                              PsiElement(DLanguageTokenType.()('(')
                                              DLanguageParameterListImpl(PARAMETER_LIST)
                                                DLanguageParameterImpl(PARAMETER)
                                                  DLanguageTypeImpl(TYPE)
                                                    DLanguageBasicTypeImpl(BASIC_TYPE)
                                                      DLanguageIdentifierListImpl(IDENTIFIER_LIST)
                                                        IDENTIFIER
                                                          PsiElement(DLanguageTokenType.ID)('isTemplate')
                                                PsiElement(DLanguageTokenType.,)(',')
                                                DLanguageParameterListImpl(PARAMETER_LIST)
                                                  DLanguageParameterImpl(PARAMETER)
                                                    DLanguageTypeImpl(TYPE)
                                                      DLanguageBasicTypeImpl(BASIC_TYPE)
                                                        DLanguageIdentifierListImpl(IDENTIFIER_LIST)
                                                          IDENTIFIER
                                                            PsiElement(DLanguageTokenType.ID)('foo')
                                              PsiElement(DLanguageTokenType.))(')')
          PsiElement(DLanguageTokenType.))(')')
          PsiElement(DLanguageTokenType.;)(';')
      DLanguageDeclDefsImpl(DECL_DEFS)
        DLanguageDeclDefImpl(DECL_DEF)
          DLanguageStaticAssertImpl(STATIC_ASSERT)
            PsiElement(DLanguageTokenType.static)('static')
            PsiElement(DLanguageTokenType.assert)('assert')
            PsiElement(DLanguageTokenType.()('(')
            DLanguageAssignExpressionImpl(ASSIGN_EXPRESSION)
              DLanguageConditionalExpressionImpl(CONDITIONAL_EXPRESSION)
                DLanguageOrOrExpressionImpl(OR_OR_EXPRESSION)
                  DLanguageAndAndExpressionImpl(AND_AND_EXPRESSION)
                    DLanguageOrExpressionImpl(OR_EXPRESSION)
                      DLanguageXorExpressionImpl(XOR_EXPRESSION)
                        DLanguageAndExpressionImpl(AND_EXPRESSION)
                          DLanguageShiftExpressionImpl(SHIFT_EXPRESSION)
                            DLanguageAddExpressionImpl(ADD_EXPRESSION)
                              DLanguageMulExpressionImpl(MUL_EXPRESSION)
                                DLanguageUnaryExpressionImpl(UNARY_EXPRESSION)
                                  PsiElement(DLanguageTokenType.!)('!')
                                  DLanguageUnaryExpressionImpl(UNARY_EXPRESSION)
                                    DLanguagePowExpressionImpl(POW_EXPRESSION)
                                      DLanguagePostfixExpressionImpl(POSTFIX_EXPRESSION)
                                        DLanguagePrimaryExpressionImpl(PRIMARY_EXPRESSION)
                                          DLanguageTraitsExpressionImpl(TRAITS_EXPRESSION)
                                            PsiElement(DLanguageTokenType.__traits)('__traits')
                      DLanguageOrExpressionImpl(OR_EXPRESSION)
                        DLanguageXorExpressionImpl(XOR_EXPRESSION)
                          DLanguageAndExpressionImpl(AND_EXPRESSION)
                            DLanguageShiftExpressionImpl(SHIFT_EXPRESSION)
                              DLanguageAddExpressionImpl(ADD_EXPRESSION)
                                DLanguageMulExpressionImpl(MUL_EXPRESSION)
                                  DLanguageUnaryExpressionImpl(UNARY_EXPRESSION)
                                    DLanguagePowExpressionImpl(POW_EXPRESSION)
                                      DLanguagePostfixExpressionImpl(POSTFIX_EXPRESSION)
                                        DLanguagePrimaryExpressionImpl(PRIMARY_EXPRESSION)
                                          PsiElement(DLanguageTokenType.()('(')
                                          DLanguageExpressionImpl(EXPRESSION)
                                            DLanguageCommaExpressionImpl(COMMA_EXPRESSION)
                                              DLanguageAssignExpressionImpl(ASSIGN_EXPRESSION)
                                                DLanguageConditionalExpressionImpl(CONDITIONAL_EXPRESSION)
                                                  DLanguageOrOrExpressionImpl(OR_OR_EXPRESSION)
                                                    DLanguageAndAndExpressionImpl(AND_AND_EXPRESSION)
                                                      DLanguageOrExpressionImpl(OR_EXPRESSION)
                                                        DLanguageXorExpressionImpl(XOR_EXPRESSION)
                                                          DLanguageAndExpressionImpl(AND_EXPRESSION)
                                                            DLanguageShiftExpressionImpl(SHIFT_EXPRESSION)
                                                              DLanguageAddExpressionImpl(ADD_EXPRESSION)
                                                                DLanguageMulExpressionImpl(MUL_EXPRESSION)
                                                                  DLanguageUnaryExpressionImpl(UNARY_EXPRESSION)
                                                                    DLanguagePowExpressionImpl(POW_EXPRESSION)
                                                                      DLanguagePostfixExpressionImpl(POSTFIX_EXPRESSION)
                                                                        DLanguagePrimaryExpressionImpl(PRIMARY_EXPRESSION)
                                                                          IDENTIFIER
                                                                            PsiElement(DLanguageTokenType.ID)('isTemplate')
                                              PsiElement(DLanguageTokenType.,)(',')
                                              DLanguageCommaExpressionImpl(COMMA_EXPRESSION)
                                                DLanguageAssignExpressionImpl(ASSIGN_EXPRESSION)
                                                  DLanguageConditionalExpressionImpl(CONDITIONAL_EXPRESSION)
                                                    DLanguageOrOrExpressionImpl(OR_OR_EXPRESSION)
                                                      DLanguageAndAndExpressionImpl(AND_AND_EXPRESSION)
                                                        DLanguageOrExpressionImpl(OR_EXPRESSION)
                                                          DLanguageXorExpressionImpl(XOR_EXPRESSION)
                                                            DLanguageAndExpressionImpl(AND_EXPRESSION)
                                                              DLanguageShiftExpressionImpl(SHIFT_EXPRESSION)
                                                                DLanguageAddExpressionImpl(ADD_EXPRESSION)
                                                                  DLanguageMulExpressionImpl(MUL_EXPRESSION)
                                                                    DLanguageUnaryExpressionImpl(UNARY_EXPRESSION)
                                                                      DLanguagePowExpressionImpl(POW_EXPRESSION)
                                                                        DLanguagePostfixExpressionImpl(POSTFIX_EXPRESSION)
                                                                          DLanguagePrimaryExpressionImpl(PRIMARY_EXPRESSION)
                                                                            DLanguageTemplateInstanceImpl(TEMPLATE_INSTANCE)
                                                                              IDENTIFIER
                                                                                PsiElement(DLanguageTokenType.ID)('foo')
                                                                              DLanguageTemplateArgumentsImpl(TEMPLATE_ARGUMENTS)
                                                                                PsiElement(DLanguageTokenType.!)('!')
                                                                                DLanguageTemplateSingleArgumentImpl(TEMPLATE_SINGLE_ARGUMENT)
                                                                                  DLanguageBasicTypeXImpl(BASIC_TYPE_X)
                                                                                    PsiElement(DLanguageTokenType.int)('int')
                                                          DLanguageOrExpressionImpl(OR_EXPRESSION)
                                                            DLanguageXorExpressionImpl(XOR_EXPRESSION)
                                                              DLanguageAndExpressionImpl(AND_EXPRESSION)
                                                                DLanguageShiftExpressionImpl(SHIFT_EXPRESSION)
                                                                  DLanguageAddExpressionImpl(ADD_EXPRESSION)
                                                                    DLanguageMulExpressionImpl(MUL_EXPRESSION)
                                                                      DLanguageUnaryExpressionImpl(UNARY_EXPRESSION)
                                                                        DLanguagePowExpressionImpl(POW_EXPRESSION)
                                                                          DLanguagePostfixExpressionImpl(POSTFIX_EXPRESSION)
                                                                            DLanguagePrimaryExpressionImpl(PRIMARY_EXPRESSION)
                                                                              DLanguageFunctionLiteralImpl(FUNCTION_LITERAL)
                                                                                DLanguageParameterMemberAttributesImpl(PARAMETER_MEMBER_ATTRIBUTES)
                                                                                  DLanguageParametersImpl(PARAMETERS)
                                                                                    PsiElement(DLanguageTokenType.()('(')
                                                                                    PsiElement(DLanguageTokenType.))(')')
                                          PsiElement(DLanguageTokenType.))(')')
            PsiElement(DLanguageTokenType.))(')')
            PsiElement(DLanguageTokenType.;)(';')
        DLanguageDeclDefsImpl(DECL_DEFS)
          DLanguageDeclDefImpl(DECL_DEF)
            DLanguageStaticAssertImpl(STATIC_ASSERT)
              PsiElement(DLanguageTokenType.static)('static')
              PsiElement(DLanguageTokenType.assert)('assert')
              PsiElement(DLanguageTokenType.()('(')
              DLanguageAssignExpressionImpl(ASSIGN_EXPRESSION)
                DLanguageConditionalExpressionImpl(CONDITIONAL_EXPRESSION)
                  DLanguageOrOrExpressionImpl(OR_OR_EXPRESSION)
                    DLanguageAndAndExpressionImpl(AND_AND_EXPRESSION)
                      DLanguageOrExpressionImpl(OR_EXPRESSION)
                        DLanguageXorExpressionImpl(XOR_EXPRESSION)
                          DLanguageAndExpressionImpl(AND_EXPRESSION)
                            DLanguageShiftExpressionImpl(SHIFT_EXPRESSION)
                              DLanguageAddExpressionImpl(ADD_EXPRESSION)
                                DLanguageMulExpressionImpl(MUL_EXPRESSION)
                                  DLanguageUnaryExpressionImpl(UNARY_EXPRESSION)
                                    PsiElement(DLanguageTokenType.!)('!')
                                    DLanguageUnaryExpressionImpl(UNARY_EXPRESSION)
                                      DLanguagePowExpressionImpl(POW_EXPRESSION)
                                        DLanguagePostfixExpressionImpl(POSTFIX_EXPRESSION)
                                          DLanguagePrimaryExpressionImpl(PRIMARY_EXPRESSION)
                                            DLanguageTraitsExpressionImpl(TRAITS_EXPRESSION)
                                              PsiElement(DLanguageTokenType.__traits)('__traits')
                        DLanguageOrExpressionImpl(OR_EXPRESSION)
                          DLanguageXorExpressionImpl(XOR_EXPRESSION)
                            DLanguageAndExpressionImpl(AND_EXPRESSION)
                              DLanguageShiftExpressionImpl(SHIFT_EXPRESSION)
                                DLanguageAddExpressionImpl(ADD_EXPRESSION)
                                  DLanguageMulExpressionImpl(MUL_EXPRESSION)
                                    DLanguageUnaryExpressionImpl(UNARY_EXPRESSION)
                                      DLanguagePowExpressionImpl(POW_EXPRESSION)
                                        DLanguagePostfixExpressionImpl(POSTFIX_EXPRESSION)
                                          DLanguagePrimaryExpressionImpl(PRIMARY_EXPRESSION)
                                            PsiElement(DLanguageTokenType.()('(')
                                            DLanguageExpressionImpl(EXPRESSION)
                                              DLanguageCommaExpressionImpl(COMMA_EXPRESSION)
                                                DLanguageAssignExpressionImpl(ASSIGN_EXPRESSION)
                                                  DLanguageConditionalExpressionImpl(CONDITIONAL_EXPRESSION)
                                                    DLanguageOrOrExpressionImpl(OR_OR_EXPRESSION)
                                                      DLanguageAndAndExpressionImpl(AND_AND_EXPRESSION)
                                                        DLanguageOrExpressionImpl(OR_EXPRESSION)
                                                          DLanguageXorExpressionImpl(XOR_EXPRESSION)
                                                            DLanguageAndExpressionImpl(AND_EXPRESSION)
                                                              DLanguageShiftExpressionImpl(SHIFT_EXPRESSION)
                                                                DLanguageAddExpressionImpl(ADD_EXPRESSION)
                                                                  DLanguageMulExpressionImpl(MUL_EXPRESSION)
                                                                    DLanguageUnaryExpressionImpl(UNARY_EXPRESSION)
                                                                      DLanguagePowExpressionImpl(POW_EXPRESSION)
                                                                        DLanguagePostfixExpressionImpl(POSTFIX_EXPRESSION)
                                                                          DLanguagePrimaryExpressionImpl(PRIMARY_EXPRESSION)
                                                                            IDENTIFIER
                                                                              PsiElement(DLanguageTokenType.ID)('isTemplate')
                                                PsiElement(DLanguageTokenType.,)(',')
                                                DLanguageCommaExpressionImpl(COMMA_EXPRESSION)
                                                  DLanguageAssignExpressionImpl(ASSIGN_EXPRESSION)
                                                    DLanguageConditionalExpressionImpl(CONDITIONAL_EXPRESSION)
                                                      DLanguageOrOrExpressionImpl(OR_OR_EXPRESSION)
                                                        DLanguageAndAndExpressionImpl(AND_AND_EXPRESSION)
                                                          DLanguageOrExpressionImpl(OR_EXPRESSION)
                                                            DLanguageXorExpressionImpl(XOR_EXPRESSION)
                                                              DLanguageAndExpressionImpl(AND_EXPRESSION)
                                                                DLanguageShiftExpressionImpl(SHIFT_EXPRESSION)
                                                                  DLanguageAddExpressionImpl(ADD_EXPRESSION)
                                                                    DLanguageMulExpressionImpl(MUL_EXPRESSION)
                                                                      DLanguageUnaryExpressionImpl(UNARY_EXPRESSION)
                                                                        DLanguagePowExpressionImpl(POW_EXPRESSION)
                                                                          DLanguagePostfixExpressionImpl(POSTFIX_EXPRESSION)
                                                                            DLanguagePrimaryExpressionImpl(PRIMARY_EXPRESSION)
                                                                              DLanguageStringLiteralsImpl(STRING_LITERALS)
                                                                                DLanguageStringLiteralImpl(STRING_LITERAL)
                                                                                  PsiElement(DLanguageTokenType.DOUBLE_QUOTED_STRING)('"string"')
                                            PsiElement(DLanguageTokenType.))(')')
              PsiElement(DLanguageTokenType.))(')')
              PsiElement(DLanguageTokenType.;)(';')
