D Language File
  DLanguageDeclDefsImpl(DECL_DEFS)
    DLanguageDeclDefImpl(DECL_DEF)
      DLanguageDeclarationImpl(DECLARATION)
        DLanguageVarDeclarationsImpl(VAR_DECLARATIONS)
          DLanguageBasicTypeImpl(BASIC_TYPE)
            DLanguageBasicTypeXImpl(BASIC_TYPE_X)
              PsiElement(DLanguageTokenType.int)('int')
          DLanguageDeclaratorsImpl(DECLARATORS)
            DECLARATOR_INITIALIZER
              DLanguageAltDeclaratorImpl(ALT_DECLARATOR)
                PsiElement(DLanguageTokenType.()('(')
                DLanguageAltDeclaratorXImpl(ALT_DECLARATOR_X)
                  DLanguageBasicType2Impl(BASIC_TYPE_2)
                    DLanguageBasicType2XImpl(BASIC_TYPE_2_X)
                      PsiElement(DLanguageTokenType.*)('*')
                  IDENTIFIER
                    PsiElement(DLanguageTokenType.ID)('fp')
                PsiElement(DLanguageTokenType.))(')')
                DLanguageAltFuncDeclaratorSuffixImpl(ALT_FUNC_DECLARATOR_SUFFIX)
                  DLanguageParametersImpl(PARAMETERS)
                    PsiElement(DLanguageTokenType.()('(')
                    DLanguageParameterListImpl(PARAMETER_LIST)
                      DLanguageParameterImpl(PARAMETER)
                        DLanguageTypeImpl(TYPE)
                          DLanguageBasicTypeImpl(BASIC_TYPE)
                            DLanguageBasicTypeXImpl(BASIC_TYPE_X)
                              PsiElement(DLanguageTokenType.int)('int')
                    PsiElement(DLanguageTokenType.))(')')
          PsiElement(DLanguageTokenType.;)(';')
  PsiComment(DLanguageTokenType.LINE_COMMENT)('// fp is pointer to a function')
