DlangTokenType.import ('import')
WHITE_SPACE (' ')
DlangTokenType.ID ('std')
DlangTokenType.. ('.')
DlangTokenType.ID ('stdio')
DlangTokenType.; (';')
WHITE_SPACE ('\n\n')
DlangTokenType.int ('int')
WHITE_SPACE (' ')
DlangTokenType.ID ('main')
DlangTokenType.( ('(')
DlangTokenType.) (')')
WHITE_SPACE ('\n')
DlangTokenType.{ ('{')
WHITE_SPACE ('\n    ')
DlangTokenType.try ('try')
WHITE_SPACE ('\n    ')
DlangTokenType.{ ('{')
WHITE_SPACE ('\n        ')
DlangTokenType.try ('try')
WHITE_SPACE ('\n        ')
DlangTokenType.{ ('{')
WHITE_SPACE ('\n            ')
DlangTokenType.throw ('throw')
WHITE_SPACE (' ')
DlangTokenType.new ('new')
WHITE_SPACE (' ')
DlangTokenType.ID ('Exception')
DlangTokenType.( ('(')
DlangTokenType.DOUBLE_QUOTED_STRING ('"first"')
DlangTokenType.) (')')
DlangTokenType.; (';')
WHITE_SPACE ('\n        ')
DlangTokenType.} ('}')
WHITE_SPACE ('\n        ')
DlangTokenType.finally ('finally')
WHITE_SPACE ('\n        ')
DlangTokenType.{ ('{')
WHITE_SPACE ('\n            ')
DlangTokenType.ID ('writeln')
DlangTokenType.( ('(')
DlangTokenType.DOUBLE_QUOTED_STRING ('"finally"')
DlangTokenType.) (')')
DlangTokenType.; (';')
WHITE_SPACE ('\n            ')
DlangTokenType.throw ('throw')
WHITE_SPACE (' ')
DlangTokenType.new ('new')
WHITE_SPACE (' ')
DlangTokenType.ID ('Exception')
DlangTokenType.( ('(')
DlangTokenType.DOUBLE_QUOTED_STRING ('"second"')
DlangTokenType.) (')')
DlangTokenType.; (';')
WHITE_SPACE ('\n        ')
DlangTokenType.} ('}')
WHITE_SPACE ('\n    ')
DlangTokenType.} ('}')
WHITE_SPACE ('\n    ')
DlangTokenType.catch ('catch')
WHITE_SPACE (' ')
DlangTokenType.( ('(')
DlangTokenType.ID ('Exception')
WHITE_SPACE (' ')
DlangTokenType.ID ('e')
DlangTokenType.) (')')
WHITE_SPACE ('\n    ')
DlangTokenType.{ ('{')
WHITE_SPACE ('\n        ')
DlangTokenType.ID ('writefln')
DlangTokenType.( ('(')
DlangTokenType.DOUBLE_QUOTED_STRING ('"catch %s"')
DlangTokenType., (',')
WHITE_SPACE (' ')
DlangTokenType.ID ('e')
DlangTokenType.. ('.')
DlangTokenType.ID ('msg')
DlangTokenType.) (')')
DlangTokenType.; (';')
WHITE_SPACE ('\n    ')
DlangTokenType.} ('}')
WHITE_SPACE ('\n    ')
DlangTokenType.ID ('writeln')
DlangTokenType.( ('(')
DlangTokenType.DOUBLE_QUOTED_STRING ('"done"')
DlangTokenType.) (')')
DlangTokenType.; (';')
WHITE_SPACE ('\n    ')
DlangTokenType.return ('return')
WHITE_SPACE (' ')
DlangTokenType.INTEGER_LITERAL ('0')
DlangTokenType.; (';')
WHITE_SPACE ('\n')
DlangTokenType.} ('}')