DlangTokenType.ID ('string')
WHITE_SPACE (' ')
DlangTokenType.ID ('thing')
WHITE_SPACE (' ')
DlangTokenType.= ('=')
WHITE_SPACE (' ')
DlangTokenType.TOKEN_STRING ('q{int valid_token; void foo(){return;}}')
DlangTokenType.; (';')
WHITE_SPACE ('\n\n')
DlangTokenType.enum ('enum')
WHITE_SPACE (' ')
DlangTokenType.ID ('pretty')
WHITE_SPACE (' ')
DlangTokenType.= ('=')
WHITE_SPACE (' ')
DlangTokenType.TOKEN_STRING ('q{\n       import std.stdio;\n       void main() {\n           writeln("Hello");\n       }\n    }')
DlangTokenType.. ('.')
DlangTokenType.ID ('outdent')
DlangTokenType.( ('(')
DlangTokenType.) (')')
DlangTokenType.; (';')
WHITE_SPACE ('\n\n    ')
DlangTokenType.enum ('enum')
WHITE_SPACE (' ')
DlangTokenType.ID ('ugly')
WHITE_SPACE (' ')
DlangTokenType.= ('=')
WHITE_SPACE (' ')