DlangTokenType.NESTING_BLOCK_DOC ('/++ And this. +/')
WHITE_SPACE ('\n\n')
DlangTokenType.LINE_COMMENT ('// transition line comment')
WHITE_SPACE ('\n')
DlangTokenType.NESTING_BLOCK_DOC ('/++ first level\n// in block\n/++ second level +/\n+/')
WHITE_SPACE ('\n')
DlangTokenType.LINE_COMMENT ('// transition line comment')
WHITE_SPACE ('\n\n')
DlangTokenType.NESTING_BLOCK_DOC ('/+++/')
WHITE_SPACE ('\n')
DlangTokenType.LINE_COMMENT ('// transition line comment')