DlangTokenType.NESTING_BLOCK_COMMENT ('/+\n hello\n +/')
WHITE_SPACE ('\n\n')
DlangTokenType.LINE_COMMENT ('// transition line comment')
WHITE_SPACE ('\n')
DlangTokenType.NESTING_BLOCK_COMMENT ('/++/')
WHITE_SPACE ('\n\n')
DlangTokenType.NESTING_BLOCK_COMMENT ('/+ Fist level\n/+ Second level +/\n// Still in block\n+/')
WHITE_SPACE ('\n')
DlangTokenType.LINE_COMMENT ('// transition line comment')