DlangTokenType.import ('import')
WHITE_SPACE (' ')
DlangTokenType.ID ('std')
DlangTokenType.. ('.')
DlangTokenType.ID ('stdio')
DlangTokenType.; (';')
WHITE_SPACE ('\n\n')
DlangTokenType.void ('void')
WHITE_SPACE (' ')
DlangTokenType.ID ('main')
DlangTokenType.( ('(')
DlangTokenType.) (')')
DlangTokenType.{ ('{')
WHITE_SPACE ('\n')
WHITE_SPACE ('  ')
DlangTokenType.int ('int')
WHITE_SPACE (' ')
DlangTokenType.ID ('i')
DlangTokenType.; (';')
WHITE_SPACE ('\n')
WHITE_SPACE ('  ')
DlangTokenType.bool ('bool')
WHITE_SPACE (' ')
DlangTokenType.ID ('result')
WHITE_SPACE (' ')
DlangTokenType.= ('=')
WHITE_SPACE (' ')
DlangTokenType.__traits ('__traits')
DlangTokenType.( ('(')
DlangTokenType.ID ('isArithmetic')
DlangTokenType., (',')
WHITE_SPACE (' ')
DlangTokenType.int ('int')
DlangTokenType.) (')')
DlangTokenType.; (';')
WHITE_SPACE ('\n')
DlangTokenType.} ('}')
