DlangTokenType.class ('class')
WHITE_SPACE (' ')
DlangTokenType.ID ('Foo')
WHITE_SPACE ('\n')
DlangTokenType.{ ('{')
WHITE_SPACE ('\n')
WHITE_SPACE ('    ')
DlangTokenType.int ('int')
WHITE_SPACE (' ')
DlangTokenType.ID ('a')
DlangTokenType., (',')
WHITE_SPACE (' ')
DlangTokenType.ID ('b')
DlangTokenType.; (';')
WHITE_SPACE ('\n')
DlangTokenType.debug ('debug')
DlangTokenType.: (':')
WHITE_SPACE ('\n')
WHITE_SPACE ('    ')
DlangTokenType.int ('int')
WHITE_SPACE (' ')
DlangTokenType.ID ('flag')
DlangTokenType.; (';')
WHITE_SPACE ('\n')
DlangTokenType.} ('}')