DlangTokenType.import ('import')
WHITE_SPACE (' ')
DlangTokenType.ID ('std')
DlangTokenType.. ('.')
DlangTokenType.ID ('stdio')
DlangTokenType.; (';')
WHITE_SPACE ('\n\n')
DlangTokenType.void ('void')
WHITE_SPACE (' ')
DlangTokenType.ID ('main')
DlangTokenType.( ('(')
DlangTokenType.) (')')
DlangTokenType.{ ('{')
WHITE_SPACE ('\n')
WHITE_SPACE ('  ')
DlangTokenType.switch ('switch')
WHITE_SPACE (' ')
DlangTokenType.( ('(')
DlangTokenType.ID ('x')
DlangTokenType.) (')')
WHITE_SPACE ('\n')
WHITE_SPACE ('  ')
DlangTokenType.{ ('{')
WHITE_SPACE ('\n')
WHITE_SPACE ('      ')
DlangTokenType.case ('case')
WHITE_SPACE (' ')
DlangTokenType.INTEGER_LITERAL ('3')
DlangTokenType.: (':')
WHITE_SPACE ('\n')
WHITE_SPACE ('          ')
DlangTokenType.goto ('goto')
WHITE_SPACE (' ')
DlangTokenType.case ('case')
DlangTokenType.; (';')
WHITE_SPACE ('\n')
WHITE_SPACE ('      ')
DlangTokenType.case ('case')
WHITE_SPACE (' ')
DlangTokenType.INTEGER_LITERAL ('4')
DlangTokenType.: (':')
WHITE_SPACE ('\n')
WHITE_SPACE ('          ')
DlangTokenType.goto ('goto')
WHITE_SPACE (' ')
DlangTokenType.default ('default')
DlangTokenType.; (';')
WHITE_SPACE ('\n')
WHITE_SPACE ('      ')
DlangTokenType.case ('case')
WHITE_SPACE (' ')
DlangTokenType.INTEGER_LITERAL ('5')
DlangTokenType.: (':')
WHITE_SPACE ('\n')
WHITE_SPACE ('          ')
DlangTokenType.goto ('goto')
WHITE_SPACE (' ')
DlangTokenType.case ('case')
WHITE_SPACE (' ')
DlangTokenType.INTEGER_LITERAL ('4')
DlangTokenType.; (';')
WHITE_SPACE ('\n')
WHITE_SPACE ('      ')
DlangTokenType.default ('default')
DlangTokenType.: (':')
WHITE_SPACE ('\n')
WHITE_SPACE ('          ')
DlangTokenType.ID ('x')
WHITE_SPACE (' ')
DlangTokenType.= ('=')
WHITE_SPACE (' ')
DlangTokenType.INTEGER_LITERAL ('4')
DlangTokenType.; (';')
WHITE_SPACE ('\n')
WHITE_SPACE ('          ')
DlangTokenType.break ('break')
DlangTokenType.; (';')
WHITE_SPACE ('\n')
WHITE_SPACE ('  ')
DlangTokenType.} ('}')
WHITE_SPACE ('\n')
DlangTokenType.} ('}')
