DlangTokenType.import ('import')
WHITE_SPACE (' ')
DlangTokenType.ID ('std')
DlangTokenType.. ('.')
DlangTokenType.ID ('stdio')
DlangTokenType.; (';')
WHITE_SPACE ('\n\n')
DlangTokenType.void ('void')
WHITE_SPACE (' ')
DlangTokenType.ID ('main')
DlangTokenType.( ('(')
DlangTokenType.) (')')
DlangTokenType.{ ('{')
WHITE_SPACE ('\n  ')
DlangTokenType.float ('float')
WHITE_SPACE (' ')
DlangTokenType.ID ('a')
WHITE_SPACE (' ')
DlangTokenType.= ('=')
WHITE_SPACE (' ')
DlangTokenType.INTEGER_LITERAL ('0x1')
DlangTokenType.. ('.')
DlangTokenType.ID ('f')
DlangTokenType.; (';')
WHITE_SPACE ('\n')
DlangTokenType.} ('}')