DlangTokenType.throw ('throw')
WHITE_SPACE (' ')
DlangTokenType.new ('new')
WHITE_SPACE (' ')
DlangTokenType.ID ('Exception')
DlangTokenType.( ('(')
DlangTokenType.DOUBLE_QUOTED_STRING ('"message"')
DlangTokenType.) (')')
DlangTokenType.; (';')