KEYWORD ('import')
WHITE_SPACE (' ')
DlangTokenType.ID ('std')
DOT ('.')
DlangTokenType.ID ('stdio')
COMMA (',')
DlangTokenType.ID ('std')
DOT ('.')
DlangTokenType.ID ('range')
SEMICOLON (';')
WHITE_SPACE ('\n')
KEYWORD ('import')
WHITE_SPACE (' ')
DlangTokenType.ID ('std')
DOT ('.')
DlangTokenType.ID ('algorithm')
SEMICOLON (';')