KEYWORD ('import')
WHITE_SPACE (' ')
DlangTokenType.ID ('std')
DOT ('.')
DlangTokenType.ID ('stdio')
SEMICOLON (';')
WHITE_SPACE ('\n\n')
KEYWORD ('void')
WHITE_SPACE (' ')
DlangTokenType.ID ('main')
PARENTHESES_LEFT ('(')
PARENTHESES_RIGHT (')')
BRACES_LEFT ('{')
WHITE_SPACE ('\n')
WHITE_SPACE ('  ')
NUMBER ('1')
WHITE_SPACE (' ')
OPERATOR ('&=')
WHITE_SPACE (' ')
NUMBER ('2')
SEMICOLON (';')
WHITE_SPACE ('\n')
BRACES_RIGHT ('}')