D Language File
  DLanguageDeclarationImpl(DECLARATION)
    UNITTEST
      UNITTEST
        PsiElement(DlangTokenType.unittest)('unittest')
        DLanguageBlockStatementImpl(BLOCK_STATEMENT)
          PsiElement(DlangTokenType.{)('{')
          DLanguageDeclarationsAndStatementsImpl(DECLARATIONS_AND_STATEMENTS)
            DLanguageDeclarationOrStatementImpl(DECLARATION_OR_STATEMENT)
              DLanguageStatementImpl(STATEMENT)
                DLanguageStatementNoCaseNoDefaultImpl(STATEMENT_NO_CASE_NO_DEFAULT)
                  DLanguageWithStatementImpl(WITH_STATEMENT)
                    DLanguageWithStatementImpl(WITH_STATEMENT)
                      PsiElement(DlangTokenType.with)('with')
                      PsiElement(DlangTokenType.()('(')
                      DLanguageExpressionImpl(EXPRESSION)
                        DLanguageAssignExpressionImpl(ASSIGN_EXPRESSION)
                          DLanguageCmpExpressionImpl(CMP_EXPRESSION)
                            DLanguageUnaryExpressionImpl(UNARY_EXPRESSION)
                              DLanguagePrimaryExpressionImpl(PRIMARY_EXPRESSION)
                                DLanguageIdentifierOrTemplateInstanceImpl(IDENTIFIER_OR_TEMPLATE_INSTANCE)
                                  IDENTIFIER
                                    PsiElement(DlangTokenType.ID)('expression')
                      PsiElement(DlangTokenType.))(')')
                      DLanguageDeclarationOrStatementImpl(DECLARATION_OR_STATEMENT)
                        DLanguageStatementImpl(STATEMENT)
                          DLanguageStatementNoCaseNoDefaultImpl(STATEMENT_NO_CASE_NO_DEFAULT)
                            DLanguageBlockStatementImpl(BLOCK_STATEMENT)
                              PsiElement(DlangTokenType.{)('{')
                              DLanguageDeclarationsAndStatementsImpl(DECLARATIONS_AND_STATEMENTS)
                                DLanguageDeclarationOrStatementImpl(DECLARATION_OR_STATEMENT)
                                  DLanguageStatementImpl(STATEMENT)
                                    DLanguageStatementNoCaseNoDefaultImpl(STATEMENT_NO_CASE_NO_DEFAULT)
                                      DLanguageExpressionStatementImpl(EXPRESSION_STATEMENT)
                                        DLanguageExpressionImpl(EXPRESSION)
                                          DLanguageAssignExpressionImpl(ASSIGN_EXPRESSION)
                                            DLanguageCmpExpressionImpl(CMP_EXPRESSION)
                                              DLanguageUnaryExpressionImpl(UNARY_EXPRESSION)
                                                DLanguagePrimaryExpressionImpl(PRIMARY_EXPRESSION)
                                                  DLanguageIdentifierOrTemplateInstanceImpl(IDENTIFIER_OR_TEMPLATE_INSTANCE)
                                                    IDENTIFIER
                                                      PsiElement(DlangTokenType.ID)('ident')
                                        PsiElement(DlangTokenType.;)(';')
                              PsiElement(DlangTokenType.})('}')
            DLanguageDeclarationOrStatementImpl(DECLARATION_OR_STATEMENT)
              DLanguageDeclarationImpl(DECLARATION)
                STRUCT_DECLARATION
                  PsiElement(DlangTokenType.struct)('struct')
                  IDENTIFIER
                    PsiElement(DlangTokenType.ID)('Foo')
                  DLanguageStructBodyImpl(STRUCT_BODY)
                    PsiElement(DlangTokenType.{)('{')
                    DLanguageDeclarationImpl(DECLARATION)
                      DLanguageAliasDeclarationImpl(ALIAS_DECLARATION)
                        PsiElement(DlangTokenType.alias)('alias')
                        ALIAS_INITIALIZER
                          IDENTIFIER
                            PsiElement(DlangTokenType.ID)('Y')
                          PsiElement(DlangTokenType.=)('=')
                          DLanguageTypeImpl(TYPE)
                            DLanguageType_2Impl(TYPE_2)
                              DLanguageBuiltinTypeImpl(BUILTIN_TYPE)
                                PsiElement(DlangTokenType.int)('int')
                        PsiElement(DlangTokenType.;)(';')
                    PsiElement(DlangTokenType.})('}')
            DLanguageDeclarationOrStatementImpl(DECLARATION_OR_STATEMENT)
              DLanguageDeclarationImpl(DECLARATION)
                DLanguageVariableDeclarationImpl(VARIABLE_DECLARATION)
                  DLanguageTypeImpl(TYPE)
                    DLanguageType_2Impl(TYPE_2)
                      DLanguageTypeIdentifierPartImpl(TYPE_IDENTIFIER_PART)
                        DLanguageIdentifierOrTemplateInstanceImpl(IDENTIFIER_OR_TEMPLATE_INSTANCE)
                          IDENTIFIER
                            PsiElement(DlangTokenType.ID)('Y')
                  DECLARATOR
                    IDENTIFIER
                      PsiElement(DlangTokenType.ID)('y')
                  PsiElement(DlangTokenType.;)(';')
                PsiComment(DlangTokenType.LINE_COMMENT)('// error, Y undefined')
            DLanguageDeclarationOrStatementImpl(DECLARATION_OR_STATEMENT)
              DLanguageStatementImpl(STATEMENT)
                DLanguageStatementNoCaseNoDefaultImpl(STATEMENT_NO_CASE_NO_DEFAULT)
                  DLanguageWithStatementImpl(WITH_STATEMENT)
                    DLanguageWithStatementImpl(WITH_STATEMENT)
                      PsiElement(DlangTokenType.with)('with')
                      PsiElement(DlangTokenType.()('(')
                      DLanguageExpressionImpl(EXPRESSION)
                        DLanguageAssignExpressionImpl(ASSIGN_EXPRESSION)
                          DLanguageCmpExpressionImpl(CMP_EXPRESSION)
                            DLanguageUnaryExpressionImpl(UNARY_EXPRESSION)
                              DLanguagePrimaryExpressionImpl(PRIMARY_EXPRESSION)
                                DLanguageIdentifierOrTemplateInstanceImpl(IDENTIFIER_OR_TEMPLATE_INSTANCE)
                                  IDENTIFIER
                                    PsiElement(DlangTokenType.ID)('Foo')
                      PsiElement(DlangTokenType.))(')')
                      DLanguageDeclarationOrStatementImpl(DECLARATION_OR_STATEMENT)
                        DLanguageStatementImpl(STATEMENT)
                          DLanguageStatementNoCaseNoDefaultImpl(STATEMENT_NO_CASE_NO_DEFAULT)
                            DLanguageBlockStatementImpl(BLOCK_STATEMENT)
                              PsiElement(DlangTokenType.{)('{')
                              DLanguageDeclarationsAndStatementsImpl(DECLARATIONS_AND_STATEMENTS)
                                DLanguageDeclarationOrStatementImpl(DECLARATION_OR_STATEMENT)
                                  DLanguageDeclarationImpl(DECLARATION)
                                    DLanguageVariableDeclarationImpl(VARIABLE_DECLARATION)
                                      DLanguageTypeImpl(TYPE)
                                        DLanguageType_2Impl(TYPE_2)
                                          DLanguageTypeIdentifierPartImpl(TYPE_IDENTIFIER_PART)
                                            DLanguageIdentifierOrTemplateInstanceImpl(IDENTIFIER_OR_TEMPLATE_INSTANCE)
                                              IDENTIFIER
                                                PsiElement(DlangTokenType.ID)('Y')
                                      DECLARATOR
                                        IDENTIFIER
                                          PsiElement(DlangTokenType.ID)('y')
                                      PsiElement(DlangTokenType.;)(';')
                                    PsiComment(DlangTokenType.LINE_COMMENT)('// same as Foo.Y y;')
                              PsiElement(DlangTokenType.})('}')
            DLanguageDeclarationOrStatementImpl(DECLARATION_OR_STATEMENT)
              DLanguageDeclarationImpl(DECLARATION)
                STRUCT_DECLARATION
                  PsiElement(DlangTokenType.struct)('struct')
                  IDENTIFIER
                    PsiElement(DlangTokenType.ID)('S')
                  DLanguageStructBodyImpl(STRUCT_BODY)
                    PsiElement(DlangTokenType.{)('{')
                    DLanguageDeclarationImpl(DECLARATION)
                      DLanguageVariableDeclarationImpl(VARIABLE_DECLARATION)
                        DLanguageTypeImpl(TYPE)
                          DLanguageType_2Impl(TYPE_2)
                            DLanguageBuiltinTypeImpl(BUILTIN_TYPE)
                              PsiElement(DlangTokenType.float)('float')
                        DECLARATOR
                          IDENTIFIER
                            PsiElement(DlangTokenType.ID)('x')
                        PsiElement(DlangTokenType.;)(';')
                    PsiElement(DlangTokenType.})('}')
            DLanguageDeclarationOrStatementImpl(DECLARATION_OR_STATEMENT)
              DLanguageDeclarationImpl(DECLARATION)
                FUNCTION_DECLARATION
                  DLanguageTypeImpl(TYPE)
                    DLanguageType_2Impl(TYPE_2)
                      DLanguageBuiltinTypeImpl(BUILTIN_TYPE)
                        PsiElement(DlangTokenType.void)('void')
                  IDENTIFIER
                    PsiElement(DlangTokenType.ID)('main')
                  DLanguageParametersImpl(PARAMETERS)
                    PsiElement(DlangTokenType.()('(')
                    PsiElement(DlangTokenType.))(')')
                  DLanguageFunctionBodyImpl(FUNCTION_BODY)
                    DLanguageSpecifiedFunctionBodyImpl(SPECIFIED_FUNCTION_BODY)
                      DLanguageBlockStatementImpl(BLOCK_STATEMENT)
                        PsiElement(DlangTokenType.{)('{')
                        DLanguageDeclarationsAndStatementsImpl(DECLARATIONS_AND_STATEMENTS)
                          DLanguageDeclarationOrStatementImpl(DECLARATION_OR_STATEMENT)
                            DLanguageDeclarationImpl(DECLARATION)
                              DLanguageVariableDeclarationImpl(VARIABLE_DECLARATION)
                                DLanguageTypeImpl(TYPE)
                                  DLanguageType_2Impl(TYPE_2)
                                    DLanguageBuiltinTypeImpl(BUILTIN_TYPE)
                                      PsiElement(DlangTokenType.int)('int')
                                DECLARATOR
                                  IDENTIFIER
                                    PsiElement(DlangTokenType.ID)('x')
                                PsiElement(DlangTokenType.;)(';')
                          DLanguageDeclarationOrStatementImpl(DECLARATION_OR_STATEMENT)
                            DLanguageDeclarationImpl(DECLARATION)
                              DLanguageVariableDeclarationImpl(VARIABLE_DECLARATION)
                                DLanguageTypeImpl(TYPE)
                                  DLanguageType_2Impl(TYPE_2)
                                    DLanguageTypeIdentifierPartImpl(TYPE_IDENTIFIER_PART)
                                      DLanguageIdentifierOrTemplateInstanceImpl(IDENTIFIER_OR_TEMPLATE_INSTANCE)
                                        IDENTIFIER
                                          PsiElement(DlangTokenType.ID)('S')
                                DECLARATOR
                                  IDENTIFIER
                                    PsiElement(DlangTokenType.ID)('s')
                                PsiElement(DlangTokenType.;)(';')
                          DLanguageDeclarationOrStatementImpl(DECLARATION_OR_STATEMENT)
                            DLanguageStatementImpl(STATEMENT)
                              DLanguageStatementNoCaseNoDefaultImpl(STATEMENT_NO_CASE_NO_DEFAULT)
                                DLanguageWithStatementImpl(WITH_STATEMENT)
                                  DLanguageWithStatementImpl(WITH_STATEMENT)
                                    PsiElement(DlangTokenType.with)('with')
                                    PsiElement(DlangTokenType.()('(')
                                    DLanguageExpressionImpl(EXPRESSION)
                                      DLanguageAssignExpressionImpl(ASSIGN_EXPRESSION)
                                        DLanguageCmpExpressionImpl(CMP_EXPRESSION)
                                          DLanguageUnaryExpressionImpl(UNARY_EXPRESSION)
                                            DLanguagePrimaryExpressionImpl(PRIMARY_EXPRESSION)
                                              DLanguageIdentifierOrTemplateInstanceImpl(IDENTIFIER_OR_TEMPLATE_INSTANCE)
                                                IDENTIFIER
                                                  PsiElement(DlangTokenType.ID)('s')
                                    PsiElement(DlangTokenType.))(')')
                                    DLanguageDeclarationOrStatementImpl(DECLARATION_OR_STATEMENT)
                                      DLanguageStatementImpl(STATEMENT)
                                        DLanguageStatementNoCaseNoDefaultImpl(STATEMENT_NO_CASE_NO_DEFAULT)
                                          DLanguageBlockStatementImpl(BLOCK_STATEMENT)
                                            PsiElement(DlangTokenType.{)('{')
                                            DLanguageDeclarationsAndStatementsImpl(DECLARATIONS_AND_STATEMENTS)
                                              DLanguageDeclarationOrStatementImpl(DECLARATION_OR_STATEMENT)
                                                DLanguageStatementImpl(STATEMENT)
                                                  DLanguageStatementNoCaseNoDefaultImpl(STATEMENT_NO_CASE_NO_DEFAULT)
                                                    DLanguageExpressionStatementImpl(EXPRESSION_STATEMENT)
                                                      DLanguageExpressionImpl(EXPRESSION)
                                                        DLanguageAssignExpressionImpl(ASSIGN_EXPRESSION)
                                                          DLanguageCmpExpressionImpl(CMP_EXPRESSION)
                                                            DLanguageUnaryExpressionImpl(UNARY_EXPRESSION)
                                                              DLanguagePrimaryExpressionImpl(PRIMARY_EXPRESSION)
                                                                DLanguageIdentifierOrTemplateInstanceImpl(IDENTIFIER_OR_TEMPLATE_INSTANCE)
                                                                  IDENTIFIER
                                                                    PsiElement(DlangTokenType.ID)('x')
                                                              PsiElement(DlangTokenType.++)('++')
                                                      PsiElement(DlangTokenType.;)(';')
                                            PsiComment(DlangTokenType.LINE_COMMENT)('// error, shadows the int x declaration')
                                            PsiElement(DlangTokenType.})('}')
                        PsiElement(DlangTokenType.})('}')
          PsiElement(DlangTokenType.})('}')