D Language File
  PsiComment(DlangTokenType.LINE_COMMENT)('//no longer valid according to dmd:')
  PsiComment(DlangTokenType.LINE_COMMENT)('//int (*fp)(int);  // fp is pointer to a function')